<html>
<body>
<pre>
<h1>µVision Build Log</h1>
<h2>Tool Versions:</h2>
IDE-Version: ¦ÌVision V5.36.0.0
Copyright (C) 2021 ARM Ltd and ARM Germany GmbH. All rights reserved.
License Information: 1 1, 1, LIC=14HV2-90P2T-EVL1R-KWXB5-42UWZ-6FLW6
 
Tool Versions:
Toolchain:       MDK-ARM Plus  Version: 5.36.0.0
Toolchain Path:  C:\Keil_v5\ARM\ARMCLANG\Bin
C Compiler:      ArmClang.exe V6.16
Assembler:       Armasm.exe V6.16
Linker/Locator:  ArmLink.exe V6.16
Library Manager: ArmAr.exe V6.16
Hex Converter:   FromElf.exe V6.16
CPU DLL:         SARMCM3.DLL V5.36.0.0
Dialog DLL:      DCM.DLL V1.17.3.0
Target DLL:      STLink\ST-LINKIII-KEIL_SWO.dll V3.0.9.0
Dialog DLL:      TCM.DLL V1.53.0.0
 
<h2>Project:</h2>
C:\Users\guoti\Desktop\hc32f460jeta_template\app\MDK\hc32f460jeta.uvprojx
Project File Date:  03/09/2025

<h2>Output:</h2>
*** Using Compiler 'V6.16', folder: 'C:\Keil_v5\ARM\ARMCLANG\Bin'
Build target 'hc32f460jeta_Debug'
assembling startup_hc32f460.s...
compiling hc32_ll_cmp.c...
compiling system_hc32f460.c...
compiling hc32_ll_can.c...
compiling hc32_ll_aes.c...
compiling main.cpp...
compiling hc32_ll.c...
compiling hc32_ll_aos.c...
compiling ev_hc32f460_lqfp100_v2.c...
compiling hc32_ll_dbgc.c...
compiling hc32_ll_dcu.c...
compiling hc32_ll_adc.c...
compiling hc32_ll_emb.c...
compiling hc32_ll_event_port.c...
compiling hc32_ll_crc.c...
compiling hc32_ll_fcg.c...
compiling hc32_ll_clk.c...
compiling hc32_ll_fcm.c...
compiling hc32_ll_hash.c...
compiling hc32_ll_i2c.c...
compiling hc32_ll_i2s.c...
compiling hc32_ll_icg.c...
compiling hc32_ll_keyscan.c...
compiling hc32_ll_mpu.c...
compiling hc32_ll_efm.c...
compiling hc32_ll_gpio.c...
compiling hc32_ll_dma.c...
compiling hc32_ll_ots.c...
compiling hc32_ll_qspi.c...
compiling hc32_ll_rmu.c...
compiling hc32_ll_rtc.c...
compiling hc32_ll_sdioc.c...
compiling hc32_ll_swdt.c...
compiling hc32_ll_tmr0.c...
compiling hc32_ll_interrupts.c...
compiling hc32_ll_tmr4.c...
compiling hc32_ll_tmr6.c...
compiling hc32_ll_sram.c...
compiling hc32_ll_tmra.c...
compiling hc32_ll_trng.c...
compiling hc32_ll_pwc.c...
compiling hc32_ll_spi.c...
compiling hc32_ll_utility.c...
compiling hc32_ll_wdt.c...
compiling hc32f460_ll_interrupts_share.c...
compiling MillisTaskManager.cpp...
compiling hc32_ll_usart.c...
linking...
Program Size: Code=14566 RO-data=1030 RW-data=136 ZI-data=17160  
FromELF: creating hex file...
".\output\debug\hc32f460jeta.axf" - 0 Error(s), 0 Warning(s).

<h2>Software Packages used:</h2>

Package Vendor: ARM
                http://www.keil.com/pack/ARM.CMSIS.5.8.0.pack
                ARM.CMSIS.5.8.0
                CMSIS (Common Microcontroller Software Interface Standard)
   * Component: CORE Version: 5.5.0

Package Vendor: HDSC
                https://raw.githubusercontent.com/hdscmcu/pack/master/HDSC.HC32F460.1.0.12.pack
                HDSC.HC32F460.1.0.12
                HC32F460 ARM Cortex-M4 Device Family Pack

<h2>Collection of Component include folders:</h2>
  .\RTE\_hc32f460jeta_Debug
  C:\Users\guoti\AppData\Local\Arm\Packs\ARM\CMSIS\5.8.0\CMSIS\Core\Include
  C:\Users\guoti\AppData\Local\Arm\Packs\HDSC\HC32F460\1.0.12\Device\Include

<h2>Collection of Component Files used:</h2>

   * Component: ARM::CMSIS:CORE:5.5.0
Build Time Elapsed:  00:00:01
</pre>
</body>
</html>
