<html>
<body>
<pre>
<h1>µVision Build Log</h1>
<h2>Tool Versions:</h2>
IDE-Version: ¦ÌVision V5.36.0.0
Copyright (C) 2021 ARM Ltd and ARM Germany GmbH. All rights reserved.
License Information: 1 1, 1, LIC=SDA0P-MWAIC-IIN5V-PJ1H3-HME39-XY9GL
 
Tool Versions:
Toolchain:       MDK-ARM Plus  Version: 5.36.0.0
Toolchain Path:  C:\Keil_v5\ARM\ARMCLANG\Bin
C Compiler:      ArmClang.exe V6.16
Assembler:       Armasm.exe V6.16
Linker/Locator:  ArmLink.exe V6.16
Library Manager: ArmAr.exe V6.16
Hex Converter:   FromElf.exe V6.16
CPU DLL:         SARMCM3.DLL V5.36.0.0
Dialog DLL:      DCM.DLL V1.17.3.0
Target DLL:      STLink\ST-LINKIII-KEIL_SWO.dll V3.0.9.0
Dialog DLL:      TCM.DLL V1.53.0.0
 
<h2>Project:</h2>
C:\Users\guoti\Desktop\HC32\HC32-MDK\app\MDK\hc32f460jeta.uvprojx
Project File Date:  05/01/2025

<h2>Output:</h2>
*** Using Compiler 'V6.16', folder: 'C:\Keil_v5\ARM\ARMCLANG\Bin'
Build target 'hc32f460jeta_Debug'
compiling main.cpp...
linking...
Program Size: Code=37052 RO-data=2368 RW-data=268 ZI-data=19460  
FromELF: creating hex file...
After Build - User command #2: fromelf --bin -o "C:\Users\guoti\Desktop\HC32\HC32-MDK\app\MDK\output\debug\hc32f460jeta.bin" "C:\Users\guoti\Desktop\HC32\HC32-MDK\app\MDK\output\debug\hc32f460jeta.axf
".\output\debug\hc32f460jeta.axf" - 0 Error(s), 0 Warning(s).

<h2>Software Packages used:</h2>

Package Vendor: HDSC
                https://raw.githubusercontent.com/hdscmcu/pack/master/HDSC.HC32F460.1.0.12.pack
                HDSC.HC32F460.1.0.12
                HC32F460 ARM Cortex-M4 Device Family Pack

<h2>Collection of Component include folders:</h2>
  C:\Users\guoti\AppData\Local\Arm\Packs\HDSC\HC32F460\1.0.12\Device\Include

<h2>Collection of Component Files used:</h2>
Build Time Elapsed:  00:00:01
</pre>
</body>
</html>
