Component: ARM Compiler 6.16 Tool: armlink [5dfeaa00]

==============================================================================

Section Cross References

    main.o(.text.__cxx_global_var_init) refers to main.o(.bss.task) for task
    main.o(.text.__cxx_global_var_init) refers to millistaskmanager.o(.text._ZN17MillisTaskManagerC2Eb) for MillisTaskManager::MillisTaskManager(bool)
    main.o(.text.__cxx_global_var_init) refers to millistaskmanager.o(.text._ZN17MillisTaskManagerD2Ev) for MillisTaskManager::~MillisTaskManager()
    main.o(.text.__cxx_global_var_init) refers to cxa_atexit.o(.text) for __cxa_atexit
    main.o(.ARM.exidx.text.__cxx_global_var_init) refers to main.o(.text.__cxx_global_var_init) for [Anonymous Symbol]
    main.o(.text.main) refers to hc32_ll.o(.text.LL_PERIPH_WE) for LL_PERIPH_WE
    main.o(.text.main) refers to sysclock.o(.text._Z10clock_initv) for clock_init()
    main.o(.text.main) refers to systick.o(.text.systick_init) for systick_init
    main.o(.text.main) refers to wiring_digital.o(.text.pinMode) for pinMode
    main.o(.text.main) refers to hardwarei2c.o(.text._Z16Slave_Initializev) for Slave_Initialize()
    main.o(.text.main) refers to hc32_ll.o(.text.LL_PERIPH_WP) for LL_PERIPH_WP
    main.o(.text.main) refers to main.o(.bss.task) for task
    main.o(.text.main) refers to main.o(.text._ZL9led_blinkv) for led_blink()
    main.o(.text.main) refers to millistaskmanager.o(.text._ZN17MillisTaskManager8RegisterEPFvvEjb) for MillisTaskManager::Register(void (*)(), unsigned int, bool)
    main.o(.text.main) refers to systick.o(.text.millis) for millis
    main.o(.text.main) refers to millistaskmanager.o(.text._ZN17MillisTaskManager7RunningEj) for MillisTaskManager::Running(unsigned int)
    main.o(.ARM.exidx.text.main) refers to main.o(.text.main) for [Anonymous Symbol]
    main.o(.text._ZL9led_blinkv) refers to ev_hc32f460_lqfp100_v2.o(.text.BSP_LED_On) for BSP_LED_On
    main.o(.text._ZL9led_blinkv) refers to systick.o(.text.delay_ms) for delay_ms
    main.o(.text._ZL9led_blinkv) refers to ev_hc32f460_lqfp100_v2.o(.text.BSP_LED_Off) for BSP_LED_Off
    main.o(.ARM.exidx.text._ZL9led_blinkv) refers to main.o(.text._ZL9led_blinkv) for [Anonymous Symbol]
    main.o(.text._GLOBAL__sub_I_main.cpp) refers to main.o(.text.__cxx_global_var_init) for __cxx_global_var_init
    main.o(.ARM.exidx.text._GLOBAL__sub_I_main.cpp) refers to main.o(.text._GLOBAL__sub_I_main.cpp) for [Anonymous Symbol]
    main.o(.init_array) refers to main.o(.text._GLOBAL__sub_I_main.cpp) for _GLOBAL__sub_I_main.cpp
    wiring_digital.o(.text.pinMode) refers to variant.o(.rodata.PIN_MAP) for PIN_MAP
    wiring_digital.o(.text.pinMode) refers to wiring_digital.o(.text._ZNK14pin_adc_info_t10get_deviceEv) for pin_adc_info_t::get_device() const
    wiring_digital.o(.text.pinMode) refers to adc.o(.text.adc_device_init) for adc_device_init
    wiring_digital.o(.text.pinMode) refers to adc.o(.text.adc_enable_channel) for adc_enable_channel
    wiring_digital.o(.text.pinMode) refers to adc.o(.text.adc_disable_channel) for adc_disable_channel
    wiring_digital.o(.text.pinMode) refers to hc32_ll_gpio.o(.text.GPIO_StructInit) for GPIO_StructInit
    wiring_digital.o(.text.pinMode) refers to wiring_digital.o(.text._GPIO_Init) for _GPIO_Init
    wiring_digital.o(.ARM.exidx.text.pinMode) refers to wiring_digital.o(.text.pinMode) for [Anonymous Symbol]
    wiring_digital.o(.text.getPinMode) refers to wiring_digital.o(.text.GPIO_GetConfig) for GPIO_GetConfig
    wiring_digital.o(.text.getPinMode) refers to wiring_digital.o(.text.GPIO_GetFunc) for GPIO_GetFunc
    wiring_digital.o(.ARM.exidx.text.getPinMode) refers to wiring_digital.o(.text.getPinMode) for [Anonymous Symbol]
    wiring_digital.o(.text.digitalWrite) refers to wiring_digital.o(.text.GPIO_SetBits) for GPIO_SetBits
    wiring_digital.o(.text.digitalWrite) refers to wiring_digital.o(.text.GPIO_ResetBits) for GPIO_ResetBits
    wiring_digital.o(.ARM.exidx.text.digitalWrite) refers to wiring_digital.o(.text.digitalWrite) for [Anonymous Symbol]
    wiring_digital.o(.text.digitalRead) refers to wiring_digital.o(.text.GPIO_GetBit) for GPIO_GetBit
    wiring_digital.o(.ARM.exidx.text.digitalRead) refers to wiring_digital.o(.text.digitalRead) for [Anonymous Symbol]
    wstring.o(.text._ZN6StringC2EPKc) refers to wstring.o(.text._ZN6String4initEv) for String::init()
    wstring.o(.text._ZN6StringC2EPKc) refers to strlen.o(.text) for strlen
    wstring.o(.text._ZN6StringC2EPKc) refers to wstring.o(.text._ZN6String4copyEPKcj) for String::copy(char const*, unsigned int)
    wstring.o(.ARM.exidx.text._ZN6StringC2EPKc) refers to wstring.o(.text._ZN6StringC2EPKc) for [Anonymous Symbol]
    wstring.o(.text._ZN6String4copyEPKcj) refers to wstring.o(.text._ZN6String7reserveEj) for String::reserve(unsigned int)
    wstring.o(.text._ZN6String4copyEPKcj) refers to wstring.o(.text._ZN6String10invalidateEv) for String::invalidate()
[...]
    HardFault_Handler                        0x00000367   Thumb Code     2  startup_hc32f460.o(.text)
    MemManage_Handler                        0x00000369   Thumb Code     2  startup_hc32f460.o(.text)
    BusFault_Handler                         0x0000036b   Thumb Code     2  startup_hc32f460.o(.text)
    UsageFault_Handler                       0x0000036d   Thumb Code     2  startup_hc32f460.o(.text)
    SVC_Handler                              0x0000036f   Thumb Code     2  startup_hc32f460.o(.text)
    DebugMon_Handler                         0x00000371   Thumb Code     2  startup_hc32f460.o(.text)
    PendSV_Handler                           0x00000373   Thumb Code     2  startup_hc32f460.o(.text)
    IRQ128_Handler                           0x00000377   Thumb Code     0  startup_hc32f460.o(.text)
    IRQ129_Handler                           0x00000377   Thumb Code     0  startup_hc32f460.o(.text)
    IRQ130_Handler                           0x00000377   Thumb Code     0  startup_hc32f460.o(.text)
    IRQ131_Handler                           0x00000377   Thumb Code     0  startup_hc32f460.o(.text)
    IRQ132_Handler                           0x00000377   Thumb Code     0  startup_hc32f460.o(.text)
    IRQ133_Handler                           0x00000377   Thumb Code     0  startup_hc32f460.o(.text)
    IRQ134_Handler                           0x00000377   Thumb Code     0  startup_hc32f460.o(.text)
    IRQ135_Handler                           0x00000377   Thumb Code     0  startup_hc32f460.o(.text)
    IRQ136_Handler                           0x00000377   Thumb Code     0  startup_hc32f460.o(.text)
    IRQ137_Handler                           0x00000377   Thumb Code     0  startup_hc32f460.o(.text)
    IRQ138_Handler                           0x00000377   Thumb Code     0  startup_hc32f460.o(.text)
    IRQ139_Handler                           0x00000377   Thumb Code     0  startup_hc32f460.o(.text)
    IRQ140_Handler                           0x00000377   Thumb Code     0  startup_hc32f460.o(.text)
    IRQ141_Handler                           0x00000377   Thumb Code     0  startup_hc32f460.o(.text)
    IRQ142_Handler                           0x00000377   Thumb Code     0  startup_hc32f460.o(.text)
    IRQ143_Handler                           0x00000377   Thumb Code     0  startup_hc32f460.o(.text)
    __user_initial_stackheap                 0x00000379   Thumb Code     0  startup_hc32f460.o(.text)
    free                                     0x000003ad   Thumb Code    78  h1_free.o(.text)
    __use_two_region_memory                  0x000003fb   Thumb Code     2  heapauxi.o(.text)
    __rt_heap_escrow                         0x000003fd   Thumb Code     2  heapauxi.o(.text)
    __rt_heap_expand                         0x000003ff   Thumb Code     2  heapauxi.o(.text)
    u32ICGValue                              0x00000400   Data          32  hc32_ll_icg.o(.ARM.__at_0x400)
    malloc                                   0x00000421   Thumb Code    94  h1_alloc.o(.text)
    __cxa_atexit                             0x0000047f   Thumb Code    10  cxa_atexit.o(.text)
    __aeabi_memset                           0x00000489   Thumb Code    16  aeabi_memset.o(.text)
    __aeabi_memclr                           0x00000499   Thumb Code     0  rt_memclr.o(.text)
    __rt_memclr                              0x00000499   Thumb Code     0  rt_memclr.o(.text)
    _memset                                  0x0000049d   Thumb Code    64  rt_memclr.o(.text)
    __cpp_initialize__aeabi_                 0x000004dd   Thumb Code    28  init_aeabi.o(.text)
    __rt_heap_descriptor                     0x00000501   Thumb Code     8  rt_heap_descriptor_intlibspace.o(.text)
    __use_no_heap                            0x00000509   Thumb Code     2  hguard.o(.text)
    __heap$guard                             0x0000050b   Thumb Code     2  hguard.o(.text)
    _terminate_user_alloc                    0x0000050d   Thumb Code     2  init_alloc.o(.text)
    _init_user_alloc                         0x0000050f   Thumb Code     2  init_alloc.o(.text)
    __Heap_Full                              0x00000511   Thumb Code    34  init_alloc.o(.text)
    __Heap_Broken                            0x00000533   Thumb Code     6  init_alloc.o(.text)
    _init_alloc                              0x00000539   Thumb Code    94  init_alloc.o(.text)
    __Heap_Initialize                        0x00000597   Thumb Code    10  h1_init.o(.text)
    __Heap_DescSize                          0x000005a1   Thumb Code     4  h1_init.o(.text)
    abort                                    0x000005a5   Thumb Code    22  abort.o(.text)
    __aeabi_atexit                           0x000005bb   Thumb Code    46  aeabi_atexit.o(.text)
    __aeabi_memclr4                          0x000005e9   Thumb Code     0  rt_memclr_w.o(.text)
    __aeabi_memclr8                          0x000005e9   Thumb Code     0  rt_memclr_w.o(.text)
    __rt_memclr_w                            0x000005e9   Thumb Code     0  rt_memclr_w.o(.text)
    _memset_w                                0x000005ed   Thumb Code    74  rt_memclr_w.o(.text)
    _sys_exit                                0x00000639   Thumb Code     8  sys_exit.o(.text)
    __user_libspace                          0x00000645   Thumb Code     8  libspace.o(.text)
    __user_perproc_libspace                  0x00000645   Thumb Code     0  libspace.o(.text)
    __user_perthread_libspace                0x00000645   Thumb Code     0  libspace.o(.text)
    __rt_ddtor_pointer_addr                  0x0000064d   Thumb Code     8  rt_ddtor_pointer_addr_intlibspace.o(.text)
    __Heap_ProvideMemory                     0x00000655   Thumb Code    52  h1_extend.o(.text)
    _maybe_terminate_alloc                   0x00000655   Thumb Code     0  maybetermalloc1.o(.text)
    __cxa_finalize                           0x00000689   Thumb Code    66  cxa_finalize.o(.text)
    __rt_SIGABRT                             0x000006cb   Thumb Code    14  defsig_abrt_outer.o(.text)
    __rt_SIGRTMEM                            0x000006d9   Thumb Code    14  defsig_rtmem_outer.o(.text)
    __I$use$semihosting                      0x000006e7   Thumb Code     0  use_no_semi.o(.text)
    __use_no_semihosting_swi                 0x000006e7   Thumb Code     2  use_no_semi.o(.text)
    __semihosting_library_function           0x000006e9   Thumb Code     0  indicate_semi.o(.text)
    __user_setup_stackheap                   0x000006e9   Thumb Code    74  sys_stackheap_outer.o(.text)
    exit                                     0x00000733   Thumb Code    18  exit.o(.text)
    __sig_exit                               0x00000745   Thumb Code    10  defsig_exit.o(.text)
    __rt_SIGABRT_inner                       0x00000751   Thumb Code    14  defsig_abrt_inner.o(.text)
    __rt_SIGRTMEM_inner                      0x00000781   Thumb Code    22  defsig_rtmem_inner.o(.text)
    __default_signal_display                 0x000007d1   Thumb Code    50  defsig_general.o(.text)
    _ttywrch                                 0x00000803   Thumb Code    14  sys_wrch.o(.text)
    ADC_ChCmd                                0x00000811   Thumb Code   244  hc32_ll_adc.o(.text.ADC_ChCmd)
    ADC_ConvDataAverageChCmd                 0x00000905   Thumb Code   184  hc32_ll_adc.o(.text.ADC_ConvDataAverageChCmd)
    ADC_ConvDataAverageConfig                0x000009bd   Thumb Code   130  hc32_ll_adc.o(.text.ADC_ConvDataAverageConfig)
    ADC_Init                                 0x00000a41   Thumb Code   252  hc32_ll_adc.o(.text.ADC_Init)
    ADC_SetSampleTime                        0x00000b3d   Thumb Code   170  hc32_ll_adc.o(.text.ADC_SetSampleTime)
    BSP_KEY_KEY10_IrqHandler                 0x00000be9   Thumb Code    42  ev_hc32f460_lqfp100_v2.o(.text.BSP_KEY_KEY10_IrqHandler)
    BSP_LED_Off                              0x00000c15   Thumb Code    88  ev_hc32f460_lqfp100_v2.o(.text.BSP_LED_Off)
    BSP_LED_On                               0x00000c6d   Thumb Code    88  ev_hc32f460_lqfp100_v2.o(.text.BSP_LED_On)
    CLK_GetClockFreq                         0x00000cc5   Thumb Code    38  hc32_ll_clk.o(.text.CLK_GetClockFreq)
    CLK_GetStableStatus                      0x00000ced   Thumb Code    82  hc32_ll_clk.o(.text.CLK_GetStableStatus)
    CLK_PLLCmd                               0x00000d41   Thumb Code   236  hc32_ll_clk.o(.text.CLK_PLLCmd)
    CLK_PLLInit                              0x00000e2d   Thumb Code   958  hc32_ll_clk.o(.text.CLK_PLLInit)
    CLK_PLLStructInit                        0x000011ed   Thumb Code   152  hc32_ll_clk.o(.text.CLK_PLLStructInit)
    CLK_SetClockDiv                          0x00001285   Thumb Code    24  hc32_ll_clk.o(.text.CLK_SetClockDiv)
    CLK_SetSysClockSrc                       0x0000129d   Thumb Code    24  hc32_ll_clk.o(.text.CLK_SetSysClockSrc)
    CLK_XtalCmd                              0x000012f9   Thumb Code   240  hc32_ll_clk.o(.text.CLK_XtalCmd)
    CLK_XtalInit                             0x000013e9   Thumb Code   434  hc32_ll_clk.o(.text.CLK_XtalInit)
    CLK_XtalStructInit                       0x0000159d   Thumb Code    58  hc32_ll_clk.o(.text.CLK_XtalStructInit)
    DDL_AssertHandler                        0x000015d9   Thumb Code    10  hc32_ll_utility.o(.text.DDL_AssertHandler)
    EFM_CacheCmd                             0x000015e5   Thumb Code   108  hc32_ll_efm.o(.text.EFM_CacheCmd)
    EFM_CacheRamReset                        0x00001651   Thumb Code   108  hc32_ll_efm.o(.text.EFM_CacheRamReset)
    EFM_SetWaitCycle                         0x000016e5   Thumb Code   202  hc32_ll_efm.o(.text.EFM_SetWaitCycle)
    EXTINT_ClearExtIntStatus                 0x000017b1   Thumb Code    66  hc32_ll_interrupts.o(.text.EXTINT_ClearExtIntStatus)
    FCG_Fcg1PeriphClockCmd                   0x000017f5   Thumb Code   146  hc32_ll_fcg.o(.text.FCG_Fcg1PeriphClockCmd)
    FCG_Fcg3PeriphClockCmd                   0x00001889   Thumb Code   142  hc32_ll_fcg.o(.text.FCG_Fcg3PeriphClockCmd)
    GPIO_AnalogCmd                           0x00001919   Thumb Code   306  hc32_ll_gpio.o(.text.GPIO_AnalogCmd)
    GPIO_Init                                0x00001a4d   Thumb Code   782  hc32_ll_gpio.o(.text.GPIO_Init)
    GPIO_ReadInputPins                       0x00001d7d   Thumb Code   168  hc32_ll_gpio.o(.text.GPIO_ReadInputPins)
    GPIO_ResetPins                           0x00001e25   Thumb Code   168  hc32_ll_gpio.o(.text.GPIO_ResetPins)
    GPIO_SetFunc                             0x00001ecd   Thumb Code   342  hc32_ll_gpio.o(.text.GPIO_SetFunc)
    GPIO_SetPins                             0x00002025   Thumb Code   168  hc32_ll_gpio.o(.text.GPIO_SetPins)
    GPIO_SetReadWaitCycle                    0x000020cd   Thumb Code   146  hc32_ll_gpio.o(.text.GPIO_SetReadWaitCycle)
    GPIO_StructInit                          0x00002161   Thumb Code    70  hc32_ll_gpio.o(.text.GPIO_StructInit)
    I2C_BaudrateConfig                       0x00002321   Thumb Code   654  hc32_ll_i2c.o(.text.I2C_BaudrateConfig)
    I2C_ClearStatus                          0x000025b1   Thumb Code   138  hc32_ll_i2c.o(.text.I2C_ClearStatus)
    I2C_Cmd                                  0x0000263d   Thumb Code   144  hc32_ll_i2c.o(.text.I2C_Cmd)
    I2C_DeInit                               0x000026cd   Thumb Code   104  hc32_ll_i2c.o(.text.I2C_DeInit)
    I2C_GetStatus                            0x00002735   Thumb Code   146  hc32_ll_i2c.o(.text.I2C_GetStatus)
    I2C_Init                                 0x000027c9   Thumb Code   270  hc32_ll_i2c.o(.text.I2C_Init)
    I2C_IntCmd                               0x000028d9   Thumb Code   212  hc32_ll_i2c.o(.text.I2C_IntCmd)
    I2C_ReadData                             0x000029ad   Thumb Code    88  hc32_ll_i2c.o(.text.I2C_ReadData)
    I2C_SlaveAddrConfig                      0x00002a05   Thumb Code   290  hc32_ll_i2c.o(.text.I2C_SlaveAddrConfig)
    I2C_StructInit                           0x00002b29   Thumb Code    48  hc32_ll_i2c.o(.text.I2C_StructInit)
    I2C_WriteData                            0x00002b59   Thumb Code    96  hc32_ll_i2c.o(.text.I2C_WriteData)
    INTC_IrqSignIn                           0x00002bb9   Thumb Code   258  hc32_ll_interrupts.o(.text.INTC_IrqSignIn)
    IRQ000_Handler                           0x00002cbd   Thumb Code    20  hc32_ll_interrupts.o(.text.IRQ000_Handler)
    IRQ001_Handler                           0x00002cd1   Thumb Code    20  hc32_ll_interrupts.o(.text.IRQ001_Handler)
    IRQ002_Handler                           0x00002ce5   Thumb Code    20  hc32_ll_interrupts.o(.text.IRQ002_Handler)
    IRQ003_Handler                           0x00002cf9   Thumb Code    20  hc32_ll_interrupts.o(.text.IRQ003_Handler)
    IRQ004_Handler                           0x00002d0d   Thumb Code    20  hc32_ll_interrupts.o(.text.IRQ004_Handler)
    IRQ005_Handler                           0x00002d21   Thumb Code    20  hc32_ll_interrupts.o(.text.IRQ005_Handler)
    IRQ006_Handler                           0x00002d35   Thumb Code    20  hc32_ll_interrupts.o(.text.IRQ006_Handler)
    IRQ007_Handler                           0x00002d49   Thumb Code    20  hc32_ll_interrupts.o(.text.IRQ007_Handler)
    IRQ008_Handler                           0x00002d5d   Thumb Code    20  hc32_ll_interrupts.o(.text.IRQ008_Handler)
    IRQ009_Handler                           0x00002d71   Thumb Code    20  hc32_ll_interrupts.o(.text.IRQ009_Handler)
    IRQ010_Handler                           0x00002d85   Thumb Code    20  hc32_ll_interrupts.o(.text.IRQ010_Handler)
    IRQ011_Handler                           0x00002d99   Thumb Code    20  hc32_ll_interrupts.o(.text.IRQ011_Handler)
    IRQ012_Handler                           0x00002dad   Thumb Code    20  hc32_ll_interrupts.o(.text.IRQ012_Handler)
    IRQ013_Handler                           0x00002dc1   Thumb Code    20  hc32_ll_interrupts.o(.text.IRQ013_Handler)
    IRQ014_Handler                           0x00002dd5   Thumb Code    20  hc32_ll_interrupts.o(.text.IRQ014_Handler)
    IRQ015_Handler                           0x00002de9   Thumb Code    20  hc32_ll_interrupts.o(.text.IRQ015_Handler)
    IRQ016_Handler                           0x00002dfd   Thumb Code    20  hc32_ll_interrupts.o(.text.IRQ016_Handler)
    IRQ017_Handler                           0x00002e11   Thumb Code    20  hc32_ll_interrupts.o(.text.IRQ017_Handler)
    IRQ018_Handler                           0x00002e25   Thumb Code    20  hc32_ll_interrupts.o(.text.IRQ018_Handler)
    IRQ019_Handler                           0x00002e39   Thumb Code    20  hc32_ll_interrupts.o(.text.IRQ019_Handler)
    IRQ020_Handler                           0x00002e4d   Thumb Code    20  hc32_ll_interrupts.o(.text.IRQ020_Handler)
    IRQ021_Handler                           0x00002e61   Thumb Code    20  hc32_ll_interrupts.o(.text.IRQ021_Handler)
    IRQ022_Handler                           0x00002e75   Thumb Code    20  hc32_ll_interrupts.o(.text.IRQ022_Handler)
    IRQ023_Handler                           0x00002e89   Thumb Code    20  hc32_ll_interrupts.o(.text.IRQ023_Handler)
    IRQ024_Handler                           0x00002e9d   Thumb Code    20  hc32_ll_interrupts.o(.text.IRQ024_Handler)
    IRQ025_Handler                           0x00002eb1   Thumb Code    20  hc32_ll_interrupts.o(.text.IRQ025_Handler)
    IRQ026_Handler                           0x00002ec5   Thumb Code    20  hc32_ll_interrupts.o(.text.IRQ026_Handler)
    IRQ027_Handler                           0x00002ed9   Thumb Code    20  hc32_ll_interrupts.o(.text.IRQ027_Handler)
    IRQ028_Handler                           0x00002eed   Thumb Code    20  hc32_ll_interrupts.o(.text.IRQ028_Handler)
    IRQ029_Handler                           0x00002f01   Thumb Code    20  hc32_ll_interrupts.o(.text.IRQ029_Handler)
    IRQ030_Handler                           0x00002f15   Thumb Code    20  hc32_ll_interrupts.o(.text.IRQ030_Handler)
    IRQ031_Handler                           0x00002f29   Thumb Code    20  hc32_ll_interrupts.o(.text.IRQ031_Handler)
    IRQ032_Handler                           0x00002f3d   Thumb Code    22  hc32_ll_interrupts.o(.text.IRQ032_Handler)
    IRQ033_Handler                           0x00002f55   Thumb Code    22  hc32_ll_interrupts.o(.text.IRQ033_Handler)
    IRQ034_Handler                           0x00002f6d   Thumb Code    22  hc32_ll_interrupts.o(.text.IRQ034_Handler)
    IRQ035_Handler                           0x00002f85   Thumb Code    22  hc32_ll_interrupts.o(.text.IRQ035_Handler)
    IRQ036_Handler                           0x00002f9d   Thumb Code    22  hc32_ll_interrupts.o(.text.IRQ036_Handler)
    IRQ037_Handler                           0x00002fb5   Thumb Code    22  hc32_ll_interrupts.o(.text.IRQ037_Handler)
    IRQ038_Handler                           0x00002fcd   Thumb Code    22  hc32_ll_interrupts.o(.text.IRQ038_Handler)
    IRQ039_Handler                           0x00002fe5   Thumb Code    22  hc32_ll_interrupts.o(.text.IRQ039_Handler)
    IRQ040_Handler                           0x00002ffd   Thumb Code    22  hc32_ll_interrupts.o(.text.IRQ040_Handler)
    IRQ041_Handler                           0x00003015   Thumb Code    22  hc32_ll_interrupts.o(.text.IRQ041_Handler)
    IRQ042_Handler                           0x0000302d   Thumb Code    22  hc32_ll_interrupts.o(.text.IRQ042_Handler)
    IRQ043_Handler                           0x00003045   Thumb Code    22  hc32_ll_interrupts.o(.text.IRQ043_Handler)
    IRQ044_Handler                           0x0000305d   Thumb Code    22  hc32_ll_interrupts.o(.text.IRQ044_Handler)
    IRQ045_Handler                           0x00003075   Thumb Code    22  hc32_ll_interrupts.o(.text.IRQ045_Handler)
    IRQ046_Handler                           0x0000308d   Thumb Code    22  hc32_ll_interrupts.o(.text.IRQ046_Handler)
    IRQ047_Handler                           0x000030a5   Thumb Code    22  hc32_ll_interrupts.o(.text.IRQ047_Handler)
    IRQ048_Handler                           0x000030bd   Thumb Code    22  hc32_ll_interrupts.o(.text.IRQ048_Handler)
    IRQ049_Handler                           0x000030d5   Thumb Code    22  hc32_ll_interrupts.o(.text.IRQ049_Handler)
    IRQ050_Handler                           0x000030ed   Thumb Code    22  hc32_ll_interrupts.o(.text.IRQ050_Handler)
    IRQ051_Handler                           0x00003105   Thumb Code    22  hc32_ll_interrupts.o(.text.IRQ051_Handler)
    IRQ052_Handler                           0x0000311d   Thumb Code    22  hc32_ll_interrupts.o(.text.IRQ052_Handler)
    IRQ053_Handler                           0x00003135   Thumb Code    22  hc32_ll_interrupts.o(.text.IRQ053_Handler)
    IRQ054_Handler                           0x0000314d   Thumb Code    22  hc32_ll_interrupts.o(.text.IRQ054_Handler)
    IRQ055_Handler                           0x00003165   Thumb Code    22  hc32_ll_interrupts.o(.text.IRQ055_Handler)
    IRQ056_Handler                           0x0000317d   Thumb Code    22  hc32_ll_interrupts.o(.text.IRQ056_Handler)
    IRQ057_Handler                           0x00003195   Thumb Code    22  hc32_ll_interrupts.o(.text.IRQ057_Handler)
    IRQ058_Handler                           0x000031ad   Thumb Code    22  hc32_ll_interrupts.o(.text.IRQ058_Handler)
    IRQ059_Handler                           0x000031c5   Thumb Code    22  hc32_ll_interrupts.o(.text.IRQ059_Handler)
    IRQ060_Handler                           0x000031dd   Thumb Code    22  hc32_ll_interrupts.o(.text.IRQ060_Handler)
    IRQ061_Handler                           0x000031f5   Thumb Code    22  hc32_ll_interrupts.o(.text.IRQ061_Handler)
    IRQ062_Handler                           0x0000320d   Thumb Code    22  hc32_ll_interrupts.o(.text.IRQ062_Handler)
    IRQ063_Handler                           0x00003225   Thumb Code    22  hc32_ll_interrupts.o(.text.IRQ063_Handler)
    IRQ064_Handler                           0x0000323d   Thumb Code    22  hc32_ll_interrupts.o(.text.IRQ064_Handler)
    IRQ065_Handler                           0x00003255   Thumb Code    22  hc32_ll_interrupts.o(.text.IRQ065_Handler)
    IRQ066_Handler                           0x0000326d   Thumb Code    22  hc32_ll_interrupts.o(.text.IRQ066_Handler)
    IRQ067_Handler                           0x00003285   Thumb Code    22  hc32_ll_interrupts.o(.text.IRQ067_Handler)
    IRQ068_Handler                           0x0000329d   Thumb Code    22  hc32_ll_interrupts.o(.text.IRQ068_Handler)
    IRQ069_Handler                           0x000032b5   Thumb Code    22  hc32_ll_interrupts.o(.text.IRQ069_Handler)
    IRQ070_Handler                           0x000032cd   Thumb Code    22  hc32_ll_interrupts.o(.text.IRQ070_Handler)
    IRQ071_Handler                           0x000032e5   Thumb Code    22  hc32_ll_interrupts.o(.text.IRQ071_Handler)
    IRQ072_Handler                           0x000032fd   Thumb Code    22  hc32_ll_interrupts.o(.text.IRQ072_Handler)
    IRQ073_Handler                           0x00003315   Thumb Code    22  hc32_ll_interrupts.o(.text.IRQ073_Handler)
    IRQ074_Handler                           0x0000332d   Thumb Code    22  hc32_ll_interrupts.o(.text.IRQ074_Handler)
    IRQ075_Handler                           0x00003345   Thumb Code    22  hc32_ll_interrupts.o(.text.IRQ075_Handler)
    IRQ076_Handler                           0x0000335d   Thumb Code    22  hc32_ll_interrupts.o(.text.IRQ076_Handler)
    IRQ077_Handler                           0x00003375   Thumb Code    22  hc32_ll_interrupts.o(.text.IRQ077_Handler)
    IRQ078_Handler                           0x0000338d   Thumb Code    22  hc32_ll_interrupts.o(.text.IRQ078_Handler)
    IRQ079_Handler                           0x000033a5   Thumb Code    22  hc32_ll_interrupts.o(.text.IRQ079_Handler)
    IRQ080_Handler                           0x000033bd   Thumb Code    22  hc32_ll_interrupts.o(.text.IRQ080_Handler)
    IRQ081_Handler                           0x000033d5   Thumb Code    22  hc32_ll_interrupts.o(.text.IRQ081_Handler)
    IRQ082_Handler                           0x000033ed   Thumb Code    22  hc32_ll_interrupts.o(.text.IRQ082_Handler)
    IRQ083_Handler                           0x00003405   Thumb Code    22  hc32_ll_interrupts.o(.text.IRQ083_Handler)
    IRQ084_Handler                           0x0000341d   Thumb Code    22  hc32_ll_interrupts.o(.text.IRQ084_Handler)
    IRQ085_Handler                           0x00003435   Thumb Code    22  hc32_ll_interrupts.o(.text.IRQ085_Handler)
    IRQ086_Handler                           0x0000344d   Thumb Code    22  hc32_ll_interrupts.o(.text.IRQ086_Handler)
    IRQ087_Handler                           0x00003465   Thumb Code    22  hc32_ll_interrupts.o(.text.IRQ087_Handler)
    IRQ088_Handler                           0x0000347d   Thumb Code    22  hc32_ll_interrupts.o(.text.IRQ088_Handler)
    IRQ089_Handler                           0x00003495   Thumb Code    22  hc32_ll_interrupts.o(.text.IRQ089_Handler)
    IRQ090_Handler                           0x000034ad   Thumb Code    22  hc32_ll_interrupts.o(.text.IRQ090_Handler)
    IRQ091_Handler                           0x000034c5   Thumb Code    22  hc32_ll_interrupts.o(.text.IRQ091_Handler)
    IRQ092_Handler                           0x000034dd   Thumb Code    22  hc32_ll_interrupts.o(.text.IRQ092_Handler)
    IRQ093_Handler                           0x000034f5   Thumb Code    22  hc32_ll_interrupts.o(.text.IRQ093_Handler)
    IRQ094_Handler                           0x0000350d   Thumb Code    22  hc32_ll_interrupts.o(.text.IRQ094_Handler)
    IRQ095_Handler                           0x00003525   Thumb Code    22  hc32_ll_interrupts.o(.text.IRQ095_Handler)
    IRQ096_Handler                           0x0000353d   Thumb Code    22  hc32_ll_interrupts.o(.text.IRQ096_Handler)
    IRQ097_Handler                           0x00003555   Thumb Code    22  hc32_ll_interrupts.o(.text.IRQ097_Handler)
    IRQ098_Handler                           0x0000356d   Thumb Code    22  hc32_ll_interrupts.o(.text.IRQ098_Handler)
    IRQ099_Handler                           0x00003585   Thumb Code    22  hc32_ll_interrupts.o(.text.IRQ099_Handler)
    IRQ100_Handler                           0x0000359d   Thumb Code    22  hc32_ll_interrupts.o(.text.IRQ100_Handler)
    IRQ101_Handler                           0x000035b5   Thumb Code    22  hc32_ll_interrupts.o(.text.IRQ101_Handler)
    IRQ102_Handler                           0x000035cd   Thumb Code    22  hc32_ll_interrupts.o(.text.IRQ102_Handler)
    IRQ103_Handler                           0x000035e5   Thumb Code    22  hc32_ll_interrupts.o(.text.IRQ103_Handler)
    IRQ104_Handler                           0x000035fd   Thumb Code    22  hc32_ll_interrupts.o(.text.IRQ104_Handler)
    IRQ105_Handler                           0x00003615   Thumb Code    22  hc32_ll_interrupts.o(.text.IRQ105_Handler)
    IRQ106_Handler                           0x0000362d   Thumb Code    22  hc32_ll_interrupts.o(.text.IRQ106_Handler)
    IRQ107_Handler                           0x00003645   Thumb Code    22  hc32_ll_interrupts.o(.text.IRQ107_Handler)
    IRQ108_Handler                           0x0000365d   Thumb Code    22  hc32_ll_interrupts.o(.text.IRQ108_Handler)
    IRQ109_Handler                           0x00003675   Thumb Code    22  hc32_ll_interrupts.o(.text.IRQ109_Handler)
    IRQ110_Handler                           0x0000368d   Thumb Code    22  hc32_ll_interrupts.o(.text.IRQ110_Handler)
    IRQ111_Handler                           0x000036a5   Thumb Code    22  hc32_ll_interrupts.o(.text.IRQ111_Handler)
    IRQ112_Handler                           0x000036bd   Thumb Code    22  hc32_ll_interrupts.o(.text.IRQ112_Handler)
    IRQ113_Handler                           0x000036d5   Thumb Code    22  hc32_ll_interrupts.o(.text.IRQ113_Handler)
    IRQ114_Handler                           0x000036ed   Thumb Code    22  hc32_ll_interrupts.o(.text.IRQ114_Handler)
    IRQ115_Handler                           0x00003705   Thumb Code    22  hc32_ll_interrupts.o(.text.IRQ115_Handler)
    IRQ116_Handler                           0x0000371d   Thumb Code    22  hc32_ll_interrupts.o(.text.IRQ116_Handler)
    IRQ117_Handler                           0x00003735   Thumb Code    22  hc32_ll_interrupts.o(.text.IRQ117_Handler)
    IRQ118_Handler                           0x0000374d   Thumb Code    22  hc32_ll_interrupts.o(.text.IRQ118_Handler)
    IRQ119_Handler                           0x00003765   Thumb Code    22  hc32_ll_interrupts.o(.text.IRQ119_Handler)
    IRQ120_Handler                           0x0000377d   Thumb Code    22  hc32_ll_interrupts.o(.text.IRQ120_Handler)
    IRQ121_Handler                           0x00003795   Thumb Code    22  hc32_ll_interrupts.o(.text.IRQ121_Handler)
    IRQ122_Handler                           0x000037ad   Thumb Code    22  hc32_ll_interrupts.o(.text.IRQ122_Handler)
    IRQ123_Handler                           0x000037c5   Thumb Code    22  hc32_ll_interrupts.o(.text.IRQ123_Handler)
    IRQ124_Handler                           0x000037dd   Thumb Code    22  hc32_ll_interrupts.o(.text.IRQ124_Handler)
    IRQ125_Handler                           0x000037f5   Thumb Code    22  hc32_ll_interrupts.o(.text.IRQ125_Handler)
    IRQ126_Handler                           0x0000380d   Thumb Code    22  hc32_ll_interrupts.o(.text.IRQ126_Handler)
    IRQ127_Handler                           0x00003825   Thumb Code    22  hc32_ll_interrupts.o(.text.IRQ127_Handler)
    LL_PERIPH_WE                             0x0000383d   Thumb Code   124  hc32_ll.o(.text.LL_PERIPH_WE)
    LL_PERIPH_WP                             0x000038b9   Thumb Code   124  hc32_ll.o(.text.LL_PERIPH_WP)
    PWC_HighSpeedToHighPerformance           0x0000395d   Thumb Code    84  hc32_ll_pwc.o(.text.PWC_HighSpeedToHighPerformance)
    SRAM_SetWaitCycle                        0x00003a1d   Thumb Code   272  hc32_ll_sram.o(.text.SRAM_SetWaitCycle)
    SysTick_Handler                          0x00004161   Thumb Code    20  systick.o(.text.SysTick_Handler)
    SystemCoreClockUpdate                    0x00004175   Thumb Code   302  system_hc32f460.o(.text.SystemCoreClockUpdate)
    SystemInit                               0x000042a5   Thumb Code    20  system_hc32f460.o(.text.SystemInit)
    _GPIO_Init                               0x000042c1   Thumb Code    74  wiring_digital.o(.text._GPIO_Init)
    clock_init()                             0x0000430d   Thumb Code   288  sysclock.o(.text._Z10clock_initv)
    adc_adc_init(adc_device_t const*)        0x0000442d   Thumb Code    54  adc.o(.text._Z12adc_adc_initPK12adc_device_t)
    Slave_Initialize()                       0x00004465   Thumb Code   350  hardwarei2c.o(.text._Z16Slave_Initializev)
    adc_channel_to_mask(adc_device_t const*, unsigned char) 0x000045c5   Thumb Code    16  adc.o(.text._Z19adc_channel_to_maskPK12adc_device_th)
    update_system_clock_frequencies()        0x000045d5   Thumb Code    66  sysclock.o(.text._Z31update_system_clock_frequenciesv)
    MillisTaskManager::GetTickElaps(unsigned int, unsigned int) 0x000049d1   Thumb Code    54  millistaskmanager.o(.text._ZN17MillisTaskManager12GetTickElapsEjj)
    MillisTaskManager::Find(void (*)())      0x00004a09   Thumb Code    58  millistaskmanager.o(.text._ZN17MillisTaskManager4FindEPFvvE)
    MillisTaskManager::Running(unsigned int) 0x00004a45   Thumb Code   120  millistaskmanager.o(.text._ZN17MillisTaskManager7RunningEj)
    MillisTaskManager::Register(void (*)(), unsigned int, bool) 0x00004abd   Thumb Code   166  millistaskmanager.o(.text._ZN17MillisTaskManager8RegisterEPFvvEjb)
    MillisTaskManager::MillisTaskManager(bool) 0x00004b65   Thumb Code    30  millistaskmanager.o(.text._ZN17MillisTaskManagerC2Eb)
    MillisTaskManager::MillisTaskManager__sub_object(bool) 0x00004b65   Thumb Code    30  millistaskmanager.o(.text._ZN17MillisTaskManagerC2Eb)
    MillisTaskManager::~MillisTaskManager()  0x00004b85   Thumb Code    62  millistaskmanager.o(.text._ZN17MillisTaskManagerD2Ev)
    MillisTaskManager::~MillisTaskManager__sub_object() 0x00004b85   Thumb Code    62  millistaskmanager.o(.text._ZN17MillisTaskManagerD2Ev)
    pin_info_t::bit_mask() const             0x00004bc5   Thumb Code    22  wiring_digital.o(.text._ZNK10pin_info_t8bit_maskEv)
    pin_adc_info_t::get_device() const       0x00004bdd   Thumb Code    56  wiring_digital.o(.text._ZNK14pin_adc_info_t10get_deviceEv)
    std::__terminate(void (*)())             0x00004c15   Thumb Code     8  cxa_handlers.cpp.o(.text._ZSt11__terminatePFvvE)
    std::get_new_handler()                   0x00004c45   Thumb Code    12  cxa_handlers.cpp.o(.text._ZSt15get_new_handlerv)
    std::terminate()                         0x00004c51   Thumb Code    14  cxa_handlers.cpp.o(.text._ZSt9terminatev)
    operator delete(void*)                   0x00004c5f   Thumb Code     4  new.cpp.o(.text._ZdlPv)
    operator new(unsigned int)               0x00004c65   Thumb Code    38  new.cpp.o(.text._Znwj)
    abort_message                            0x00004cbb   Thumb Code     4  abort_message.cpp.o(.text.abort_message)
    adc_device_init                          0x00004cc1   Thumb Code    36  adc.o(.text.adc_device_init)
    adc_disable_channel                      0x00004ce5   Thumb Code    24  adc.o(.text.adc_disable_channel)
    adc_enable_channel                       0x00004cfd   Thumb Code    92  adc.o(.text.adc_enable_channel)
    delay_ms                                 0x00004d59   Thumb Code    50  systick.o(.text.delay_ms)
    delay_us                                 0x00004d8d   Thumb Code   152  systick.o(.text.delay_us)
    main                                     0x00004e25   Thumb Code    90  main.o(.text.main)
    millis                                   0x00004e81   Thumb Code     8  systick.o(.text.millis)
    pinMode                                  0x00004e89   Thumb Code   276  wiring_digital.o(.text.pinMode)
    systick_init                             0x00004f9d   Thumb Code    34  systick.o(.text.systick_init)
    systick_millis                           0x00004fc1   Thumb Code    12  systick.o(.text.systick_millis)
    __aeabi_fadd                             0x00004fcd   Thumb Code     0  faddsub_clz.o(x$fpl$fadd)
    _fadd                                    0x00004fcd   Thumb Code   196  faddsub_clz.o(x$fpl$fadd)
    __aeabi_fcmpeq                           0x00005091   Thumb Code     0  fcmp.o(x$fpl$fcmp)
    _feq                                     0x00005091   Thumb Code    14  fcmp.o(x$fpl$fcmp)
    _fneq                                    0x0000509f   Thumb Code    14  fcmp.o(x$fpl$fcmp)
    __aeabi_fcmpgt                           0x000050ad   Thumb Code     0  fcmp.o(x$fpl$fcmp)
    _fgr                                     0x000050ad   Thumb Code    14  fcmp.o(x$fpl$fcmp)
    __aeabi_fcmpge                           0x000050bb   Thumb Code     0  fcmp.o(x$fpl$fcmp)
    _fgeq                                    0x000050bb   Thumb Code    14  fcmp.o(x$fpl$fcmp)
    __aeabi_fcmple                           0x000050c9   Thumb Code     0  fcmp.o(x$fpl$fcmp)
    _fleq                                    0x000050c9   Thumb Code    14  fcmp.o(x$fpl$fcmp)
    __aeabi_fcmplt                           0x000050d7   Thumb Code     0  fcmp.o(x$fpl$fcmp)
    _fls                                     0x000050d7   Thumb Code    14  fcmp.o(x$fpl$fcmp)
    __fpl_fcmp_Inf                           0x000050e5   Thumb Code    24  fcmpi.o(x$fpl$fcmpinf)
    __aeabi_fdiv                             0x000050fd   Thumb Code     0  fdiv.o(x$fpl$fdiv)
    _fdiv                                    0x000050fd   Thumb Code   384  fdiv.o(x$fpl$fdiv)
    __aeabi_cfcmpeq                          0x00005281   Thumb Code     0  feqf.o(x$fpl$feqf)
    _fcmpeq                                  0x00005281   Thumb Code   104  feqf.o(x$fpl$feqf)
    __aeabi_f2uiz                            0x000052e9   Thumb Code     0  ffixu.o(x$fpl$ffixu)
    _ffixu                                   0x000052e9   Thumb Code    62  ffixu.o(x$fpl$ffixu)
    __aeabi_ui2f                             0x00005329   Thumb Code     0  fflt_clz.o(x$fpl$ffltu)
    _ffltu                                   0x00005329   Thumb Code    38  fflt_clz.o(x$fpl$ffltu)
    _fcmpge                                  0x00005351   Thumb Code   104  fgeqf.o(x$fpl$fgeqf)
    __aeabi_cfcmple                          0x000053b9   Thumb Code     0  fleqf.o(x$fpl$fleqf)
    _fcmple                                  0x000053b9   Thumb Code   104  fleqf.o(x$fpl$fleqf)
    __fpl_fcmple_InfNaN                      0x0000540b   Thumb Code     0  fleqf.o(x$fpl$fleqf)
    __fpl_fnaninf                            0x00005421   Thumb Code   140  fnaninf.o(x$fpl$fnaninf)
    __fpl_fretinf                            0x000054ad   Thumb Code    10  fretinf.o(x$fpl$fretinf)
    __aeabi_fsub                             0x000054b9   Thumb Code     0  faddsub_clz.o(x$fpl$fsub)
    _fsub                                    0x000054b9   Thumb Code   234  faddsub_clz.o(x$fpl$fsub)
    __I$use$fp                               0x000055a2   Number         0  usenofp.o(x$fpl$usenofp)
    PIN_MAP                                  0x000055b2   Data         249  variant.o(.rodata.PIN_MAP)
    Region$$Table$$Base                      0x000057cc   Number         0  anon$$obj.o(Region$$Table)
    Region$$Table$$Limit                     0x000057ec   Number         0  anon$$obj.o(Region$$Table)
    SHT$$INIT_ARRAY$$Base                    0x000057ec   Number         0  main.o(.init_array)
    SHT$$INIT_ARRAY$$Limit                   0x000057f0   Number         0  init_aeabi.o(.init_array)
    HRC_VALUE                                0x1fff8000   Data           4  system_hc32f460.o(.bss.noinit)
    SystemCoreClock                          0x1fff8004   Data           4  system_hc32f460.o(.bss.noinit)
    ADC1_device                              0x1fff8008   Data          20  adc_config.o(.data.ADC1_device)
    __cxa_terminate_handler                  0x1fff801c   Data           4  cxa_default_handlers.cpp.o(.data.__cxa_terminate_handler)
    __cxa_unexpected_handler                 0x1fff8020   Data           4  cxa_default_handlers.cpp.o(.data.__cxa_unexpected_handler)
    __libspace_start                         0x1fff8028   Data          96  libspace.o(.bss)
    SYSTEM_CLOCK_FREQUENCIES                 0x1fff8088   Data          32  sysclock.o(.bss.SYSTEM_CLOCK_FREQUENCIES)
    __temporary_stack_top$libspace           0x1fff8088   Data           0  libspace.o(.bss)
    __cxa_new_handler                        0x1fff81c0   Data           4  cxa_handlers.cpp.o(.bss.__cxa_new_handler)
    task                                     0x1fff83c8   Data          12  main.o(.bss.task)



==============================================================================

Memory Map of the image

  Image Entry point : 0x00000281

  Load Region LR_IROM1 (Base: 0x00000000, Size: 0x00005810, Max: 0x00080000, ABSOLUTE)

    Execution Region ER_IROM1 (Exec base: 0x00000000, Load base: 0x00000000, Size: 0x000057f0, Max: 0x00080000, ABSOLUTE)

    Exec Addr    Load Addr    Size         Type   Attr      Idx    E Section Name        Object

    0x00000000   0x00000000   0x00000280   Data   RO          566    RESET               startup_hc32f460.o
    0x00000280   0x00000280   0x00000008   Code   RO         2211  * !!!main             c_w.l(__main.o)
    0x00000288   0x00000288   0x00000034   Code   RO         2888    !!!scatter          c_w.l(__scatter.o)
    0x000002bc   0x000002bc   0x0000001a   Code   RO         2890    !!handler_copy      c_w.l(__scatter_copy.o)
    0x000002d6   0x000002d6   0x00000002   PAD
    0x000002d8   0x000002d8   0x0000001c   Code   RO         2892    !!handler_zi        c_w.l(__scatter_zi.o)
    0x000002f4   0x000002f4   0x00000002   Code   RO         2762    .ARM.Collect$$libinit$$00000000  c_w.l(libinit.o)
    0x000002f6   0x000002f6   0x00000000   Code   RO         2497    .ARM.Collect$$libinit$$00000002  c_w.l(libinit2.o)
    0x000002f6   0x000002f6   0x00000000   Code   RO         2499    .ARM.Collect$$libinit$$00000004  c_w.l(libinit2.o)
    0x000002f6   0x000002f6   0x00000008   Code   RO         2500    .ARM.Collect$$libinit$$00000005  c_w.l(libinit2.o)
    0x000002fe   0x000002fe   0x00000000   Code   RO         2502    .ARM.Collect$$libinit$$0000000A  c_w.l(libinit2.o)
    0x000002fe   0x000002fe   0x00000000   Code   RO         2504    .ARM.Collect$$libinit$$0000000C  c_w.l(libinit2.o)
    0x000002fe   0x000002fe   0x00000000   Code   RO         2506    .ARM.Collect$$libinit$$0000000E  c_w.l(libinit2.o)
    0x000002fe   0x000002fe   0x00000000   Code   RO         2509    .ARM.Collect$$libinit$$00000011  c_w.l(libinit2.o)
    0x000002fe   0x000002fe   0x00000000   Code   RO         2511    .ARM.Collect$$libinit$$00000013  c_w.l(libinit2.o)
    0x000002fe   0x000002fe   0x00000000   Code   RO         2513    .ARM.Collect$$libinit$$00000015  c_w.l(libinit2.o)
    0x000002fe   0x000002fe   0x00000000   Code   RO         2515    .ARM.Collect$$libinit$$00000017  c_w.l(libinit2.o)
    0x000002fe   0x000002fe   0x00000000   Code   RO         2517    .ARM.Collect$$libinit$$00000019  c_w.l(libinit2.o)
    0x000002fe   0x000002fe   0x00000000   Code   RO         2519    .ARM.Collect$$libinit$$0000001B  c_w.l(libinit2.o)
    0x000002fe   0x000002fe   0x00000000   Code   RO         2521    .ARM.Collect$$libinit$$0000001D  c_w.l(libinit2.o)
    0x000002fe   0x000002fe   0x00000000   Code   RO         2523    .ARM.Collect$$libinit$$0000001F  c_w.l(libinit2.o)
    0x000002fe   0x000002fe   0x00000000   Code   RO         2525    .ARM.Collect$$libinit$$00000021  c_w.l(libinit2.o)
    0x000002fe   0x000002fe   0x00000000   Code   RO         2527    .ARM.Collect$$libinit$$00000023  c_w.l(libinit2.o)
    0x000002fe   0x000002fe   0x00000000   Code   RO         2529    .ARM.Collect$$libinit$$00000025  c_w.l(libinit2.o)
    0x000002fe   0x000002fe   0x00000000   Code   RO         2533    .ARM.Collect$$libinit$$0000002C  c_w.l(libinit2.o)
    0x000002fe   0x000002fe   0x00000000   Code   RO         2535    .ARM.Collect$$libinit$$0000002E  c_w.l(libinit2.o)
    0x000002fe   0x000002fe   0x00000000   Code   RO         2537    .ARM.Collect$$libinit$$00000030  c_w.l(libinit2.o)
    0x000002fe   0x000002fe   0x00000004   Code   RO         2538    .ARM.Collect$$libinit$$00000031  c_w.l(libinit2.o)
    0x00000302   0x00000302   0x00000000   Code   RO         2539    .ARM.Collect$$libinit$$00000032  c_w.l(libinit2.o)
    0x00000302   0x00000302   0x00000002   Code   RO         2540    .ARM.Collect$$libinit$$00000033  c_w.l(libinit2.o)
    0x00000304   0x00000304   0x00000002   Code   RO         2857    .ARM.Collect$$libshutdown$$00000000  c_w.l(libshutdown.o)
    0x00000306   0x00000306   0x00000006   Code   RO         2763    .ARM.Collect$$libshutdown$$00000001  c_w.l(libshutdown2.o)
    0x0000030c   0x0000030c   0x00000000   Code   RO         2764    .ARM.Collect$$libshutdown$$00000002  c_w.l(libshutdown2.o)
    0x0000030c   0x0000030c   0x00000000   Code   RO         2766    .ARM.Collect$$libshutdown$$00000004  c_w.l(libshutdown2.o)
    0x0000030c   0x0000030c   0x00000000   Code   RO         2769    .ARM.Collect$$libshutdown$$00000007  c_w.l(libshutdown2.o)
    0x0000030c   0x0000030c   0x00000000   Code   RO         2772    .ARM.Collect$$libshutdown$$0000000A  c_w.l(libshutdown2.o)
    0x0000030c   0x0000030c   0x00000000   Code   RO         2774    .ARM.Collect$$libshutdown$$0000000C  c_w.l(libshutdown2.o)
    0x0000030c   0x0000030c   0x00000000   Code   RO         2777    .ARM.Collect$$libshutdown$$0000000F  c_w.l(libshutdown2.o)
    0x0000030c   0x0000030c   0x00000002   Code   RO         2778    .ARM.Collect$$libshutdown$$00000010  c_w.l(libshutdown2.o)
    0x0000030e   0x0000030e   0x00000000   Code   RO         2336    .ARM.Collect$$rtentry$$00000000  c_w.l(__rtentry.o)
    0x0000030e   0x0000030e   0x00000000   Code   RO         2609    .ARM.Collect$$rtentry$$00000002  c_w.l(__rtentry2.o)
    0x0000030e   0x0000030e   0x00000006   Code   RO         2621    .ARM.Collect$$rtentry$$00000004  c_w.l(__rtentry4.o)
    0x00000314   0x00000314   0x00000000   Code   RO         2611    .ARM.Collect$$rtentry$$00000009  c_w.l(__rtentry2.o)
    0x00000314   0x00000314   0x00000004   Code   RO         2612    .ARM.Collect$$rtentry$$0000000A  c_w.l(__rtentry2.o)
    0x00000318   0x00000318   0x00000000   Code   RO         2614    .ARM.Collect$$rtentry$$0000000C  c_w.l(__rtentry2.o)
    0x00000318   0x00000318   0x00000008   Code   RO         2615    .ARM.Collect$$rtentry$$0000000D  c_w.l(__rtentry2.o)
    0x00000320   0x00000320   0x00000002   Code   RO         2783    .ARM.Collect$$rtexit$$00000000  c_w.l(rtexit.o)
    0x00000322   0x00000322   0x00000000   Code   RO         2823    .ARM.Collect$$rtexit$$00000002  c_w.l(rtexit2.o)
    0x00000322   0x00000322   0x00000004   Code   RO         2824    .ARM.Collect$$rtexit$$00000003  c_w.l(rtexit2.o)
    0x00000326   0x00000326   0x00000006   Code   RO         2825    .ARM.Collect$$rtexit$$00000004  c_w.l(rtexit2.o)
    0x0000032c   0x0000032c   0x00000080   Code   RO          567    .text               startup_hc32f460.o
    0x000003ac   0x000003ac   0x0000004e   Code   RO         2100    .text               c_w.l(h1_free.o)
    0x000003fa   0x000003fa   0x00000006   Code   RO         2209    .text               c_w.l(heapauxi.o)
    0x00000400   0x00000400   0x00000020   Data   RO         1238    .ARM.__at_0x400     hc32_ll_icg.o
    0x00000420   0x00000420   0x0000005e   Code   RO         2098    .text               c_w.l(h1_alloc.o)
    0x0000047e   0x0000047e   0x0000000a   Code   RO         2180    .text               c_w.l(cxa_atexit.o)
    0x00000488   0x00000488   0x00000010   Code   RO         2201    .text               c_w.l(aeabi_memset.o)
    0x00000498   0x00000498   0x00000044   Code   RO         2203    .text               c_w.l(rt_memclr.o)
    0x000004dc   0x000004dc   0x00000024   Code   RO         2216    .text               c_w.l(init_aeabi.o)
    0x00000500   0x00000500   0x00000008   Code   RO         2344    .text               c_w.l(rt_heap_descriptor_intlibspace.o)
    0x00000508   0x00000508   0x00000004   Code   RO         2356    .text               c_w.l(hguard.o)
    0x0000050c   0x0000050c   0x0000008a   Code   RO         2358    .text               c_w.l(init_alloc.o)
    0x00000596   0x00000596   0x0000000e   Code   RO         2362    .text               c_w.l(h1_init.o)
    0x000005a4   0x000005a4   0x00000016   Code   RO         2480    .text               c_w.l(abort.o)
    0x000005ba   0x000005ba   0x0000002e   Code   RO         2485    .text               c_w.l(aeabi_atexit.o)
    0x000005e8   0x000005e8   0x0000004e   Code   RO         2492    .text               c_w.l(rt_memclr_w.o)
    0x00000636   0x00000636   0x00000002   PAD
    0x00000638   0x00000638   0x0000000c   Code   RO         2599    .text               c_w.l(sys_exit.o)
    0x00000644   0x00000644   0x00000008   Code   RO         2605    .text               c_w.l(libspace.o)
    0x0000064c   0x0000064c   0x00000008   Code   RO         2628    .text               c_w.l(rt_ddtor_pointer_addr_intlibspace.o)
    0x00000654   0x00000654   0x00000000   Code   RO         2632    .text               c_w.l(maybetermalloc1.o)
    0x00000654   0x00000654   0x00000034   Code   RO         2634    .text               c_w.l(h1_extend.o)
    0x00000688   0x00000688   0x00000042   Code   RO         2665    .text               c_w.l(cxa_finalize.o)
    0x000006ca   0x000006ca   0x0000000e   Code   RO         2668    .text               c_w.l(defsig_abrt_outer.o)
    0x000006d8   0x000006d8   0x0000000e   Code   RO         2672    .text               c_w.l(defsig_rtmem_outer.o)
    0x000006e6   0x000006e6   0x00000002   Code   RO         2697    .text               c_w.l(use_no_semi.o)
    0x000006e8   0x000006e8   0x00000000   Code   RO         2699    .text               c_w.l(indicate_semi.o)
    0x000006e8   0x000006e8   0x0000004a   Code   RO         2700    .text               c_w.l(sys_stackheap_outer.o)
    0x00000732   0x00000732   0x00000012   Code   RO         2741    .text               c_w.l(exit.o)
    0x00000744   0x00000744   0x0000000a   Code   RO         2743    .text               c_w.l(defsig_exit.o)
    0x0000074e   0x0000074e   0x00000002   PAD
    0x00000750   0x00000750   0x00000030   Code   RO         2745    .text               c_w.l(defsig_abrt_inner.o)
    0x00000780   0x00000780   0x00000050   Code   RO         2751    .text               c_w.l(defsig_rtmem_inner.o)
    0x000007d0   0x000007d0   0x00000032   Code   RO         2798    .text               c_w.l(defsig_general.o)
    0x00000802   0x00000802   0x0000000e   Code   RO         2818    .text               c_w.l(sys_wrch.o)
    0x00000810   0x00000810   0x000000f4   Code   RO          614    .text.ADC_ChCmd     hc32_ll_adc.o
    0x00000904   0x00000904   0x000000b8   Code   RO          622    .text.ADC_ConvDataAverageChCmd  hc32_ll_adc.o
    0x000009bc   0x000009bc   0x00000082   Code   RO          620    .text.ADC_ConvDataAverageConfig  hc32_ll_adc.o
    0x00000a3e   0x00000a3e   0x00000002   PAD
    0x00000a40   0x00000a40   0x000000fc   Code   RO          608    .text.ADC_Init      hc32_ll_adc.o
    0x00000b3c   0x00000b3c   0x000000aa   Code   RO          618    .text.ADC_SetSampleTime  hc32_ll_adc.o
    0x00000be6   0x00000be6   0x00000002   PAD
    0x00000be8   0x00000be8   0x0000002a   Code   RO          526    .text.BSP_KEY_KEY10_IrqHandler  ev_hc32f460_lqfp100_v2.o
    0x00000c12   0x00000c12   0x00000002   PAD
    0x00000c14   0x00000c14   0x00000058   Code   RO          522    .text.BSP_LED_Off   ev_hc32f460_lqfp100_v2.o
    0x00000c6c   0x00000c6c   0x00000058   Code   RO          520    .text.BSP_LED_On    ev_hc32f460_lqfp100_v2.o
    0x00000cc4   0x00000cc4   0x00000026   Code   RO          772    .text.CLK_GetClockFreq  hc32_ll_clk.o
    0x00000cea   0x00000cea   0x00000002   PAD
    0x00000cec   0x00000cec   0x00000052   Code   RO          766    .text.CLK_GetStableStatus  hc32_ll_clk.o
    0x00000d3e   0x00000d3e   0x00000002   PAD
    0x00000d40   0x00000d40   0x000000ec   Code   RO          752    .text.CLK_PLLCmd    hc32_ll_clk.o
    0x00000e2c   0x00000e2c   0x000003be   Code   RO          750    .text.CLK_PLLInit   hc32_ll_clk.o
    0x000011ea   0x000011ea   0x00000002   PAD
    0x000011ec   0x000011ec   0x00000098   Code   RO          748    .text.CLK_PLLStructInit  hc32_ll_clk.o
    0x00001284   0x00001284   0x00000018   Code   RO          780    .text.CLK_SetClockDiv  hc32_ll_clk.o
    0x0000129c   0x0000129c   0x00000018   Code   RO          768    .text.CLK_SetSysClockSrc  hc32_ll_clk.o
    0x000012b4   0x000012b4   0x00000042   Code   RO          716    .text.CLK_WaitStable  hc32_ll_clk.o
    0x000012f6   0x000012f6   0x00000002   PAD
    0x000012f8   0x000012f8   0x000000f0   Code   RO          728    .text.CLK_XtalCmd   hc32_ll_clk.o
    0x000013e8   0x000013e8   0x000001b2   Code   RO          726    .text.CLK_XtalInit  hc32_ll_clk.o
    0x0000159a   0x0000159a   0x00000002   PAD
    0x0000159c   0x0000159c   0x0000003a   Code   RO          724    .text.CLK_XtalStructInit  hc32_ll_clk.o
    0x000015d6   0x000015d6   0x00000002   PAD
    0x000015d8   0x000015d8   0x0000000a   Code   RO         2023    .text.DDL_AssertHandler  hc32_ll_utility.o
    0x000015e2   0x000015e2   0x00000002   PAD
    0x000015e4   0x000015e4   0x0000006c   Code   RO          977    .text.EFM_CacheCmd  hc32_ll_efm.o
    0x00001650   0x00001650   0x0000006c   Code   RO          975    .text.EFM_CacheRamReset  hc32_ll_efm.o
    0x000016bc   0x000016bc   0x0000000e   Code   RO          593    .text.EFM_REG_Lock  hc32_ll.o
    0x000016ca   0x000016ca   0x00000002   PAD
    0x000016cc   0x000016cc   0x00000016   Code   RO          583    .text.EFM_REG_Unlock  hc32_ll.o
    0x000016e2   0x000016e2   0x00000002   PAD
    0x000016e4   0x000016e4   0x000000ca   Code   RO          973    .text.EFM_SetWaitCycle  hc32_ll_efm.o
    0x000017ae   0x000017ae   0x00000002   PAD
    0x000017b0   0x000017b0   0x00000042   Code   RO         1278    .text.EXTINT_ClearExtIntStatus  hc32_ll_interrupts.o
    0x000017f2   0x000017f2   0x00000002   PAD
    0x000017f4   0x000017f4   0x00000092   Code   RO         1053    .text.FCG_Fcg1PeriphClockCmd  hc32_ll_fcg.o
    0x00001886   0x00001886   0x00000002   PAD
    0x00001888   0x00001888   0x0000008e   Code   RO         1057    .text.FCG_Fcg3PeriphClockCmd  hc32_ll_fcg.o
    0x00001916   0x00001916   0x00000002   PAD
    0x00001918   0x00001918   0x00000132   Code   RO         1137    .text.GPIO_AnalogCmd  hc32_ll_gpio.o
    0x00001a4a   0x00001a4a   0x00000002   PAD
    0x00001a4c   0x00001a4c   0x0000030e   Code   RO         1101    .text.GPIO_Init     hc32_ll_gpio.o
    0x00001d5a   0x00001d5a   0x00000002   PAD
    0x00001d5c   0x00001d5c   0x00000010   Code   RO          597    .text.GPIO_REG_Lock  hc32_ll.o
    0x00001d6c   0x00001d6c   0x00000010   Code   RO          587    .text.GPIO_REG_Unlock  hc32_ll.o
    0x00001d7c   0x00001d7c   0x000000a8   Code   RO         1121    .text.GPIO_ReadInputPins  hc32_ll_gpio.o
    0x00001e24   0x00001e24   0x000000a8   Code   RO         1131    .text.GPIO_ResetPins  hc32_ll_gpio.o
    0x00001ecc   0x00001ecc   0x00000156   Code   RO         1109    .text.GPIO_SetFunc  hc32_ll_gpio.o
    0x00002022   0x00002022   0x00000002   PAD
    0x00002024   0x00002024   0x000000a8   Code   RO         1129    .text.GPIO_SetPins  hc32_ll_gpio.o
    0x000020cc   0x000020cc   0x00000092   Code   RO         1117    .text.GPIO_SetReadWaitCycle  hc32_ll_gpio.o
    0x0000215e   0x0000215e   0x00000002   PAD
    0x00002160   0x00002160   0x00000046   Code   RO         1105    .text.GPIO_StructInit  hc32_ll_gpio.o
    0x000021a6   0x000021a6   0x00000002   PAD
    0x000021a8   0x000021a8   0x00000178   Code   RO          774    .text.GetClockFreq  hc32_ll_clk.o
    0x00002320   0x00002320   0x0000028e   Code   RO         1159    .text.I2C_BaudrateConfig  hc32_ll_i2c.o
    0x000025ae   0x000025ae   0x00000002   PAD
    0x000025b0   0x000025b0   0x0000008a   Code   RO         1189    .text.I2C_ClearStatus  hc32_ll_i2c.o
    0x0000263a   0x0000263a   0x00000002   PAD
    0x0000263c   0x0000263c   0x00000090   Code   RO         1169    .text.I2C_Cmd       hc32_ll_i2c.o
    0x000026cc   0x000026cc   0x00000068   Code   RO         1161    .text.I2C_DeInit    hc32_ll_i2c.o
    0x00002734   0x00002734   0x00000092   Code   RO         1187    .text.I2C_GetStatus  hc32_ll_i2c.o
    0x000027c6   0x000027c6   0x00000002   PAD
    0x000027c8   0x000027c8   0x0000010e   Code   RO         1163    .text.I2C_Init      hc32_ll_i2c.o
    0x000028d6   0x000028d6   0x00000002   PAD
    0x000028d8   0x000028d8   0x000000d4   Code   RO         1193    .text.I2C_IntCmd    hc32_ll_i2c.o
    0x000029ac   0x000029ac   0x00000058   Code   RO         1197    .text.I2C_ReadData  hc32_ll_i2c.o
    0x00002a04   0x00002a04   0x00000122   Code   RO         1165    .text.I2C_SlaveAddrConfig  hc32_ll_i2c.o
    0x00002b26   0x00002b26   0x00000002   PAD
    0x00002b28   0x00002b28   0x00000030   Code   RO         1227    .text.I2C_StructInit  hc32_ll_i2c.o
    0x00002b58   0x00002b58   0x00000060   Code   RO         1195    .text.I2C_WriteData  hc32_ll_i2c.o
    0x00002bb8   0x00002bb8   0x00000102   Code   RO         1244    .text.INTC_IrqSignIn  hc32_ll_interrupts.o
    0x00002cba   0x00002cba   0x00000002   PAD
    0x00002cbc   0x00002cbc   0x00000014   Code   RO         1282    .text.IRQ000_Handler  hc32_ll_interrupts.o
    0x00002cd0   0x00002cd0   0x00000014   Code   RO         1284    .text.IRQ001_Handler  hc32_ll_interrupts.o
    0x00002ce4   0x00002ce4   0x00000014   Code   RO         1286    .text.IRQ002_Handler  hc32_ll_interrupts.o
    0x00002cf8   0x00002cf8   0x00000014   Code   RO         1288    .text.IRQ003_Handler  hc32_ll_interrupts.o
    0x00002d0c   0x00002d0c   0x00000014   Code   RO         1290    .text.IRQ004_Handler  hc32_ll_interrupts.o
    0x00002d20   0x00002d20   0x00000014   Code   RO         1292    .text.IRQ005_Handler  hc32_ll_interrupts.o
    0x00002d34   0x00002d34   0x00000014   Code   RO         1294    .text.IRQ006_Handler  hc32_ll_interrupts.o
    0x00002d48   0x00002d48   0x00000014   Code   RO         1296    .text.IRQ007_Handler  hc32_ll_interrupts.o
    0x00002d5c   0x00002d5c   0x00000014   Code   RO         1298    .text.IRQ008_Handler  hc32_ll_interrupts.o
    0x00002d70   0x00002d70   0x00000014   Code   RO         1300    .text.IRQ009_Handler  hc32_ll_interrupts.o
    0x00002d84   0x00002d84   0x00000014   Code   RO         1302    .text.IRQ010_Handler  hc32_ll_interrupts.o
    0x00002d98   0x00002d98   0x00000014   Code   RO         1304    .text.IRQ011_Handler  hc32_ll_interrupts.o
    0x00002dac   0x00002dac   0x00000014   Code   RO         1306    .text.IRQ012_Handler  hc32_ll_interrupts.o
    0x00002dc0   0x00002dc0   0x00000014   Code   RO         1308    .text.IRQ013_Handler  hc32_ll_interrupts.o
    0x00002dd4   0x00002dd4   0x00000014   Code   RO         1310    .text.IRQ014_Handler  hc32_ll_interrupts.o
    0x00002de8   0x00002de8   0x00000014   Code   RO         1312    .text.IRQ015_Handler  hc32_ll_interrupts.o
    0x00002dfc   0x00002dfc   0x00000014   Code   RO         1314    .text.IRQ016_Handler  hc32_ll_interrupts.o
    0x00002e10   0x00002e10   0x00000014   Code   RO         1316    .text.IRQ017_Handler  hc32_ll_interrupts.o
    0x00002e24   0x00002e24   0x00000014   Code   RO         1318    .text.IRQ018_Handler  hc32_ll_interrupts.o
    0x00002e38   0x00002e38   0x00000014   Code   RO         1320    .text.IRQ019_Handler  hc32_ll_interrupts.o
    0x00002e4c   0x00002e4c   0x00000014   Code   RO         1322    .text.IRQ020_Handler  hc32_ll_interrupts.o
    0x00002e60   0x00002e60   0x00000014   Code   RO         1324    .text.IRQ021_Handler  hc32_ll_interrupts.o
    0x00002e74   0x00002e74   0x00000014   Code   RO         1326    .text.IRQ022_Handler  hc32_ll_interrupts.o
    0x00002e88   0x00002e88   0x00000014   Code   RO         1328    .text.IRQ023_Handler  hc32_ll_interrupts.o
    0x00002e9c   0x00002e9c   0x00000014   Code   RO         1330    .text.IRQ024_Handler  hc32_ll_interrupts.o
    0x00002eb0   0x00002eb0   0x00000014   Code   RO         1332    .text.IRQ025_Handler  hc32_ll_interrupts.o
    0x00002ec4   0x00002ec4   0x00000014   Code   RO         1334    .text.IRQ026_Handler  hc32_ll_interrupts.o
    0x00002ed8   0x00002ed8   0x00000014   Code   RO         1336    .text.IRQ027_Handler  hc32_ll_interrupts.o
    0x00002eec   0x00002eec   0x00000014   Code   RO         1338    .text.IRQ028_Handler  hc32_ll_interrupts.o
    0x00002f00   0x00002f00   0x00000014   Code   RO         1340    .text.IRQ029_Handler  hc32_ll_interrupts.o
    0x00002f14   0x00002f14   0x00000014   Code   RO         1342    .text.IRQ030_Handler  hc32_ll_interrupts.o
    0x00002f28   0x00002f28   0x00000014   Code   RO         1344    .text.IRQ031_Handler  hc32_ll_interrupts.o
    0x00002f3c   0x00002f3c   0x00000016   Code   RO         1346    .text.IRQ032_Handler  hc32_ll_interrupts.o
    0x00002f52   0x00002f52   0x00000002   PAD
    0x00002f54   0x00002f54   0x00000016   Code   RO         1348    .text.IRQ033_Handler  hc32_ll_interrupts.o
    0x00002f6a   0x00002f6a   0x00000002   PAD
    0x00002f6c   0x00002f6c   0x00000016   Code   RO         1350    .text.IRQ034_Handler  hc32_ll_interrupts.o
    0x00002f82   0x00002f82   0x00000002   PAD
    0x00002f84   0x00002f84   0x00000016   Code   RO         1352    .text.IRQ035_Handler  hc32_ll_interrupts.o
    0x00002f9a   0x00002f9a   0x00000002   PAD
    0x00002f9c   0x00002f9c   0x00000016   Code   RO         1354    .text.IRQ036_Handler  hc32_ll_interrupts.o
    0x00002fb2   0x00002fb2   0x00000002   PAD
    0x00002fb4   0x00002fb4   0x00000016   Code   RO         1356    .text.IRQ037_Handler  hc32_ll_interrupts.o
    0x00002fca   0x00002fca   0x00000002   PAD
    0x00002fcc   0x00002fcc   0x00000016   Code   RO         1358    .text.IRQ038_Handler  hc32_ll_interrupts.o
    0x00002fe2   0x00002fe2   0x00000002   PAD
    0x00002fe4   0x00002fe4   0x00000016   Code   RO         1360    .text.IRQ039_Handler  hc32_ll_interrupts.o
    0x00002ffa   0x00002ffa   0x00000002   PAD
    0x00002ffc   0x00002ffc   0x00000016   Code   RO         1362    .text.IRQ040_Handler  hc32_ll_interrupts.o
    0x00003012   0x00003012   0x00000002   PAD
    0x00003014   0x00003014   0x00000016   Code   RO         1364    .text.IRQ041_Handler  hc32_ll_interrupts.o
    0x0000302a   0x0000302a   0x00000002   PAD
    0x0000302c   0x0000302c   0x00000016   Code   RO         1366    .text.IRQ042_Handler  hc32_ll_interrupts.o
    0x00003042   0x00003042   0x00000002   PAD
    0x00003044   0x00003044   0x00000016   Code   RO         1368    .text.IRQ043_Handler  hc32_ll_interrupts.o
    0x0000305a   0x0000305a   0x00000002   PAD
    0x0000305c   0x0000305c   0x00000016   Code   RO         1370    .text.IRQ044_Handler  hc32_ll_interrupts.o
    0x00003072   0x00003072   0x00000002   PAD
    0x00003074   0x00003074   0x00000016   Code   RO         1372    .text.IRQ045_Handler  hc32_ll_interrupts.o
    0x0000308a   0x0000308a   0x00000002   PAD
    0x0000308c   0x0000308c   0x00000016   Code   RO         1374    .text.IRQ046_Handler  hc32_ll_interrupts.o
    0x000030a2   0x000030a2   0x00000002   PAD
    0x000030a4   0x000030a4   0x00000016   Code   RO         1376    .text.IRQ047_Handler  hc32_ll_interrupts.o
    0x000030ba   0x000030ba   0x00000002   PAD
    0x000030bc   0x000030bc   0x00000016   Code   RO         1378    .text.IRQ048_Handler  hc32_ll_interrupts.o
    0x000030d2   0x000030d2   0x00000002   PAD
    0x000030d4   0x000030d4   0x00000016   Code   RO         1380    .text.IRQ049_Handler  hc32_ll_interrupts.o
    0x000030ea   0x000030ea   0x00000002   PAD
    0x000030ec   0x000030ec   0x00000016   Code   RO         1382    .text.IRQ050_Handler  hc32_ll_interrupts.o
    0x00003102   0x00003102   0x00000002   PAD
    0x00003104   0x00003104   0x00000016   Code   RO         1384    .text.IRQ051_Handler  hc32_ll_interrupts.o
    0x0000311a   0x0000311a   0x00000002   PAD
    0x0000311c   0x0000311c   0x00000016   Code   RO         1386    .text.IRQ052_Handler  hc32_ll_interrupts.o
    0x00003132   0x00003132   0x00000002   PAD
    0x00003134   0x00003134   0x00000016   Code   RO         1388    .text.IRQ053_Handler  hc32_ll_interrupts.o
    0x0000314a   0x0000314a   0x00000002   PAD
    0x0000314c   0x0000314c   0x00000016   Code   RO         1390    .text.IRQ054_Handler  hc32_ll_interrupts.o
    0x00003162   0x00003162   0x00000002   PAD
    0x00003164   0x00003164   0x00000016   Code   RO         1392    .text.IRQ055_Handler  hc32_ll_interrupts.o
    0x0000317a   0x0000317a   0x00000002   PAD
    0x0000317c   0x0000317c   0x00000016   Code   RO         1394    .text.IRQ056_Handler  hc32_ll_interrupts.o
    0x00003192   0x00003192   0x00000002   PAD
    0x00003194   0x00003194   0x00000016   Code   RO         1396    .text.IRQ057_Handler  hc32_ll_interrupts.o
    0x000031aa   0x000031aa   0x00000002   PAD
    0x000031ac   0x000031ac   0x00000016   Code   RO         1398    .text.IRQ058_Handler  hc32_ll_interrupts.o
    0x000031c2   0x000031c2   0x00000002   PAD
    0x000031c4   0x000031c4   0x00000016   Code   RO         1400    .text.IRQ059_Handler  hc32_ll_interrupts.o
    0x000031da   0x000031da   0x00000002   PAD
    0x000031dc   0x000031dc   0x00000016   Code   RO         1402    .text.IRQ060_Handler  hc32_ll_interrupts.o
    0x000031f2   0x000031f2   0x00000002   PAD
    0x000031f4   0x000031f4   0x00000016   Code   RO         1404    .text.IRQ061_Handler  hc32_ll_interrupts.o
    0x0000320a   0x0000320a   0x00000002   PAD
    0x0000320c   0x0000320c   0x00000016   Code   RO         1406    .text.IRQ062_Handler  hc32_ll_interrupts.o
    0x00003222   0x00003222   0x00000002   PAD
    0x00003224   0x00003224   0x00000016   Code   RO         1408    .text.IRQ063_Handler  hc32_ll_interrupts.o
    0x0000323a   0x0000323a   0x00000002   PAD
    0x0000323c   0x0000323c   0x00000016   Code   RO         1410    .text.IRQ064_Handler  hc32_ll_interrupts.o
    0x00003252   0x00003252   0x00000002   PAD
    0x00003254   0x00003254   0x00000016   Code   RO         1412    .text.IRQ065_Handler  hc32_ll_interrupts.o
    0x0000326a   0x0000326a   0x00000002   PAD
    0x0000326c   0x0000326c   0x00000016   Code   RO         1414    .text.IRQ066_Handler  hc32_ll_interrupts.o
    0x00003282   0x00003282   0x00000002   PAD
    0x00003284   0x00003284   0x00000016   Code   RO         1416    .text.IRQ067_Handler  hc32_ll_interrupts.o
    0x0000329a   0x0000329a   0x00000002   PAD
    0x0000329c   0x0000329c   0x00000016   Code   RO         1418    .text.IRQ068_Handler  hc32_ll_interrupts.o
    0x000032b2   0x000032b2   0x00000002   PAD
    0x000032b4   0x000032b4   0x00000016   Code   RO         1420    .text.IRQ069_Handler  hc32_ll_interrupts.o
    0x000032ca   0x000032ca   0x00000002   PAD
    0x000032cc   0x000032cc   0x00000016   Code   RO         1422    .text.IRQ070_Handler  hc32_ll_interrupts.o
    0x000032e2   0x000032e2   0x00000002   PAD
    0x000032e4   0x000032e4   0x00000016   Code   RO         1424    .text.IRQ071_Handler  hc32_ll_interrupts.o
    0x000032fa   0x000032fa   0x00000002   PAD
    0x000032fc   0x000032fc   0x00000016   Code   RO         1426    .text.IRQ072_Handler  hc32_ll_interrupts.o
    0x00003312   0x00003312   0x00000002   PAD
    0x00003314   0x00003314   0x00000016   Code   RO         1428    .text.IRQ073_Handler  hc32_ll_interrupts.o
    0x0000332a   0x0000332a   0x00000002   PAD
    0x0000332c   0x0000332c   0x00000016   Code   RO         1430    .text.IRQ074_Handler  hc32_ll_interrupts.o
    0x00003342   0x00003342   0x00000002   PAD
    0x00003344   0x00003344   0x00000016   Code   RO         1432    .text.IRQ075_Handler  hc32_ll_interrupts.o
    0x0000335a   0x0000335a   0x00000002   PAD
    0x0000335c   0x0000335c   0x00000016   Code   RO         1434    .text.IRQ076_Handler  hc32_ll_interrupts.o
    0x00003372   0x00003372   0x00000002   PAD
    0x00003374   0x00003374   0x00000016   Code   RO         1436    .text.IRQ077_Handler  hc32_ll_interrupts.o
    0x0000338a   0x0000338a   0x00000002   PAD
    0x0000338c   0x0000338c   0x00000016   Code   RO         1438    .text.IRQ078_Handler  hc32_ll_interrupts.o
    0x000033a2   0x000033a2   0x00000002   PAD
    0x000033a4   0x000033a4   0x00000016   Code   RO         1440    .text.IRQ079_Handler  hc32_ll_interrupts.o
    0x000033ba   0x000033ba   0x00000002   PAD
    0x000033bc   0x000033bc   0x00000016   Code   RO         1442    .text.IRQ080_Handler  hc32_ll_interrupts.o
    0x000033d2   0x000033d2   0x00000002   PAD
    0x000033d4   0x000033d4   0x00000016   Code   RO         1444    .text.IRQ081_Handler  hc32_ll_interrupts.o
    0x000033ea   0x000033ea   0x00000002   PAD
    0x000033ec   0x000033ec   0x00000016   Code   RO         1446    .text.IRQ082_Handler  hc32_ll_interrupts.o
    0x00003402   0x00003402   0x00000002   PAD
    0x00003404   0x00003404   0x00000016   Code   RO         1448    .text.IRQ083_Handler  hc32_ll_interrupts.o
    0x0000341a   0x0000341a   0x00000002   PAD
    0x0000341c   0x0000341c   0x00000016   Code   RO         1450    .text.IRQ084_Handler  hc32_ll_interrupts.o
    0x00003432   0x00003432   0x00000002   PAD
    0x00003434   0x00003434   0x00000016   Code   RO         1452    .text.IRQ085_Handler  hc32_ll_interrupts.o
    0x0000344a   0x0000344a   0x00000002   PAD
    0x0000344c   0x0000344c   0x00000016   Code   RO         1454    .text.IRQ086_Handler  hc32_ll_interrupts.o
    0x00003462   0x00003462   0x00000002   PAD
    0x00003464   0x00003464   0x00000016   Code   RO         1456    .text.IRQ087_Handler  hc32_ll_interrupts.o
    0x0000347a   0x0000347a   0x00000002   PAD
    0x0000347c   0x0000347c   0x00000016   Code   RO         1458    .text.IRQ088_Handler  hc32_ll_interrupts.o
    0x00003492   0x00003492   0x00000002   PAD
    0x00003494   0x00003494   0x00000016   Code   RO         1460    .text.IRQ089_Handler  hc32_ll_interrupts.o
    0x000034aa   0x000034aa   0x00000002   PAD
    0x000034ac   0x000034ac   0x00000016   Code   RO         1462    .text.IRQ090_Handler  hc32_ll_interrupts.o
    0x000034c2   0x000034c2   0x00000002   PAD
    0x000034c4   0x000034c4   0x00000016   Code   RO         1464    .text.IRQ091_Handler  hc32_ll_interrupts.o
    0x000034da   0x000034da   0x00000002   PAD
    0x000034dc   0x000034dc   0x00000016   Code   RO         1466    .text.IRQ092_Handler  hc32_ll_interrupts.o
    0x000034f2   0x000034f2   0x00000002   PAD
    0x000034f4   0x000034f4   0x00000016   Code   RO         1468    .text.IRQ093_Handler  hc32_ll_interrupts.o
    0x0000350a   0x0000350a   0x00000002   PAD
    0x0000350c   0x0000350c   0x00000016   Code   RO         1470    .text.IRQ094_Handler  hc32_ll_interrupts.o
    0x00003522   0x00003522   0x00000002   PAD
    0x00003524   0x00003524   0x00000016   Code   RO         1472    .text.IRQ095_Handler  hc32_ll_interrupts.o
    0x0000353a   0x0000353a   0x00000002   PAD
    0x0000353c   0x0000353c   0x00000016   Code   RO         1474    .text.IRQ096_Handler  hc32_ll_interrupts.o
    0x00003552   0x00003552   0x00000002   PAD
    0x00003554   0x00003554   0x00000016   Code   RO         1476    .text.IRQ097_Handler  hc32_ll_interrupts.o
    0x0000356a   0x0000356a   0x00000002   PAD
    0x0000356c   0x0000356c   0x00000016   Code   RO         1478    .text.IRQ098_Handler  hc32_ll_interrupts.o
    0x00003582   0x00003582   0x00000002   PAD
    0x00003584   0x00003584   0x00000016   Code   RO         1480    .text.IRQ099_Handler  hc32_ll_interrupts.o
    0x0000359a   0x0000359a   0x00000002   PAD
    0x0000359c   0x0000359c   0x00000016   Code   RO         1482    .text.IRQ100_Handler  hc32_ll_interrupts.o
    0x000035b2   0x000035b2   0x00000002   PAD
    0x000035b4   0x000035b4   0x00000016   Code   RO         1484    .text.IRQ101_Handler  hc32_ll_interrupts.o
    0x000035ca   0x000035ca   0x00000002   PAD
    0x000035cc   0x000035cc   0x00000016   Code   RO         1486    .text.IRQ102_Handler  hc32_ll_interrupts.o
    0x000035e2   0x000035e2   0x00000002   PAD
    0x000035e4   0x000035e4   0x00000016   Code   RO         1488    .text.IRQ103_Handler  hc32_ll_interrupts.o
    0x000035fa   0x000035fa   0x00000002   PAD
    0x000035fc   0x000035fc   0x00000016   Code   RO         1490    .text.IRQ104_Handler  hc32_ll_interrupts.o
    0x00003612   0x00003612   0x00000002   PAD
    0x00003614   0x00003614   0x00000016   Code   RO         1492    .text.IRQ105_Handler  hc32_ll_interrupts.o
    0x0000362a   0x0000362a   0x00000002   PAD
    0x0000362c   0x0000362c   0x00000016   Code   RO         1494    .text.IRQ106_Handler  hc32_ll_interrupts.o
    0x00003642   0x00003642   0x00000002   PAD
    0x00003644   0x00003644   0x00000016   Code   RO         1496    .text.IRQ107_Handler  hc32_ll_interrupts.o
    0x0000365a   0x0000365a   0x00000002   PAD
    0x0000365c   0x0000365c   0x00000016   Code   RO         1498    .text.IRQ108_Handler  hc32_ll_interrupts.o
    0x00003672   0x00003672   0x00000002   PAD
    0x00003674   0x00003674   0x00000016   Code   RO         1500    .text.IRQ109_Handler  hc32_ll_interrupts.o
    0x0000368a   0x0000368a   0x00000002   PAD
    0x0000368c   0x0000368c   0x00000016   Code   RO         1502    .text.IRQ110_Handler  hc32_ll_interrupts.o
    0x000036a2   0x000036a2   0x00000002   PAD
    0x000036a4   0x000036a4   0x00000016   Code   RO         1504    .text.IRQ111_Handler  hc32_ll_interrupts.o
    0x000036ba   0x000036ba   0x00000002   PAD
    0x000036bc   0x000036bc   0x00000016   Code   RO         1506    .text.IRQ112_Handler  hc32_ll_interrupts.o
    0x000036d2   0x000036d2   0x00000002   PAD
    0x000036d4   0x000036d4   0x00000016   Code   RO         1508    .text.IRQ113_Handler  hc32_ll_interrupts.o
    0x000036ea   0x000036ea   0x00000002   PAD
    0x000036ec   0x000036ec   0x00000016   Code   RO         1510    .text.IRQ114_Handler  hc32_ll_interrupts.o
    0x00003702   0x00003702   0x00000002   PAD
    0x00003704   0x00003704   0x00000016   Code   RO         1512    .text.IRQ115_Handler  hc32_ll_interrupts.o
    0x0000371a   0x0000371a   0x00000002   PAD
    0x0000371c   0x0000371c   0x00000016   Code   RO         1514    .text.IRQ116_Handler  hc32_ll_interrupts.o
    0x00003732   0x00003732   0x00000002   PAD
    0x00003734   0x00003734   0x00000016   Code   RO         1516    .text.IRQ117_Handler  hc32_ll_interrupts.o
    0x0000374a   0x0000374a   0x00000002   PAD
    0x0000374c   0x0000374c   0x00000016   Code   RO         1518    .text.IRQ118_Handler  hc32_ll_interrupts.o
    0x00003762   0x00003762   0x00000002   PAD
    0x00003764   0x00003764   0x00000016   Code   RO         1520    .text.IRQ119_Handler  hc32_ll_interrupts.o
    0x0000377a   0x0000377a   0x00000002   PAD
    0x0000377c   0x0000377c   0x00000016   Code   RO         1522    .text.IRQ120_Handler  hc32_ll_interrupts.o
    0x00003792   0x00003792   0x00000002   PAD
    0x00003794   0x00003794   0x00000016   Code   RO         1524    .text.IRQ121_Handler  hc32_ll_interrupts.o
    0x000037aa   0x000037aa   0x00000002   PAD
    0x000037ac   0x000037ac   0x00000016   Code   RO         1526    .text.IRQ122_Handler  hc32_ll_interrupts.o
    0x000037c2   0x000037c2   0x00000002   PAD
    0x000037c4   0x000037c4   0x00000016   Code   RO         1528    .text.IRQ123_Handler  hc32_ll_interrupts.o
    0x000037da   0x000037da   0x00000002   PAD
    0x000037dc   0x000037dc   0x00000016   Code   RO         1530    .text.IRQ124_Handler  hc32_ll_interrupts.o
    0x000037f2   0x000037f2   0x00000002   PAD
    0x000037f4   0x000037f4   0x00000016   Code   RO         1532    .text.IRQ125_Handler  hc32_ll_interrupts.o
    0x0000380a   0x0000380a   0x00000002   PAD
    0x0000380c   0x0000380c   0x00000016   Code   RO         1534    .text.IRQ126_Handler  hc32_ll_interrupts.o
    0x00003822   0x00003822   0x00000002   PAD
    0x00003824   0x00003824   0x00000016   Code   RO         1536    .text.IRQ127_Handler  hc32_ll_interrupts.o
    0x0000383a   0x0000383a   0x00000002   PAD
    0x0000383c   0x0000383c   0x0000007c   Code   RO          581    .text.LL_PERIPH_WE  hc32_ll.o
    0x000038b8   0x000038b8   0x0000007c   Code   RO          591    .text.LL_PERIPH_WP  hc32_ll.o
    0x00003934   0x00003934   0x00000012   Code   RO          595    .text.PWC_FCG0_REG_Lock  hc32_ll.o
    0x00003946   0x00003946   0x00000002   PAD
    0x00003948   0x00003948   0x00000012   Code   RO          585    .text.PWC_FCG0_REG_Unlock  hc32_ll.o
    0x0000395a   0x0000395a   0x00000002   PAD
    0x0000395c   0x0000395c   0x00000054   Code   RO         1619    .text.PWC_HighSpeedToHighPerformance  hc32_ll_pwc.o
    0x000039b0   0x000039b0   0x00000020   Code   RO          599    .text.PWC_REG_Lock  hc32_ll.o
    0x000039d0   0x000039d0   0x0000001c   Code   RO          589    .text.PWC_REG_Unlock  hc32_ll.o
    0x000039ec   0x000039ec   0x00000018   Code   RO          577    .text.SRAM_REG_Lock  hc32_ll.o
    0x00003a04   0x00003a04   0x00000018   Code   RO          579    .text.SRAM_REG_Unlock  hc32_ll.o
    0x00003a1c   0x00003a1c   0x00000110   Code   RO         1770    .text.SRAM_SetWaitCycle  hc32_ll_sram.o
    0x00003b2c   0x00003b2c   0x00000496   Code   RO          782    .text.SetSysClockDiv  hc32_ll_clk.o
    0x00003fc2   0x00003fc2   0x00000002   PAD
    0x00003fc4   0x00003fc4   0x0000019a   Code   RO          770    .text.SetSysClockSrc  hc32_ll_clk.o
    0x0000415e   0x0000415e   0x00000002   PAD
    0x00004160   0x00004160   0x00000014   Code   RO          319    .text.SysTick_Handler  systick.o
    0x00004174   0x00004174   0x0000012e   Code   RO          555    .text.SystemCoreClockUpdate  system_hc32f460.o
    0x000042a2   0x000042a2   0x00000002   PAD
    0x000042a4   0x000042a4   0x00000014   Code   RO          553    .text.SystemInit    system_hc32f460.o
    0x000042b8   0x000042b8   0x00000008   Code   RO            8    .text._GLOBAL__sub_I_main.cpp  main.o
    0x000042c0   0x000042c0   0x0000004a   Code   RO           43    .text._GPIO_Init    wiring_digital.o
    0x0000430a   0x0000430a   0x00000002   PAD
    0x0000430c   0x0000430c   0x00000120   Code   RO          309    .text._Z10clock_initv  sysclock.o
    0x0000442c   0x0000442c   0x00000036   Code   RO          274    .text._Z12adc_adc_initPK12adc_device_t  adc.o
    0x00004462   0x00004462   0x00000002   PAD
    0x00004464   0x00004464   0x0000015e   Code   RO         2062    .text._Z16Slave_Initializev  hardwarei2c.o
    0x000045c2   0x000045c2   0x00000002   PAD
    0x000045c4   0x000045c4   0x00000010   Code   RO          276    .text._Z19adc_channel_to_maskPK12adc_device_th  adc.o
    0x000045d4   0x000045d4   0x00000042   Code   RO          307    .text._Z31update_system_clock_frequenciesv  sysclock.o
    0x00004616   0x00004616   0x00000002   PAD
    0x00004618   0x00004618   0x00000052   Code   RO          323    .text._ZL14SysTick_Configj  systick.o
    0x0000466a   0x0000466a   0x00000002   PAD
    0x0000466c   0x0000466c   0x0000016a   Code   RO         2064    .text._ZL16I2C_EEI_Callbackv  hardwarei2c.o
    0x000047d6   0x000047d6   0x00000002   PAD
    0x000047d8   0x000047d8   0x0000002a   Code   RO         2072    .text._ZL16I2C_RXI_Callbackv  hardwarei2c.o
    0x00004802   0x00004802   0x00000002   PAD
    0x00004804   0x00004804   0x00000040   Code   RO         2074    .text._ZL16I2C_TEI_Callbackv  hardwarei2c.o
    0x00004844   0x00004844   0x00000030   Code   RO         2070    .text._ZL16__NVIC_EnableIRQ9IRQn_Type  hardwarei2c.o
    0x00004874   0x00004874   0x00000042   Code   RO          337    .text._ZL18__NVIC_SetPriority9IRQn_Typej  systick.o
    0x000048b6   0x000048b6   0x00000002   PAD
    0x000048b8   0x000048b8   0x00000042   Code   RO         2068    .text._ZL18__NVIC_SetPriority9IRQn_Typej  hardwarei2c.o
    0x000048fa   0x000048fa   0x00000002   PAD
    0x000048fc   0x000048fc   0x00000030   Code   RO         2066    .text._ZL22__NVIC_ClearPendingIRQ9IRQn_Type  hardwarei2c.o
    0x0000492c   0x0000492c   0x00000044   Code   RO         2076    .text._ZL7BufReadv  hardwarei2c.o
    0x00004970   0x00004970   0x0000003c   Code   RO         2078    .text._ZL8BufWriteh  hardwarei2c.o
    0x000049ac   0x000049ac   0x00000024   Code   RO            6    .text._ZL9led_blinkv  main.o
    0x000049d0   0x000049d0   0x00000036   Code   RO         2049    .text._ZN17MillisTaskManager12GetTickElapsEjj  millistaskmanager.o
    0x00004a06   0x00004a06   0x00000002   PAD
    0x00004a08   0x00004a08   0x0000003a   Code   RO         2039    .text._ZN17MillisTaskManager4FindEPFvvE  millistaskmanager.o
    0x00004a42   0x00004a42   0x00000002   PAD
    0x00004a44   0x00004a44   0x00000078   Code   RO         2053    .text._ZN17MillisTaskManager7RunningEj  millistaskmanager.o
    0x00004abc   0x00004abc   0x000000a6   Code   RO         2037    .text._ZN17MillisTaskManager8RegisterEPFvvEjb  millistaskmanager.o
    0x00004b62   0x00004b62   0x00000002   PAD
    0x00004b64   0x00004b64   0x0000001e   Code   RO         2033    .text._ZN17MillisTaskManagerC2Eb  millistaskmanager.o
    0x00004b82   0x00004b82   0x00000002   PAD
    0x00004b84   0x00004b84   0x0000003e   Code   RO         2035    .text._ZN17MillisTaskManagerD2Ev  millistaskmanager.o
    0x00004bc2   0x00004bc2   0x00000002   PAD
    0x00004bc4   0x00004bc4   0x00000016   Code   RO           55    .text._ZNK10pin_info_t8bit_maskEv  wiring_digital.o
    0x00004bda   0x00004bda   0x00000002   PAD
    0x00004bdc   0x00004bdc   0x00000038   Code   RO           41    .text._ZNK14pin_adc_info_t10get_deviceEv  wiring_digital.o
    0x00004c14   0x00004c14   0x00000030   Code   RO         2583    .text._ZSt11__terminatePFvvE  libcppabi_w.l(cxa_handlers.cpp.o)
    0x00004c44   0x00004c44   0x0000000c   Code   RO         2589    .text._ZSt15get_new_handlerv  libcppabi_w.l(cxa_handlers.cpp.o)
    0x00004c50   0x00004c50   0x0000000e   Code   RO         2585    .text._ZSt9terminatev  libcppabi_w.l(cxa_handlers.cpp.o)
    0x00004c5e   0x00004c5e   0x00000004   Code   RO         2290    .text._ZdlPv        libcpp_w.l(new.cpp.o)
    0x00004c62   0x00004c62   0x00000002   PAD
    0x00004c64   0x00004c64   0x00000026   Code   RO         2282    .text._Znwj         libcpp_w.l(new.cpp.o)
    0x00004c8a   0x00004c8a   0x00000002   PAD
    0x00004c8c   0x00004c8c   0x0000002e   Code   RO            2    .text.__cxx_global_var_init  main.o
    0x00004cba   0x00004cba   0x00000004   Code   RO         2594    .text.abort_message  libcppabi_w.l(abort_message.cpp.o)
    0x00004cbe   0x00004cbe   0x00000002   PAD
    0x00004cc0   0x00004cc0   0x00000024   Code   RO          254    .text.adc_device_init  adc.o
    0x00004ce4   0x00004ce4   0x00000018   Code   RO          258    .text.adc_disable_channel  adc.o
    0x00004cfc   0x00004cfc   0x0000005c   Code   RO          256    .text.adc_enable_channel  adc.o
    0x00004d58   0x00004d58   0x00000032   Code   RO          333    .text.delay_ms      systick.o
    0x00004d8a   0x00004d8a   0x00000002   PAD
    0x00004d8c   0x00004d8c   0x00000098   Code   RO          335    .text.delay_us      systick.o
    0x00004e24   0x00004e24   0x0000005a   Code   RO            4    .text.main          main.o
    0x00004e7e   0x00004e7e   0x00000002   PAD
    0x00004e80   0x00004e80   0x00000008   Code   RO          329    .text.millis        systick.o
    0x00004e88   0x00004e88   0x00000114   Code   RO           26    .text.pinMode       wiring_digital.o
    0x00004f9c   0x00004f9c   0x00000022   Code   RO          321    .text.systick_init  systick.o
    0x00004fbe   0x00004fbe   0x00000002   PAD
    0x00004fc0   0x00004fc0   0x0000000c   Code   RO          325    .text.systick_millis  systick.o
    0x00004fcc   0x00004fcc   0x000000c4   Code   RO         2255    x$fpl$fadd          fz_ws.l(faddsub_clz.o)
    0x00005090   0x00005090   0x00000054   Code   RO         2261    x$fpl$fcmp          fz_ws.l(fcmp.o)
    0x000050e4   0x000050e4   0x00000018   Code   RO         2683    x$fpl$fcmpinf       fz_ws.l(fcmpi.o)
    0x000050fc   0x000050fc   0x00000184   Code   RO         2264    x$fpl$fdiv          fz_ws.l(fdiv.o)
    0x00005280   0x00005280   0x00000068   Code   RO         2555    x$fpl$feqf          fz_ws.l(feqf.o)
    0x000052e8   0x000052e8   0x0000003e   Code   RO         2267    x$fpl$ffixu         fz_ws.l(ffixu.o)
    0x00005326   0x00005326   0x00000002   PAD
    0x00005328   0x00005328   0x00000026   Code   RO         2271    x$fpl$ffltu         fz_ws.l(fflt_clz.o)
    0x0000534e   0x0000534e   0x00000002   PAD
    0x00005350   0x00005350   0x00000068   Code   RO         2557    x$fpl$fgeqf         fz_ws.l(fgeqf.o)
    0x000053b8   0x000053b8   0x00000068   Code   RO         2559    x$fpl$fleqf         fz_ws.l(fleqf.o)
    0x00005420   0x00005420   0x0000008c   Code   RO         2561    x$fpl$fnaninf       fz_ws.l(fnaninf.o)
    0x000054ac   0x000054ac   0x0000000a   Code   RO         2563    x$fpl$fretinf       fz_ws.l(fretinf.o)
    0x000054b6   0x000054b6   0x00000002   PAD
    0x000054b8   0x000054b8   0x000000ea   Code   RO         2257    x$fpl$fsub          fz_ws.l(faddsub_clz.o)
    0x000055a2   0x000055a2   0x00000000   Code   RO         2573    x$fpl$usenofp       fz_ws.l(usenofp.o)
    0x000055a2   0x000055a2   0x00000010   Data   RO          544    .rodata.BSP_LED_PORT_PIN  ev_hc32f460_lqfp100_v2.o
    0x000055b2   0x000055b2   0x000000f9   Data   RO           20    .rodata.PIN_MAP     variant.o
    0x000056ab   0x000056ab   0x0000001f   Data   RO          686    .rodata.str1.1      hc32_ll_adc.o
    0x000056ca   0x000056ca   0x0000001f   Data   RO          794    .rodata.str1.1      hc32_ll_clk.o
    0x000056e9   0x000056e9   0x0000001f   Data   RO         1041    .rodata.str1.1      hc32_ll_efm.o
    0x00005708   0x00005708   0x0000001f   Data   RO         1059    .rodata.str1.1      hc32_ll_fcg.o
    0x00005727   0x00005727   0x00000020   Data   RO         1141    .rodata.str1.1      hc32_ll_gpio.o
    0x00005747   0x00005747   0x0000001f   Data   RO         1229    .rodata.str1.1      hc32_ll_i2c.o
    0x00005766   0x00005766   0x00000026   Data   RO         1538    .rodata.str1.1      hc32_ll_interrupts.o
    0x0000578c   0x0000578c   0x0000001f   Data   RO         1680    .rodata.str1.1      hc32_ll_pwc.o
    0x000057ab   0x000057ab   0x00000020   Data   RO         1780    .rodata.str1.1      hc32_ll_sram.o
    0x000057cb   0x000057cb   0x00000001   PAD
    0x000057cc   0x000057cc   0x00000020   Data   RO         2887    Region$$Table       anon$$obj.o
    0x000057ec   0x000057ec   0x00000004   Data   RO           11    .init_array         main.o
    0x000057f0   0x000057ec   0x00000000   Data   RO         2214    .init_array         c_w.l(init_aeabi.o)


    Execution Region RW_IRAM1 (Exec base: 0x1fff8000, Load base: 0x000057f0, Size: 0x00000008, Max: 0x00000008, ABSOLUTE, UNINIT)

    Exec Addr    Load Addr    Size         Type   Attr      Idx    E Section Name        Object

    0x1fff8000        -       0x00000008   Zero   RW          557    .bss.noinit         system_hc32f460.o


    Execution Region RW_IRAM2 (Exec base: 0x1fff8008, Load base: 0x000057f0, Size: 0x000043d0, Max: 0x0002eff8, ABSOLUTE)

    Exec Addr    Load Addr    Size         Type   Attr      Idx    E Section Name        Object

    0x1fff8008   0x000057f0   0x00000014   Data   RW          279    .data.ADC1_device   adc_config.o
    0x1fff801c   0x00005804   0x00000004   Data   RW         2694    .data.__cxa_terminate_handler  libcppabi_w.l(cxa_default_handlers.cpp.o)
    0x1fff8020   0x00005808   0x00000004   Data   RW         2695    .data.__cxa_unexpected_handler  libcppabi_w.l(cxa_default_handlers.cpp.o)
    0x1fff8024   0x0000580c   0x00000004   PAD
    0x1fff8028        -       0x00000060   Zero   RW         2606    .bss                c_w.l(libspace.o)
    0x1fff8088        -       0x00000020   Zero   RW          311    .bss.SYSTEM_CLOCK_FREQUENCIES  sysclock.o
    0x1fff80a8        -       0x00000004   Zero   RW          339    .bss._ZL15SystemTickCount  systick.o
    0x1fff80ac        -       0x00000100   Zero   RW         2080    .bss._ZL7u8RxBuf    hardwarei2c.o
    0x1fff81ac        -       0x00000014   Zero   RW         2081    .bss._ZL9stcI2cCom  hardwarei2c.o
    0x1fff81c0        -       0x00000004   Zero   RW         2591    .bss.__cxa_new_handler  libcppabi_w.l(cxa_handlers.cpp.o)
    0x1fff81c4        -       0x00000200   Zero   RW         1539    .bss.m_apfnIrqHandler  hc32_ll_interrupts.o
    0x1fff83c4        -       0x00000004   Zero   RW          543    .bss.m_u32GlobalKey  ev_hc32f460_lqfp100_v2.o
    0x1fff83c8        -       0x0000000c   Zero   RW           10    .bss.task           main.o
    0x1fff83d4   0x0000580c   0x00000004   PAD
    0x1fff83d8        -       0x00002000   Zero   RW          565    HEAP                startup_hc32f460.o
    0x1fffa3d8        -       0x00002000   Zero   RW          564    STACK               startup_hc32f460.o


    Execution Region RW_IRAMB (Exec base: 0x200f0000, Load base: 0x00005810, Size: 0x00000000, Max: 0x00001000, ABSOLUTE)

    **** No section assigned to this execution region ****


==============================================================================

Image component sizes


      Code (inc. data)   RO Data    RW Data    ZI Data      Debug   Object Name

       222          0          0          0          0      11813   adc.o
         0          0          0         20          0       2408   adc_config.o
       218          0         16          0          4      21178   ev_hc32f460_lqfp100_v2.o
      1108          0          0          0        276      17519   hardwarei2c.o
       460          0          0          0          0       8591   hc32_ll.o
       980          0         31          0          0      11150   hc32_ll_adc.o
      4272          6         31          0          0      14673   hc32_ll_clk.o
       418          0         31          0          0      12564   hc32_ll_efm.o
       288          0         31          0          0       2466   hc32_ll_fcg.o
      2150          0         32          0          0      13830   hc32_ll_gpio.o
      2190          0         31          0          0      11187   hc32_ll_i2c.o
         0          0         32          0          0        480   hc32_ll_icg.o
      3076          0         38          0        512      31074   hc32_ll_interrupts.o
        84          0         31          0          0      36567   hc32_ll_pwc.o
       272          0         32          0          0       2336   hc32_ll_sram.o
        10          0          0          0          0        490   hc32_ll_utility.o
       180          0          4          0         12      19529   main.o
       490          0          0          0          0       5309   millistaskmanager.o
       128         42        640          0      16384        876   startup_hc32f460.o
       354          0          0          0         32       3478   sysclock.o
       322          6          0          0          8       3013   system_hc32f460.o
       424          0          0          0          4       8068   systick.o
         0          0        249          0          0       2510   variant.o
       428          8          0          0          0      13746   wiring_digital.o

    ----------------------------------------------------------------------
     18366         62       1262         20      17236     254855   Object Totals
         0          0         32          0          0          0   (incl. Generated)
       292          0          1          0          4          0   (incl. Padding)

    ----------------------------------------------------------------------

      Code (inc. data)   RO Data    RW Data    ZI Data      Debug   Library Member Name

         8          0          0          0          0         68   __main.o
         0          0          0          0          0          0   __rtentry.o
        12          0          0          0          0          0   __rtentry2.o
         6          0          0          0          0          0   __rtentry4.o
        52          8          0          0          0          0   __scatter.o
        26          0          0          0          0          0   __scatter_copy.o
        28          0          0          0          0          0   __scatter_zi.o
        22          0          0          0          0         80   abort.o
        46          0          0          0          0         84   aeabi_atexit.o
        16          0          0          0          0         68   aeabi_memset.o
        10          0          0          0          0         68   cxa_atexit.o
        66          0          0          0          0         84   cxa_finalize.o
        48         34          0          0          0         76   defsig_abrt_inner.o
        14          0          0          0          0         80   defsig_abrt_outer.o
        10          0          0          0          0         68   defsig_exit.o
        50          0          0          0          0         88   defsig_general.o
        80         58          0          0          0         76   defsig_rtmem_inner.o
        14          0          0          0          0         80   defsig_rtmem_outer.o
        18          0          0          0          0         80   exit.o
        94          0          0          0          0         80   h1_alloc.o
        52          0          0          0          0         68   h1_extend.o
        78          0          0          0          0         80   h1_free.o
        14          0          0          0          0         84   h1_init.o
         6          0          0          0          0        152   heapauxi.o
         4          0          0          0          0        136   hguard.o
         0          0          0          0          0          0   indicate_semi.o
        36          8          0          0          0         80   init_aeabi.o
       138          0          0          0          0        168   init_alloc.o
         2          0          0          0          0          0   libinit.o
        14          0          0          0          0          0   libinit2.o
         2          0          0          0          0          0   libshutdown.o
         8          0          0          0          0          0   libshutdown2.o
         8          4          0          0         96         68   libspace.o
         0          0          0          0          0          0   maybetermalloc1.o
         8          4          0          0          0         68   rt_ddtor_pointer_addr_intlibspace.o
         8          4          0          0          0         68   rt_heap_descriptor_intlibspace.o
        68          0          0          0          0         68   rt_memclr.o
        78          0          0          0          0         80   rt_memclr_w.o
         2          0          0          0          0          0   rtexit.o
        10          0          0          0          0          0   rtexit2.o
        12          4          0          0          0         68   sys_exit.o
        74          0          0          0          0         80   sys_stackheap_outer.o
        14          0          0          0          0         76   sys_wrch.o
         2          0          0          0          0         68   use_no_semi.o
       430          8          0          0          0        168   faddsub_clz.o
        84          0          0          0          0        196   fcmp.o
        24          0          0          0          0         68   fcmpi.o
       388         76          0          0          0         96   fdiv.o
       104          4          0          0          0         84   feqf.o
        62          4          0          0          0         84   ffixu.o
        38          0          0          0          0         68   fflt_clz.o
       104          4          0          0          0         84   fgeqf.o
       104          4          0          0          0         84   fleqf.o
       140          4          0          0          0         84   fnaninf.o
        10          0          0          0          0         68   fretinf.o
         0          0          0          0          0          0   usenofp.o
        42          0          0          0          0        380   new.cpp.o
         4          0          0          0          0         36   abort_message.cpp.o
         0          0          0          8          0          0   cxa_default_handlers.cpp.o
        74         40          0          0          4        148   cxa_handlers.cpp.o

    ----------------------------------------------------------------------
      2884        268          0          8        104       4140   Library Totals
        18          0          0          0          4          0   (incl. Padding)

    ----------------------------------------------------------------------

      Code (inc. data)   RO Data    RW Data    ZI Data      Debug   Library Name

      1258        124          0          0         96       2492   c_w.l
      1488        104          0          0          0       1084   fz_ws.l
        42          0          0          0          0        380   libcpp_w.l
        78         40          0          8          4        184   libcppabi_w.l

    ----------------------------------------------------------------------
      2884        268          0          8        104       4140   Library Totals

    ----------------------------------------------------------------------

==============================================================================


      Code (inc. data)   RO Data    RW Data    ZI Data      Debug   

     21250        330       1262         28      17340     256575   Grand Totals
     21250        330       1262         28      17340     256575   ELF Image Totals
     21250        330       1262         28          0          0   ROM Totals

==============================================================================

    Total RO  Size (Code + RO Data)                22512 (  21.98kB)
    Total RW  Size (RW Data + ZI Data)             17368 (  16.96kB)
    Total ROM Size (Code + RO Data + RW Data)      22540 (  22.01kB)

==============================================================================

