<!doctype html public "-//w3c//dtd html 4.0 transitional//en">
<html><head>
<title>Static Call Graph - [.\output\debug\hc32f460jeta.axf]</title></head>
<body><HR>
<H1>Static Call Graph for image .\output\debug\hc32f460jeta.axf</H1><HR>
<BR><P>#&#060CALLGRAPH&#062# ARM Linker, 6160001: Last Updated: Fri May  2 23:16:33 2025
<BR><P>
<H3>Maximum Stack Usage =        488 bytes + Unknown(Functions without stacksize, Cycles, Untraceable Function Pointers)</H3><H3>
Call chain for Maximum Stack Depth:</H3>
__rt_entry_main &rArr; main &rArr; rtthread_startup &rArr; rt_hw_board_init &rArr; usart_init &rArr; HardwareSerial::begin(unsigned int) &rArr; HardwareSerial::begin(unsigned int, unsigned short) &rArr; HardwareSerial::begin(stc_usart_uart_init_t const*, bool) &rArr; GPIO_SetFunction &rArr; Print::printf(char const*, ...) &rArr; vsnprintf &rArr; _printf_char_common &rArr; __printf
<P>
<H3>
Functions with no stack information
</H3><UL>
 <LI><a href="#[e0]">__user_initial_stackheap</a>
</UL>
</UL>
<P>
<H3>
Mutually Recursive functions
</H3> <LI><a href="#[13]">NMI_Handler</a>&nbsp;&nbsp;&nbsp;&rArr;&nbsp;&nbsp;&nbsp;<a href="#[13]">NMI_Handler</a><BR>
 <LI><a href="#[15]">MemManage_Handler</a>&nbsp;&nbsp;&nbsp;&rArr;&nbsp;&nbsp;&nbsp;<a href="#[15]">MemManage_Handler</a><BR>
 <LI><a href="#[16]">BusFault_Handler</a>&nbsp;&nbsp;&nbsp;&rArr;&nbsp;&nbsp;&nbsp;<a href="#[16]">BusFault_Handler</a><BR>
 <LI><a href="#[17]">UsageFault_Handler</a>&nbsp;&nbsp;&nbsp;&rArr;&nbsp;&nbsp;&nbsp;<a href="#[17]">UsageFault_Handler</a><BR>
 <LI><a href="#[18]">SVC_Handler</a>&nbsp;&nbsp;&nbsp;&rArr;&nbsp;&nbsp;&nbsp;<a href="#[18]">SVC_Handler</a><BR>
 <LI><a href="#[19]">DebugMon_Handler</a>&nbsp;&nbsp;&nbsp;&rArr;&nbsp;&nbsp;&nbsp;<a href="#[19]">DebugMon_Handler</a><BR>
 <LI><a href="#[9c]">IRQ128_Handler</a>&nbsp;&nbsp;&nbsp;&rArr;&nbsp;&nbsp;&nbsp;<a href="#[9c]">IRQ128_Handler</a><BR>
</UL>
<P>
<H3>
Function Pointers
</H3><UL>
 <LI><a href="#[16]">BusFault_Handler</a> from startup_hc32f460.o(.text) referenced from startup_hc32f460.o(RESET)
 <LI><a href="#[19]">DebugMon_Handler</a> from startup_hc32f460.o(.text) referenced from startup_hc32f460.o(RESET)
 <LI><a href="#[14]">HardFault_Handler</a> from context_rvds.o(.text) referenced from startup_hc32f460.o(RESET)
 <LI><a href="#[1c]">IRQ000_Handler</a> from hc32_ll_interrupts.o(.text.IRQ000_Handler) referenced from startup_hc32f460.o(RESET)
 <LI><a href="#[1d]">IRQ001_Handler</a> from hc32_ll_interrupts.o(.text.IRQ001_Handler) referenced from startup_hc32f460.o(RESET)
 <LI><a href="#[1e]">IRQ002_Handler</a> from hc32_ll_interrupts.o(.text.IRQ002_Handler) referenced from startup_hc32f460.o(RESET)
 <LI><a href="#[1f]">IRQ003_Handler</a> from hc32_ll_interrupts.o(.text.IRQ003_Handler) referenced from startup_hc32f460.o(RESET)
 <LI><a href="#[20]">IRQ004_Handler</a> from hc32_ll_interrupts.o(.text.IRQ004_Handler) referenced from startup_hc32f460.o(RESET)
 <LI><a href="#[21]">IRQ005_Handler</a> from hc32_ll_interrupts.o(.text.IRQ005_Handler) referenced from startup_hc32f460.o(RESET)
 <LI><a href="#[22]">IRQ006_Handler</a> from hc32_ll_interrupts.o(.text.IRQ006_Handler) referenced from startup_hc32f460.o(RESET)
 <LI><a href="#[23]">IRQ007_Handler</a> from hc32_ll_interrupts.o(.text.IRQ007_Handler) referenced from startup_hc32f460.o(RESET)
 <LI><a href="#[24]">IRQ008_Handler</a> from hc32_ll_interrupts.o(.text.IRQ008_Handler) referenced from startup_hc32f460.o(RESET)
 <LI><a href="#[25]">IRQ009_Handler</a> from hc32_ll_interrupts.o(.text.IRQ009_Handler) referenced from startup_hc32f460.o(RESET)
 <LI><a href="#[26]">IRQ010_Handler</a> from hc32_ll_interrupts.o(.text.IRQ010_Handler) referenced from startup_hc32f460.o(RESET)
 <LI><a href="#[27]">IRQ011_Handler</a> from hc32_ll_interrupts.o(.text.IRQ011_Handler) referenced from startup_hc32f460.o(RESET)
 <LI><a href="#[28]">IRQ012_Handler</a> from hc32_ll_interrupts.o(.text.IRQ012_Handler) referenced from startup_hc32f460.o(RESET)
 <LI><a href="#[29]">IRQ013_Handler</a> from hc32_ll_interrupts.o(.text.IRQ013_Handler) referenced from startup_hc32f460.o(RESET)
 <LI><a href="#[2a]">IRQ014_Handler</a> from hc32_ll_interrupts.o(.text.IRQ014_Handler) referenced from startup_hc32f460.o(RESET)
 <LI><a href="#[2b]">IRQ015_Handler</a> from hc32_ll_interrupts.o(.text.IRQ015_Handler) referenced from startup_hc32f460.o(RESET)
 <LI><a href="#[2c]">IRQ016_Handler</a> from hc32_ll_interrupts.o(.text.IRQ016_Handler) referenced from startup_hc32f460.o(RESET)
 <LI><a href="#[2d]">IRQ017_Handler</a> from hc32_ll_interrupts.o(.text.IRQ017_Handler) referenced from startup_hc32f460.o(RESET)
 <LI><a href="#[2e]">IRQ018_Handler</a> from hc32_ll_interrupts.o(.text.IRQ018_Handler) referenced from startup_hc32f460.o(RESET)
 <LI><a href="#[2f]">IRQ019_Handler</a> from hc32_ll_interrupts.o(.text.IRQ019_Handler) referenced from startup_hc32f460.o(RESET)
 <LI><a href="#[30]">IRQ020_Handler</a> from hc32_ll_interrupts.o(.text.IRQ020_Handler) referenced from startup_hc32f460.o(RESET)
 <LI><a href="#[31]">IRQ021_Handler</a> from hc32_ll_interrupts.o(.text.IRQ021_Handler) referenced from startup_hc32f460.o(RESET)
 <LI><a href="#[32]">IRQ022_Handler</a> from hc32_ll_interrupts.o(.text.IRQ022_Handler) referenced from startup_hc32f460.o(RESET)
 <LI><a href="#[33]">IRQ023_Handler</a> from hc32_ll_interrupts.o(.text.IRQ023_Handler) referenced from startup_hc32f460.o(RESET)
 <LI><a href="#[34]">IRQ024_Handler</a> from hc32_ll_interrupts.o(.text.IRQ024_Handler) referenced from startup_hc32f460.o(RESET)
 <LI><a href="#[35]">IRQ025_Handler</a> from hc32_ll_interrupts.o(.text.IRQ025_Handler) referenced from startup_hc32f460.o(RESET)
 <LI><a href="#[36]">IRQ026_Handler</a> from hc32_ll_interrupts.o(.text.IRQ026_Handler) referenced from startup_hc32f460.o(RESET)
 <LI><a href="#[37]">IRQ027_Handler</a> from hc32_ll_interrupts.o(.text.IRQ027_Handler) referenced from startup_hc32f460.o(RESET)
 <LI><a href="#[38]">IRQ028_Handler</a> from hc32_ll_interrupts.o(.text.IRQ028_Handler) referenced from startup_hc32f460.o(RESET)
 <LI><a href="#[39]">IRQ029_Handler</a> from hc32_ll_interrupts.o(.text.IRQ029_Handler) referenced from startup_hc32f460.o(RESET)
 <LI><a href="#[3a]">IRQ030_Handler</a> from hc32_ll_interrupts.o(.text.IRQ030_Handler) referenced from startup_hc32f460.o(RESET)
 <LI><a href="#[3b]">IRQ031_Handler</a> from hc32_ll_interrupts.o(.text.IRQ031_Handler) referenced from startup_hc32f460.o(RESET)
 <LI><a href="#[3c]">IRQ032_Handler</a> from hc32_ll_interrupts.o(.text.IRQ032_Handler) referenced from startup_hc32f460.o(RESET)
 <LI><a href="#[3d]">IRQ033_Handler</a> from hc32_ll_interrupts.o(.text.IRQ033_Handler) referenced from startup_hc32f460.o(RESET)
 <LI><a href="#[3e]">IRQ034_Handler</a> from hc32_ll_interrupts.o(.text.IRQ034_Handler) referenced from startup_hc32f460.o(RESET)
 <LI><a href="#[3f]">IRQ035_Handler</a> from hc32_ll_interrupts.o(.text.IRQ035_Handler) referenced from startup_hc32f460.o(RESET)
 <LI><a href="#[40]">IRQ036_Handler</a> from hc32_ll_interrupts.o(.text.IRQ036_Handler) referenced from startup_hc32f460.o(RESET)
 <LI><a href="#[41]">IRQ037_Handler</a> from hc32_ll_interrupts.o(.text.IRQ037_Handler) referenced from startup_hc32f460.o(RESET)
 <LI><a href="#[42]">IRQ038_Handler</a> from hc32_ll_interrupts.o(.text.IRQ038_Handler) referenced from startup_hc32f460.o(RESET)
 <LI><a href="#[43]">IRQ039_Handler</a> from hc32_ll_interrupts.o(.text.IRQ039_Handler) referenced from startup_hc32f460.o(RESET)
 <LI><a href="#[44]">IRQ040_Handler</a> from hc32_ll_interrupts.o(.text.IRQ040_Handler) referenced from startup_hc32f460.o(RESET)
 <LI><a href="#[45]">IRQ041_Handler</a> from hc32_ll_interrupts.o(.text.IRQ041_Handler) referenced from startup_hc32f460.o(RESET)
 <LI><a href="#[46]">IRQ042_Handler</a> from hc32_ll_interrupts.o(.text.IRQ042_Handler) referenced from startup_hc32f460.o(RESET)
 <LI><a href="#[47]">IRQ043_Handler</a> from hc32_ll_interrupts.o(.text.IRQ043_Handler) referenced from startup_hc32f460.o(RESET)
 <LI><a href="#[48]">IRQ044_Handler</a> from hc32_ll_interrupts.o(.text.IRQ044_Handler) referenced from startup_hc32f460.o(RESET)
 <LI><a href="#[49]">IRQ045_Handler</a> from hc32_ll_interrupts.o(.text.IRQ045_Handler) referenced from startup_hc32f460.o(RESET)
 <LI><a href="#[4a]">IRQ046_Handler</a> from hc32_ll_interrupts.o(.text.IRQ046_Handler) referenced from startup_hc32f460.o(RESET)
 <LI><a href="#[4b]">IRQ047_Handler</a> from hc32_ll_interrupts.o(.text.IRQ047_Handler) referenced from startup_hc32f460.o(RESET)
 <LI><a href="#[4c]">IRQ048_Handler</a> from hc32_ll_interrupts.o(.text.IRQ048_Handler) referenced from startup_hc32f460.o(RESET)
 <LI><a href="#[4d]">IRQ049_Handler</a> from hc32_ll_interrupts.o(.text.IRQ049_Handler) referenced from startup_hc32f460.o(RESET)
 <LI><a href="#[4e]">IRQ050_Handler</a> from hc32_ll_interrupts.o(.text.IRQ050_Handler) referenced from startup_hc32f460.o(RESET)
 <LI><a href="#[4f]">IRQ051_Handler</a> from hc32_ll_interrupts.o(.text.IRQ051_Handler) referenced from startup_hc32f460.o(RESET)
 <LI><a href="#[50]">IRQ052_Handler</a> from hc32_ll_interrupts.o(.text.IRQ052_Handler) referenced from startup_hc32f460.o(RESET)
 <LI><a href="#[51]">IRQ053_Handler</a> from hc32_ll_interrupts.o(.text.IRQ053_Handler) referenced from startup_hc32f460.o(RESET)
 <LI><a href="#[52]">IRQ054_Handler</a> from hc32_ll_interrupts.o(.text.IRQ054_Handler) referenced from startup_hc32f460.o(RESET)
 <LI><a href="#[53]">IRQ055_Handler</a> from hc32_ll_interrupts.o(.text.IRQ055_Handler) referenced from startup_hc32f460.o(RESET)
 <LI><a href="#[54]">IRQ056_Handler</a> from hc32_ll_interrupts.o(.text.IRQ056_Handler) referenced from startup_hc32f460.o(RESET)
 <LI><a href="#[55]">IRQ057_Handler</a> from hc32_ll_interrupts.o(.text.IRQ057_Handler) referenced from startup_hc32f460.o(RESET)
 <LI><a href="#[56]">IRQ058_Handler</a> from hc32_ll_interrupts.o(.text.IRQ058_Handler) referenced from startup_hc32f460.o(RESET)
 <LI><a href="#[57]">IRQ059_Handler</a> from hc32_ll_interrupts.o(.text.IRQ059_Handler) referenced from startup_hc32f460.o(RESET)
 <LI><a href="#[58]">IRQ060_Handler</a> from hc32_ll_interrupts.o(.text.IRQ060_Handler) referenced from startup_hc32f460.o(RESET)
 <LI><a href="#[59]">IRQ061_Handler</a> from hc32_ll_interrupts.o(.text.IRQ061_Handler) referenced from startup_hc32f460.o(RESET)
 <LI><a href="#[5a]">IRQ062_Handler</a> from hc32_ll_interrupts.o(.text.IRQ062_Handler) referenced from startup_hc32f460.o(RESET)
 <LI><a href="#[5b]">IRQ063_Handler</a> from hc32_ll_interrupts.o(.text.IRQ063_Handler) referenced from startup_hc32f460.o(RESET)
 <LI><a href="#[5c]">IRQ064_Handler</a> from hc32_ll_interrupts.o(.text.IRQ064_Handler) referenced from startup_hc32f460.o(RESET)
 <LI><a href="#[5d]">IRQ065_Handler</a> from hc32_ll_interrupts.o(.text.IRQ065_Handler) referenced from startup_hc32f460.o(RESET)
 <LI><a href="#[5e]">IRQ066_Handler</a> from hc32_ll_interrupts.o(.text.IRQ066_Handler) referenced from startup_hc32f460.o(RESET)
 <LI><a href="#[5f]">IRQ067_Handler</a> from hc32_ll_interrupts.o(.text.IRQ067_Handler) referenced from startup_hc32f460.o(RESET)
 <LI><a href="#[60]">IRQ068_Handler</a> from hc32_ll_interrupts.o(.text.IRQ068_Handler) referenced from startup_hc32f460.o(RESET)
 <LI><a href="#[61]">IRQ069_Handler</a> from hc32_ll_interrupts.o(.text.IRQ069_Handler) referenced from startup_hc32f460.o(RESET)
 <LI><a href="#[62]">IRQ070_Handler</a> from hc32_ll_interrupts.o(.text.IRQ070_Handler) referenced from startup_hc32f460.o(RESET)
 <LI><a href="#[63]">IRQ071_Handler</a> from hc32_ll_interrupts.o(.text.IRQ071_Handler) referenced from startup_hc32f460.o(RESET)
 <LI><a href="#[64]">IRQ072_Handler</a> from hc32_ll_interrupts.o(.text.IRQ072_Handler) referenced from startup_hc32f460.o(RESET)
 <LI><a href="#[65]">IRQ073_Handler</a> from hc32_ll_interrupts.o(.text.IRQ073_Handler) referenced from startup_hc32f460.o(RESET)
 <LI><a href="#[66]">IRQ074_Handler</a> from hc32_ll_interrupts.o(.text.IRQ074_Handler) referenced from startup_hc32f460.o(RESET)
 <LI><a href="#[67]">IRQ075_Handler</a> from hc32_ll_interrupts.o(.text.IRQ075_Handler) referenced from startup_hc32f460.o(RESET)
 <LI><a href="#[68]">IRQ076_Handler</a> from hc32_ll_interrupts.o(.text.IRQ076_Handler) referenced from startup_hc32f460.o(RESET)
 <LI><a href="#[69]">IRQ077_Handler</a> from hc32_ll_interrupts.o(.text.IRQ077_Handler) referenced from startup_hc32f460.o(RESET)
 <LI><a href="#[6a]">IRQ078_Handler</a> from hc32_ll_interrupts.o(.text.IRQ078_Handler) referenced from startup_hc32f460.o(RESET)
 <LI><a href="#[6b]">IRQ079_Handler</a> from hc32_ll_interrupts.o(.text.IRQ079_Handler) referenced from startup_hc32f460.o(RESET)
 <LI><a href="#[6c]">IRQ080_Handler</a> from hc32_ll_interrupts.o(.text.IRQ080_Handler) referenced from startup_hc32f460.o(RESET)
 <LI><a href="#[6d]">IRQ081_Handler</a> from hc32_ll_interrupts.o(.text.IRQ081_Handler) referenced from startup_hc32f460.o(RESET)
 <LI><a href="#[6e]">IRQ082_Handler</a> from hc32_ll_interrupts.o(.text.IRQ082_Handler) referenced from startup_hc32f460.o(RESET)
 <LI><a href="#[6f]">IRQ083_Handler</a> from hc32_ll_interrupts.o(.text.IRQ083_Handler) referenced from startup_hc32f460.o(RESET)
 <LI><a href="#[70]">IRQ084_Handler</a> from hc32_ll_interrupts.o(.text.IRQ084_Handler) referenced from startup_hc32f460.o(RESET)
 <LI><a href="#[71]">IRQ085_Handler</a> from hc32_ll_interrupts.o(.text.IRQ085_Handler) referenced from startup_hc32f460.o(RESET)
 <LI><a href="#[72]">IRQ086_Handler</a> from hc32_ll_interrupts.o(.text.IRQ086_Handler) referenced from startup_hc32f460.o(RESET)
 <LI><a href="#[73]">IRQ087_Handler</a> from hc32_ll_interrupts.o(.text.IRQ087_Handler) referenced from startup_hc32f460.o(RESET)
 <LI><a href="#[74]">IRQ088_Handler</a> from hc32_ll_interrupts.o(.text.IRQ088_Handler) referenced from startup_hc32f460.o(RESET)
 <LI><a href="#[75]">IRQ089_Handler</a> from hc32_ll_interrupts.o(.text.IRQ089_Handler) referenced from startup_hc32f460.o(RESET)
 <LI><a href="#[76]">IRQ090_Handler</a> from hc32_ll_interrupts.o(.text.IRQ090_Handler) referenced from startup_hc32f460.o(RESET)
 <LI><a href="#[77]">IRQ091_Handler</a> from hc32_ll_interrupts.o(.text.IRQ091_Handler) referenced from startup_hc32f460.o(RESET)
 <LI><a href="#[78]">IRQ092_Handler</a> from hc32_ll_interrupts.o(.text.IRQ092_Handler) referenced from startup_hc32f460.o(RESET)
 <LI><a href="#[79]">IRQ093_Handler</a> from hc32_ll_interrupts.o(.text.IRQ093_Handler) referenced from startup_hc32f460.o(RESET)
 <LI><a href="#[7a]">IRQ094_Handler</a> from hc32_ll_interrupts.o(.text.IRQ094_Handler) referenced from startup_hc32f460.o(RESET)
 <LI><a href="#[7b]">IRQ095_Handler</a> from hc32_ll_interrupts.o(.text.IRQ095_Handler) referenced from startup_hc32f460.o(RESET)
 <LI><a href="#[7c]">IRQ096_Handler</a> from hc32_ll_interrupts.o(.text.IRQ096_Handler) referenced from startup_hc32f460.o(RESET)
 <LI><a href="#[7d]">IRQ097_Handler</a> from hc32_ll_interrupts.o(.text.IRQ097_Handler) referenced from startup_hc32f460.o(RESET)
 <LI><a href="#[7e]">IRQ098_Handler</a> from hc32_ll_interrupts.o(.text.IRQ098_Handler) referenced from startup_hc32f460.o(RESET)
 <LI><a href="#[7f]">IRQ099_Handler</a> from hc32_ll_interrupts.o(.text.IRQ099_Handler) referenced from startup_hc32f460.o(RESET)
 <LI><a href="#[80]">IRQ100_Handler</a> from hc32_ll_interrupts.o(.text.IRQ100_Handler) referenced from startup_hc32f460.o(RESET)
 <LI><a href="#[81]">IRQ101_Handler</a> from hc32_ll_interrupts.o(.text.IRQ101_Handler) referenced from startup_hc32f460.o(RESET)
 <LI><a href="#[82]">IRQ102_Handler</a> from hc32_ll_interrupts.o(.text.IRQ102_Handler) referenced from startup_hc32f460.o(RESET)
 <LI><a href="#[83]">IRQ103_Handler</a> from hc32_ll_interrupts.o(.text.IRQ103_Handler) referenced from startup_hc32f460.o(RESET)
 <LI><a href="#[84]">IRQ104_Handler</a> from hc32_ll_interrupts.o(.text.IRQ104_Handler) referenced from startup_hc32f460.o(RESET)
 <LI><a href="#[85]">IRQ105_Handler</a> from hc32_ll_interrupts.o(.text.IRQ105_Handler) referenced from startup_hc32f460.o(RESET)
 <LI><a href="#[86]">IRQ106_Handler</a> from hc32_ll_interrupts.o(.text.IRQ106_Handler) referenced from startup_hc32f460.o(RESET)
 <LI><a href="#[87]">IRQ107_Handler</a> from hc32_ll_interrupts.o(.text.IRQ107_Handler) referenced from startup_hc32f460.o(RESET)
 <LI><a href="#[88]">IRQ108_Handler</a> from hc32_ll_interrupts.o(.text.IRQ108_Handler) referenced from startup_hc32f460.o(RESET)
 <LI><a href="#[89]">IRQ109_Handler</a> from hc32_ll_interrupts.o(.text.IRQ109_Handler) referenced from startup_hc32f460.o(RESET)
 <LI><a href="#[8a]">IRQ110_Handler</a> from hc32_ll_interrupts.o(.text.IRQ110_Handler) referenced from startup_hc32f460.o(RESET)
 <LI><a href="#[8b]">IRQ111_Handler</a> from hc32_ll_interrupts.o(.text.IRQ111_Handler) referenced from startup_hc32f460.o(RESET)
 <LI><a href="#[8c]">IRQ112_Handler</a> from hc32_ll_interrupts.o(.text.IRQ112_Handler) referenced from startup_hc32f460.o(RESET)
 <LI><a href="#[8d]">IRQ113_Handler</a> from hc32_ll_interrupts.o(.text.IRQ113_Handler) referenced from startup_hc32f460.o(RESET)
 <LI><a href="#[8e]">IRQ114_Handler</a> from hc32_ll_interrupts.o(.text.IRQ114_Handler) referenced from startup_hc32f460.o(RESET)
 <LI><a href="#[8f]">IRQ115_Handler</a> from hc32_ll_interrupts.o(.text.IRQ115_Handler) referenced from startup_hc32f460.o(RESET)
 <LI><a href="#[90]">IRQ116_Handler</a> from hc32_ll_interrupts.o(.text.IRQ116_Handler) referenced from startup_hc32f460.o(RESET)
 <LI><a href="#[91]">IRQ117_Handler</a> from hc32_ll_interrupts.o(.text.IRQ117_Handler) referenced from startup_hc32f460.o(RESET)
 <LI><a href="#[92]">IRQ118_Handler</a> from hc32_ll_interrupts.o(.text.IRQ118_Handler) referenced from startup_hc32f460.o(RESET)
 <LI><a href="#[93]">IRQ119_Handler</a> from hc32_ll_interrupts.o(.text.IRQ119_Handler) referenced from startup_hc32f460.o(RESET)
 <LI><a href="#[94]">IRQ120_Handler</a> from hc32_ll_interrupts.o(.text.IRQ120_Handler) referenced from startup_hc32f460.o(RESET)
 <LI><a href="#[95]">IRQ121_Handler</a> from hc32_ll_interrupts.o(.text.IRQ121_Handler) referenced from startup_hc32f460.o(RESET)
 <LI><a href="#[96]">IRQ122_Handler</a> from hc32_ll_interrupts.o(.text.IRQ122_Handler) referenced from startup_hc32f460.o(RESET)
 <LI><a href="#[97]">IRQ123_Handler</a> from hc32_ll_interrupts.o(.text.IRQ123_Handler) referenced from startup_hc32f460.o(RESET)
 <LI><a href="#[98]">IRQ124_Handler</a> from hc32_ll_interrupts.o(.text.IRQ124_Handler) referenced from startup_hc32f460.o(RESET)
 <LI><a href="#[99]">IRQ125_Handler</a> from hc32_ll_interrupts.o(.text.IRQ125_Handler) referenced from startup_hc32f460.o(RESET)
 <LI><a href="#[9a]">IRQ126_Handler</a> from hc32_ll_interrupts.o(.text.IRQ126_Handler) referenced from startup_hc32f460.o(RESET)
 <LI><a href="#[9b]">IRQ127_Handler</a> from hc32_ll_interrupts.o(.text.IRQ127_Handler) referenced from startup_hc32f460.o(RESET)
 <LI><a href="#[9c]">IRQ128_Handler</a> from startup_hc32f460.o(.text) referenced from startup_hc32f460.o(RESET)
 <LI><a href="#[9d]">IRQ129_Handler</a> from startup_hc32f460.o(.text) referenced from startup_hc32f460.o(RESET)
 <LI><a href="#[9e]">IRQ130_Handler</a> from startup_hc32f460.o(.text) referenced from startup_hc32f460.o(RESET)
 <LI><a href="#[9f]">IRQ131_Handler</a> from startup_hc32f460.o(.text) referenced from startup_hc32f460.o(RESET)
 <LI><a href="#[a0]">IRQ132_Handler</a> from startup_hc32f460.o(.text) referenced from startup_hc32f460.o(RESET)
 <LI><a href="#[a1]">IRQ133_Handler</a> from startup_hc32f460.o(.text) referenced from startup_hc32f460.o(RESET)
 <LI><a href="#[a2]">IRQ134_Handler</a> from startup_hc32f460.o(.text) referenced from startup_hc32f460.o(RESET)
 <LI><a href="#[a3]">IRQ135_Handler</a> from startup_hc32f460.o(.text) referenced from startup_hc32f460.o(RESET)
 <LI><a href="#[a4]">IRQ136_Handler</a> from startup_hc32f460.o(.text) referenced from startup_hc32f460.o(RESET)
 <LI><a href="#[a5]">IRQ137_Handler</a> from startup_hc32f460.o(.text) referenced from startup_hc32f460.o(RESET)
 <LI><a href="#[a6]">IRQ138_Handler</a> from startup_hc32f460.o(.text) referenced from startup_hc32f460.o(RESET)
 <LI><a href="#[a7]">IRQ139_Handler</a> from startup_hc32f460.o(.text) referenced from startup_hc32f460.o(RESET)
 <LI><a href="#[a8]">IRQ140_Handler</a> from startup_hc32f460.o(.text) referenced from startup_hc32f460.o(RESET)
 <LI><a href="#[a9]">IRQ141_Handler</a> from startup_hc32f460.o(.text) referenced from startup_hc32f460.o(RESET)
 <LI><a href="#[aa]">IRQ142_Handler</a> from startup_hc32f460.o(.text) referenced from startup_hc32f460.o(RESET)
 <LI><a href="#[ab]">IRQ143_Handler</a> from startup_hc32f460.o(.text) referenced from startup_hc32f460.o(RESET)
 <LI><a href="#[15]">MemManage_Handler</a> from startup_hc32f460.o(.text) referenced from startup_hc32f460.o(RESET)
 <LI><a href="#[13]">NMI_Handler</a> from startup_hc32f460.o(.text) referenced from startup_hc32f460.o(RESET)
 <LI><a href="#[1a]">PendSV_Handler</a> from context_rvds.o(.text) referenced from startup_hc32f460.o(RESET)
 <LI><a href="#[12]">Reset_Handler</a> from startup_hc32f460.o(.text) referenced from startup_hc32f460.o(RESET)
 <LI><a href="#[18]">SVC_Handler</a> from startup_hc32f460.o(.text) referenced from startup_hc32f460.o(RESET)
 <LI><a href="#[1b]">SysTick_Handler</a> from board.o(.text.SysTick_Handler) referenced from startup_hc32f460.o(RESET)
 <LI><a href="#[ac]">SystemInit</a> from system_hc32f460.o(.text.SystemInit) referenced from startup_hc32f460.o(.text)
 <LI><a href="#[17]">UsageFault_Handler</a> from startup_hc32f460.o(.text) referenced from startup_hc32f460.o(RESET)
 <LI><a href="#[dd]">_GLOBAL__sub_I_HardwareI2cSlave.cpp</a> from hardwarei2cslave.o(.text._GLOBAL__sub_I_HardwareI2cSlave.cpp) referenced from hardwarei2cslave.o(.init_array)
 <LI><a href="#[dc]">_GLOBAL__sub_I_HardwareSerial.cpp</a> from hardwareserial.o(.text._GLOBAL__sub_I_HardwareSerial.cpp) referenced from hardwareserial.o(.init_array)
 <LI><a href="#[db]">_GLOBAL__sub_I_Key.cpp</a> from key.o(.text._GLOBAL__sub_I_Key.cpp) referenced from key.o(.init_array)
 <LI><a href="#[c3]">KeyMonitor(void*)</a> from key.o(.text._Z10KeyMonitorPv) referenced 2 times from main.o(.text.main)
 <LI><a href="#[c2]">btReadTask(void*)</a> from task.o(.text._Z10btReadTaskPv) referenced 2 times from main.o(.text.main)
 <LI><a href="#[b1]">btDataProcess(_SEMP_PARSE_STATE*, unsigned short)</a> from task.o(.text._Z13btDataProcessP17_SEMP_PARSE_STATEt) referenced 2 times from task.o(.text._Z10btReadTaskPv)
 <LI><a href="#[b2]">sempFirstByte(_SEMP_PARSE_STATE*, unsigned char)</a> from sparkfun_extensible_message_parser.o(.text._Z13sempFirstByteP17_SEMP_PARSE_STATEh) referenced 2 times from sparkfun_extensible_message_parser.o(.text._Z13sempFirstByteP17_SEMP_PARSE_STATEh)
 <LI><a href="#[b2]">sempFirstByte(_SEMP_PARSE_STATE*, unsigned char)</a> from sparkfun_extensible_message_parser.o(.text._Z13sempFirstByteP17_SEMP_PARSE_STATEh) referenced 2 times from sparkfun_extensible_message_parser.o(.text._Z15sempBeginParserPKPFbP17_SEMP_PARSE_STATEhEtPKPKcttjPFvS0_tES6_P5PrintSC_PFbS0_E)
 <LI><a href="#[b2]">sempFirstByte(_SEMP_PARSE_STATE*, unsigned char)</a> from sparkfun_extensible_message_parser.o(.text._Z13sempFirstByteP17_SEMP_PARSE_STATEh) referenced 2 times from parse_bt.o(.text._Z20sempBluetoothReadCrcP17_SEMP_PARSE_STATEh)
 <LI><a href="#[b2]">sempFirstByte(_SEMP_PARSE_STATE*, unsigned char)</a> from sparkfun_extensible_message_parser.o(.text._Z13sempFirstByteP17_SEMP_PARSE_STATEh) referenced 2 times from sparkfun_extensible_message_parser.o(.text._Z28sempPrintParserConfigurationP17_SEMP_PARSE_STATEP5Print)
 <LI><a href="#[b9]">sempBluetoothSync2(_SEMP_PARSE_STATE*, unsigned char)</a> from parse_bt.o(.text._Z18sempBluetoothSync2P17_SEMP_PARSE_STATEh) referenced 2 times from parse_bt.o(.text._Z21sempBluetoothPreambleP17_SEMP_PARSE_STATEh)
 <LI><a href="#[b6]">sempBluetoothSync3(_SEMP_PARSE_STATE*, unsigned char)</a> from parse_bt.o(.text._Z18sempBluetoothSync3P17_SEMP_PARSE_STATEh) referenced 2 times from parse_bt.o(.text._Z18sempBluetoothSync2P17_SEMP_PARSE_STATEh)
 <LI><a href="#[bc]">buttonEventCallback(EnhancedButton*, EnhancedButton::Event_t)</a> from key.o(.text._Z19buttonEventCallbackP14EnhancedButtonNS_7Event_tE) referenced 2 times from key.o(.text._Z7keyInitv)
 <LI><a href="#[c1]">ledStatusUpdateTask(void*)</a> from task.o(.text._Z19ledStatusUpdateTaskPv) referenced 2 times from main.o(.text.main)
 <LI><a href="#[ba]">sempBluetoothReadCrc(_SEMP_PARSE_STATE*, unsigned char)</a> from parse_bt.o(.text._Z20sempBluetoothReadCrcP17_SEMP_PARSE_STATEh) referenced 2 times from parse_bt.o(.text._Z21sempBluetoothReadDataP17_SEMP_PARSE_STATEh)
 <LI><a href="#[c6]">sempBluetoothPreamble(_SEMP_PARSE_STATE*, unsigned char)</a> from parse_bt.o(.text._Z21sempBluetoothPreambleP17_SEMP_PARSE_STATEh) referenced from task.o(.rodata._ZL13btParserTable)
 <LI><a href="#[bb]">sempBluetoothReadData(_SEMP_PARSE_STATE*, unsigned char)</a> from parse_bt.o(.text._Z21sempBluetoothReadDataP17_SEMP_PARSE_STATEh) referenced 2 times from parse_bt.o(.text._Z23sempBluetoothReadHeaderP17_SEMP_PARSE_STATEh)
 <LI><a href="#[b8]">sempBluetoothComputeCrc(_SEMP_PARSE_STATE*, unsigned char)</a> from parse_bt.o(.text._Z23sempBluetoothComputeCrcP17_SEMP_PARSE_STATEh) referenced 2 times from parse_bt.o(.text._Z21sempBluetoothPreambleP17_SEMP_PARSE_STATEh)
 <LI><a href="#[b7]">sempBluetoothReadHeader(_SEMP_PARSE_STATE*, unsigned char)</a> from parse_bt.o(.text._Z23sempBluetoothReadHeaderP17_SEMP_PARSE_STATEh) referenced 2 times from parse_bt.o(.text._Z18sempBluetoothSync3P17_SEMP_PARSE_STATEh)
 <LI><a href="#[b3]">I2C_EEI_Callback()</a> from hardwarei2cslave.o(.text._ZL16I2C_EEI_Callbackv) referenced 2 times from hardwarei2cslave.o(.text._Z16Slave_Initializev)
 <LI><a href="#[b4]">I2C_RXI_Callback()</a> from hardwarei2cslave.o(.text._ZL16I2C_RXI_Callbackv) referenced 2 times from hardwarei2cslave.o(.text._Z16Slave_Initializev)
 <LI><a href="#[b5]">I2C_TEI_Callback()</a> from hardwarei2cslave.o(.text._ZL16I2C_TEI_Callbackv) referenced 2 times from hardwarei2cslave.o(.text._Z16Slave_Initializev)
 <LI><a href="#[1]">void USARTx_rx_error_irq&lang;(unsigned char)1&rang;()</a> from usart_config.o(.text._ZL19USARTx_rx_error_irqILh1EEvv) referenced 2 times from usart_config.o(.data.USART1_config)
 <LI><a href="#[5]">void USARTx_rx_error_irq&lang;(unsigned char)2&rang;()</a> from usart_config.o(.text._ZL19USARTx_rx_error_irqILh2EEvv) referenced 2 times from usart_config.o(.data.USART2_config)
 <LI><a href="#[9]">void USARTx_rx_error_irq&lang;(unsigned char)3&rang;()</a> from usart_config.o(.text._ZL19USARTx_rx_error_irqILh3EEvv) referenced 2 times from usart_config.o(.data.USART3_config)
 <LI><a href="#[d]">void USARTx_rx_error_irq&lang;(unsigned char)4&rang;()</a> from usart_config.o(.text._ZL19USARTx_rx_error_irqILh4EEvv) referenced 2 times from usart_config.o(.data.USART4_config)
 <LI><a href="#[3]">void USARTx_tx_complete_irq&lang;(unsigned char)1&rang;()</a> from usart_config.o(.text._ZL22USARTx_tx_complete_irqILh1EEvv) referenced 2 times from usart_config.o(.data.USART1_config)
 <LI><a href="#[7]">void USARTx_tx_complete_irq&lang;(unsigned char)2&rang;()</a> from usart_config.o(.text._ZL22USARTx_tx_complete_irqILh2EEvv) referenced 2 times from usart_config.o(.data.USART2_config)
 <LI><a href="#[b]">void USARTx_tx_complete_irq&lang;(unsigned char)3&rang;()</a> from usart_config.o(.text._ZL22USARTx_tx_complete_irqILh3EEvv) referenced 2 times from usart_config.o(.data.USART3_config)
 <LI><a href="#[f]">void USARTx_tx_complete_irq&lang;(unsigned char)4&rang;()</a> from usart_config.o(.text._ZL22USARTx_tx_complete_irqILh4EEvv) referenced 2 times from usart_config.o(.data.USART4_config)
 <LI><a href="#[2]">void USARTx_tx_buffer_empty_irq&lang;(unsigned char)1&rang;()</a> from usart_config.o(.text._ZL26USARTx_tx_buffer_empty_irqILh1EEvv) referenced 2 times from usart_config.o(.data.USART1_config)
 <LI><a href="#[6]">void USARTx_tx_buffer_empty_irq&lang;(unsigned char)2&rang;()</a> from usart_config.o(.text._ZL26USARTx_tx_buffer_empty_irqILh2EEvv) referenced 2 times from usart_config.o(.data.USART2_config)
 <LI><a href="#[a]">void USARTx_tx_buffer_empty_irq&lang;(unsigned char)3&rang;()</a> from usart_config.o(.text._ZL26USARTx_tx_buffer_empty_irqILh3EEvv) referenced 2 times from usart_config.o(.data.USART3_config)
 <LI><a href="#[e]">void USARTx_tx_buffer_empty_irq&lang;(unsigned char)4&rang;()</a> from usart_config.o(.text._ZL26USARTx_tx_buffer_empty_irqILh4EEvv) referenced 2 times from usart_config.o(.data.USART4_config)
 <LI><a href="#[0]">void USARTx_rx_data_available_irq&lang;(unsigned char)1&rang;()</a> from usart_config.o(.text._ZL28USARTx_rx_data_available_irqILh1EEvv) referenced 2 times from usart_config.o(.data.USART1_config)
 <LI><a href="#[4]">void USARTx_rx_data_available_irq&lang;(unsigned char)2&rang;()</a> from usart_config.o(.text._ZL28USARTx_rx_data_available_irqILh2EEvv) referenced 2 times from usart_config.o(.data.USART2_config)
 <LI><a href="#[8]">void USARTx_rx_data_available_irq&lang;(unsigned char)3&rang;()</a> from usart_config.o(.text._ZL28USARTx_rx_data_available_irqILh3EEvv) referenced 2 times from usart_config.o(.data.USART3_config)
 <LI><a href="#[c]">void USARTx_rx_data_available_irq&lang;(unsigned char)4&rang;()</a> from usart_config.o(.text._ZL28USARTx_rx_data_available_irqILh4EEvv) referenced 2 times from usart_config.o(.data.USART4_config)
 <LI><a href="#[c9]">HardwareSerial::availableForWrite()</a> from hardwareserial.o(.text._ZN14HardwareSerial17availableForWriteEv) referenced from hardwareserial.o(.rodata._ZTV14HardwareSerial)
 <LI><a href="#[cd]">HardwareSerial::peek()</a> from hardwareserial.o(.text._ZN14HardwareSerial4peekEv) referenced from hardwareserial.o(.rodata._ZTV14HardwareSerial)
 <LI><a href="#[cc]">HardwareSerial::read()</a> from hardwareserial.o(.text._ZN14HardwareSerial4readEv) referenced from hardwareserial.o(.rodata._ZTV14HardwareSerial)
 <LI><a href="#[ca]">HardwareSerial::flush()</a> from hardwareserial.o(.text._ZN14HardwareSerial5flushEv) referenced from hardwareserial.o(.rodata._ZTV14HardwareSerial)
 <LI><a href="#[c7]">HardwareSerial::write(unsigned char)</a> from hardwareserial.o(.text._ZN14HardwareSerial5writeEh) referenced from hardwareserial.o(.rodata._ZTV14HardwareSerial)
 <LI><a href="#[cb]">HardwareSerial::available()</a> from hardwareserial.o(.text._ZN14HardwareSerial9availableEv) referenced from hardwareserial.o(.rodata._ZTV14HardwareSerial)
 <LI><a href="#[bd]">HardwareSerial::~HardwareSerial()</a> from hardwareserial.o(.text._ZN14HardwareSerialD2Ev) referenced 2 times from hardwareserial.o(.text.__cxx_global_var_init)
 <LI><a href="#[cf]">HardwareI2cSlave::availableForWrite()</a> from hardwarei2cslave.o(.text._ZN16HardwareI2cSlave17availableForWriteEv) referenced from hardwarei2cslave.o(.rodata._ZTV16HardwareI2cSlave)
 <LI><a href="#[d3]">HardwareI2cSlave::peek()</a> from hardwarei2cslave.o(.text._ZN16HardwareI2cSlave4peekEv) referenced from hardwarei2cslave.o(.rodata._ZTV16HardwareI2cSlave)
 <LI><a href="#[d2]">HardwareI2cSlave::read()</a> from hardwarei2cslave.o(.text._ZN16HardwareI2cSlave4readEv) referenced from hardwarei2cslave.o(.rodata._ZTV16HardwareI2cSlave)
 <LI><a href="#[d0]">HardwareI2cSlave::flush()</a> from hardwarei2cslave.o(.text._ZN16HardwareI2cSlave5flushEv) referenced from hardwarei2cslave.o(.rodata._ZTV16HardwareI2cSlave)
 <LI><a href="#[ce]">HardwareI2cSlave::write(unsigned char)</a> from hardwarei2cslave.o(.text._ZN16HardwareI2cSlave5writeEh) referenced from hardwarei2cslave.o(.rodata._ZTV16HardwareI2cSlave)
 <LI><a href="#[d1]">HardwareI2cSlave::available()</a> from hardwarei2cslave.o(.text._ZN16HardwareI2cSlave9availableEv) referenced from hardwarei2cslave.o(.rodata._ZTV16HardwareI2cSlave)
 <LI><a href="#[be]">HardwareI2cSlave::~HardwareI2cSlave()</a> from hardwarei2cslave.o(.text._ZN16HardwareI2cSlaveD2Ev) referenced 2 times from hardwarei2cslave.o(.text.__cxx_global_var_init)
 <LI><a href="#[d5]">Print::availableForWrite()</a> from print.o(.text._ZN5Print17availableForWriteEv) referenced from print.o(.rodata._ZTV5Print)
 <LI><a href="#[d5]">Print::availableForWrite()</a> from print.o(.text._ZN5Print17availableForWriteEv) referenced from hardwareserial.o(.rodata._ZTV6Stream)
 <LI><a href="#[d6]">Print::flush()</a> from print.o(.text._ZN5Print5flushEv) referenced from print.o(.rodata._ZTV5Print)
 <LI><a href="#[c8]">Print::write(unsigned char const*, unsigned int)</a> from print.o(.text._ZN5Print5writeEPKhj) referenced from hardwareserial.o(.rodata._ZTV14HardwareSerial)
 <LI><a href="#[c8]">Print::write(unsigned char const*, unsigned int)</a> from print.o(.text._ZN5Print5writeEPKhj) referenced from hardwarei2cslave.o(.rodata._ZTV16HardwareI2cSlave)
 <LI><a href="#[c8]">Print::write(unsigned char const*, unsigned int)</a> from print.o(.text._ZN5Print5writeEPKhj) referenced from print.o(.rodata._ZTV5Print)
 <LI><a href="#[c8]">Print::write(unsigned char const*, unsigned int)</a> from print.o(.text._ZN5Print5writeEPKhj) referenced from hardwareserial.o(.rodata._ZTV6Stream)
 <LI><a href="#[11]">std::terminate()</a> from cxa_handlers.cpp.o(.text._ZSt9terminatev) referenced 2 times from cxa_default_handlers.cpp.o(.data.__cxa_unexpected_handler)
 <LI><a href="#[d4]">__cxa_pure_virtual</a> from cxa_virtual.cpp.o(.text.__cxa_pure_virtual) referenced from print.o(.rodata._ZTV5Print)
 <LI><a href="#[d4]">__cxa_pure_virtual</a> from cxa_virtual.cpp.o(.text.__cxa_pure_virtual) referenced 5 times from hardwareserial.o(.rodata._ZTV6Stream)
 <LI><a href="#[ad]">__main</a> from __main.o(!!!main) referenced from startup_hc32f460.o(.text)
 <LI><a href="#[ae]">_get_lc_ctype</a> from lc_ctype_c.o(locale$$code) referenced from rt_ctype_table.o(.text)
 <LI><a href="#[b0]">_printf_input_char</a> from _printf_char_common.o(.text) referenced from _printf_char_common.o(.text)
 <LI><a href="#[af]">_snputc</a> from _snputc.o(.text) referenced from vsnprintf.o(.text)
 <LI><a href="#[10]">abort</a> from abort.o(.text) referenced 2 times from cxa_default_handlers.cpp.o(.data.__cxa_terminate_handler)
 <LI><a href="#[c4]">main_thread_entry</a> from components.o(.text.main_thread_entry) referenced 2 times from components.o(.text.rt_application_init)
 <LI><a href="#[bf]">rt_thread_exit</a> from thread.o(.text.rt_thread_exit) referenced 2 times from thread.o(.text._rt_thread_init)
 <LI><a href="#[c5]">rt_thread_idle_entry</a> from idle.o(.text.rt_thread_idle_entry) referenced 2 times from idle.o(.text.rt_thread_idle_init)
 <LI><a href="#[c0]">rt_thread_timeout</a> from thread.o(.text.rt_thread_timeout) referenced 2 times from thread.o(.text._rt_thread_init)
 <LI><a href="#[d9]">rti_board_end</a> from components.o(.text.rti_board_end) referenced from components.o(.rti_fn.1.end)
 <LI><a href="#[d8]">rti_board_start</a> from components.o(.text.rti_board_start) referenced from components.o(.rti_fn.0.end)
 <LI><a href="#[da]">rti_end</a> from components.o(.text.rti_end) referenced from components.o(.rti_fn.6.end)
 <LI><a href="#[d7]">rti_start</a> from components.o(.text.rti_start) referenced from components.o(.rti_fn.0)
</UL>
<P>
<H3>
Global Symbols
</H3>
<P><STRONG><a name="[ad]"></a>__main</STRONG> (Thumb, 8 bytes, Stack size 0 bytes, __main.o(!!!main))
<BR><BR>[Calls]<UL><LI><a href="#[ea]">&gt;&gt;</a>&nbsp;&nbsp;&nbsp;__rt_entry
<LI><a href="#[e9]">&gt;&gt;</a>&nbsp;&nbsp;&nbsp;__scatterload
</UL>
<BR>[Address Reference Count : 1]<UL><LI> startup_hc32f460.o(.text)
</UL>
<P><STRONG><a name="[e9]"></a>__scatterload</STRONG> (Thumb, 0 bytes, Stack size unknown bytes, __scatter.o(!!!scatter))
<BR><BR>[Called By]<UL><LI><a href="#[ad]">&gt;&gt;</a>&nbsp;&nbsp;&nbsp;__main
</UL>

<P><STRONG><a name="[eb]"></a>__scatterload_rt2</STRONG> (Thumb, 44 bytes, Stack size unknown bytes, __scatter.o(!!!scatter), UNUSED)
<BR><BR>[Calls]<UL><LI><a href="#[ea]">&gt;&gt;</a>&nbsp;&nbsp;&nbsp;__rt_entry
</UL>

<P><STRONG><a name="[289]"></a>__scatterload_rt2_thumb_only</STRONG> (Thumb, 0 bytes, Stack size unknown bytes, __scatter.o(!!!scatter), UNUSED)

<P><STRONG><a name="[28a]"></a>__scatterload_null</STRONG> (Thumb, 0 bytes, Stack size unknown bytes, __scatter.o(!!!scatter), UNUSED)

<P><STRONG><a name="[28b]"></a>__decompress</STRONG> (Thumb, 58 bytes, Stack size unknown bytes, __dczerorl.o(!!dczerorl), UNUSED)

<P><STRONG><a name="[28c]"></a>__decompress0</STRONG> (Thumb, 0 bytes, Stack size unknown bytes, __dczerorl.o(!!dczerorl), UNUSED)

<P><STRONG><a name="[28d]"></a>__scatterload_zeroinit</STRONG> (Thumb, 28 bytes, Stack size unknown bytes, __scatter_zi.o(!!handler_zi), UNUSED)

<P><STRONG><a name="[ec]"></a>_printf_n</STRONG> (Thumb, 0 bytes, Stack size unknown bytes, _printf_n.o(.ARM.Collect$$_printf_percent$$00000001))
<BR><BR>[Calls]<UL><LI><a href="#[ed]">&gt;&gt;</a>&nbsp;&nbsp;&nbsp;_printf_charcount
</UL>

<P><STRONG><a name="[13f]"></a>_printf_percent</STRONG> (Thumb, 0 bytes, Stack size unknown bytes, _printf_percent.o(.ARM.Collect$$_printf_percent$$00000000))
<BR><BR>[Called By]<UL><LI><a href="#[138]">&gt;&gt;</a>&nbsp;&nbsp;&nbsp;__printf
</UL>

<P><STRONG><a name="[ee]"></a>_printf_p</STRONG> (Thumb, 0 bytes, Stack size unknown bytes, _printf_p.o(.ARM.Collect$$_printf_percent$$00000002))
<BR><BR>[Stack]<UL><LI>Max Depth = 64 + Unknown Stack Size
<LI>Call Chain = _printf_p &rArr; _printf_hex_ptr &rArr; _printf_longlong_hex &rArr; _printf_int_common &rArr; _printf_post_padding
</UL>
<BR>[Calls]<UL><LI><a href="#[ef]">&gt;&gt;</a>&nbsp;&nbsp;&nbsp;_printf_hex_ptr
</UL>

<P><STRONG><a name="[f0]"></a>_printf_f</STRONG> (Thumb, 0 bytes, Stack size unknown bytes, _printf_f.o(.ARM.Collect$$_printf_percent$$00000003))
<BR><BR>[Stack]<UL><LI>Max Depth = 324 + Unknown Stack Size
<LI>Call Chain = _printf_f &rArr; _printf_fp_dec &rArr; _printf_fp_dec_real &rArr; _fp_digits &rArr; _btod_etento &rArr; _btod_emul &rArr; _e2e
</UL>
<BR>[Calls]<UL><LI><a href="#[f1]">&gt;&gt;</a>&nbsp;&nbsp;&nbsp;_printf_fp_dec
</UL>

<P><STRONG><a name="[f2]"></a>_printf_e</STRONG> (Thumb, 0 bytes, Stack size unknown bytes, _printf_e.o(.ARM.Collect$$_printf_percent$$00000004))
<BR><BR>[Stack]<UL><LI>Max Depth = 324 + Unknown Stack Size
<LI>Call Chain = _printf_e &rArr; _printf_fp_dec &rArr; _printf_fp_dec_real &rArr; _fp_digits &rArr; _btod_etento &rArr; _btod_emul &rArr; _e2e
</UL>
<BR>[Calls]<UL><LI><a href="#[f1]">&gt;&gt;</a>&nbsp;&nbsp;&nbsp;_printf_fp_dec
</UL>

<P><STRONG><a name="[f3]"></a>_printf_g</STRONG> (Thumb, 0 bytes, Stack size unknown bytes, _printf_g.o(.ARM.Collect$$_printf_percent$$00000005))
<BR><BR>[Stack]<UL><LI>Max Depth = 324 + Unknown Stack Size
<LI>Call Chain = _printf_g &rArr; _printf_fp_dec &rArr; _printf_fp_dec_real &rArr; _fp_digits &rArr; _btod_etento &rArr; _btod_emul &rArr; _e2e
</UL>
<BR>[Calls]<UL><LI><a href="#[f1]">&gt;&gt;</a>&nbsp;&nbsp;&nbsp;_printf_fp_dec
</UL>

<P><STRONG><a name="[f4]"></a>_printf_a</STRONG> (Thumb, 0 bytes, Stack size unknown bytes, _printf_a.o(.ARM.Collect$$_printf_percent$$00000006))
<BR><BR>[Stack]<UL><LI>Max Depth = 112 + Unknown Stack Size
<LI>Call Chain = _printf_a &rArr; _printf_fp_hex &rArr; _printf_fp_hex_real &rArr; _printf_fp_infnan &rArr; _printf_post_padding
</UL>
<BR>[Calls]<UL><LI><a href="#[f5]">&gt;&gt;</a>&nbsp;&nbsp;&nbsp;_printf_fp_hex
</UL>

<P><STRONG><a name="[28e]"></a>_printf_ll</STRONG> (Thumb, 0 bytes, Stack size unknown bytes, _printf_ll.o(.ARM.Collect$$_printf_percent$$00000007))

<P><STRONG><a name="[f6]"></a>_printf_i</STRONG> (Thumb, 0 bytes, Stack size unknown bytes, _printf_i.o(.ARM.Collect$$_printf_percent$$00000008))
<BR><BR>[Stack]<UL><LI>Max Depth = 72 + Unknown Stack Size
<LI>Call Chain = _printf_i &rArr; _printf_int_dec &rArr; _printf_int_common &rArr; _printf_post_padding
</UL>
<BR>[Calls]<UL><LI><a href="#[f7]">&gt;&gt;</a>&nbsp;&nbsp;&nbsp;_printf_int_dec
</UL>

<P><STRONG><a name="[f8]"></a>_printf_d</STRONG> (Thumb, 0 bytes, Stack size unknown bytes, _printf_d.o(.ARM.Collect$$_printf_percent$$00000009))
<BR><BR>[Stack]<UL><LI>Max Depth = 72 + Unknown Stack Size
<LI>Call Chain = _printf_d &rArr; _printf_int_dec &rArr; _printf_int_common &rArr; _printf_post_padding
</UL>
<BR>[Calls]<UL><LI><a href="#[f7]">&gt;&gt;</a>&nbsp;&nbsp;&nbsp;_printf_int_dec
</UL>

<P><STRONG><a name="[f9]"></a>_printf_u</STRONG> (Thumb, 0 bytes, Stack size unknown bytes, _printf_u.o(.ARM.Collect$$_printf_percent$$0000000A))
<BR><BR>[Stack]<UL><LI>Max Depth = 72 + Unknown Stack Size
<LI>Call Chain = _printf_u &rArr; _printf_int_dec &rArr; _printf_int_common &rArr; _printf_post_padding
</UL>
<BR>[Calls]<UL><LI><a href="#[f7]">&gt;&gt;</a>&nbsp;&nbsp;&nbsp;_printf_int_dec
</UL>

<P><STRONG><a name="[fa]"></a>_printf_o</STRONG> (Thumb, 0 bytes, Stack size unknown bytes, _printf_o.o(.ARM.Collect$$_printf_percent$$0000000B))
<BR><BR>[Stack]<UL><LI>Max Depth = 64 + Unknown Stack Size
<LI>Call Chain = _printf_o &rArr; _printf_int_oct &rArr; _printf_longlong_oct &rArr; _printf_int_common &rArr; _printf_post_padding
</UL>
<BR>[Calls]<UL><LI><a href="#[fb]">&gt;&gt;</a>&nbsp;&nbsp;&nbsp;_printf_int_oct
</UL>

<P><STRONG><a name="[fc]"></a>_printf_x</STRONG> (Thumb, 0 bytes, Stack size unknown bytes, _printf_x.o(.ARM.Collect$$_printf_percent$$0000000C))
<BR><BR>[Stack]<UL><LI>Max Depth = 80 + Unknown Stack Size
<LI>Call Chain = _printf_x &rArr; _printf_int_hex &rArr; _printf_longlong_hex &rArr; _printf_int_common &rArr; _printf_post_padding
</UL>
<BR>[Calls]<UL><LI><a href="#[fd]">&gt;&gt;</a>&nbsp;&nbsp;&nbsp;_printf_int_hex
</UL>

<P><STRONG><a name="[fe]"></a>_printf_lli</STRONG> (Thumb, 0 bytes, Stack size unknown bytes, _printf_lli.o(.ARM.Collect$$_printf_percent$$0000000D))
<BR><BR>[Stack]<UL><LI>Max Depth = 72 + Unknown Stack Size
<LI>Call Chain = _printf_lli &rArr; _printf_longlong_dec &rArr; _printf_int_common &rArr; _printf_post_padding
</UL>
<BR>[Calls]<UL><LI><a href="#[ff]">&gt;&gt;</a>&nbsp;&nbsp;&nbsp;_printf_longlong_dec
</UL>

<P><STRONG><a name="[100]"></a>_printf_lld</STRONG> (Thumb, 0 bytes, Stack size unknown bytes, _printf_lld.o(.ARM.Collect$$_printf_percent$$0000000E))
<BR><BR>[Stack]<UL><LI>Max Depth = 72 + Unknown Stack Size
<LI>Call Chain = _printf_lld &rArr; _printf_longlong_dec &rArr; _printf_int_common &rArr; _printf_post_padding
</UL>
<BR>[Calls]<UL><LI><a href="#[ff]">&gt;&gt;</a>&nbsp;&nbsp;&nbsp;_printf_longlong_dec
</UL>

<P><STRONG><a name="[101]"></a>_printf_llu</STRONG> (Thumb, 0 bytes, Stack size unknown bytes, _printf_llu.o(.ARM.Collect$$_printf_percent$$0000000F))
<BR><BR>[Stack]<UL><LI>Max Depth = 72 + Unknown Stack Size
<LI>Call Chain = _printf_llu &rArr; _printf_longlong_dec &rArr; _printf_int_common &rArr; _printf_post_padding
</UL>
<BR>[Calls]<UL><LI><a href="#[ff]">&gt;&gt;</a>&nbsp;&nbsp;&nbsp;_printf_longlong_dec
</UL>

<P><STRONG><a name="[102]"></a>_printf_llo</STRONG> (Thumb, 0 bytes, Stack size unknown bytes, _printf_llo.o(.ARM.Collect$$_printf_percent$$00000010))
<BR><BR>[Stack]<UL><LI>Max Depth = 56 + Unknown Stack Size
<LI>Call Chain = _printf_llo &rArr; _printf_ll_oct &rArr; _printf_longlong_oct &rArr; _printf_int_common &rArr; _printf_post_padding
</UL>
<BR>[Calls]<UL><LI><a href="#[103]">&gt;&gt;</a>&nbsp;&nbsp;&nbsp;_printf_ll_oct
</UL>

<P><STRONG><a name="[104]"></a>_printf_llx</STRONG> (Thumb, 0 bytes, Stack size unknown bytes, _printf_llx.o(.ARM.Collect$$_printf_percent$$00000011))
<BR><BR>[Stack]<UL><LI>Max Depth = 64 + Unknown Stack Size
<LI>Call Chain = _printf_llx &rArr; _printf_ll_hex &rArr; _printf_longlong_hex &rArr; _printf_int_common &rArr; _printf_post_padding
</UL>
<BR>[Calls]<UL><LI><a href="#[105]">&gt;&gt;</a>&nbsp;&nbsp;&nbsp;_printf_ll_hex
</UL>

<P><STRONG><a name="[28f]"></a>_printf_l</STRONG> (Thumb, 0 bytes, Stack size unknown bytes, _printf_l.o(.ARM.Collect$$_printf_percent$$00000012))

<P><STRONG><a name="[106]"></a>_printf_c</STRONG> (Thumb, 0 bytes, Stack size unknown bytes, _printf_c.o(.ARM.Collect$$_printf_percent$$00000013))
<BR><BR>[Stack]<UL><LI>Max Depth = 40 + Unknown Stack Size
<LI>Call Chain = _printf_c &rArr; _printf_char &rArr; _printf_cs_common &rArr; _printf_str &rArr; _printf_post_padding
</UL>
<BR>[Calls]<UL><LI><a href="#[107]">&gt;&gt;</a>&nbsp;&nbsp;&nbsp;_printf_char
</UL>

<P><STRONG><a name="[108]"></a>_printf_s</STRONG> (Thumb, 0 bytes, Stack size unknown bytes, _printf_s.o(.ARM.Collect$$_printf_percent$$00000014))
<BR><BR>[Stack]<UL><LI>Max Depth = 40 + Unknown Stack Size
<LI>Call Chain = _printf_s &rArr; _printf_string &rArr; _printf_cs_common &rArr; _printf_str &rArr; _printf_post_padding
</UL>
<BR>[Calls]<UL><LI><a href="#[109]">&gt;&gt;</a>&nbsp;&nbsp;&nbsp;_printf_string
</UL>

<P><STRONG><a name="[10a]"></a>_printf_lc</STRONG> (Thumb, 0 bytes, Stack size unknown bytes, _printf_lc.o(.ARM.Collect$$_printf_percent$$00000015))
<BR><BR>[Stack]<UL><LI>Max Depth = 88 + Unknown Stack Size
<LI>Call Chain = _printf_lc &rArr; _printf_wchar &rArr; _printf_lcs_common &rArr; _printf_wctomb &rArr; _wcrtomb
</UL>
<BR>[Calls]<UL><LI><a href="#[10b]">&gt;&gt;</a>&nbsp;&nbsp;&nbsp;_printf_wchar
</UL>

<P><STRONG><a name="[10c]"></a>_printf_ls</STRONG> (Thumb, 0 bytes, Stack size unknown bytes, _printf_ls.o(.ARM.Collect$$_printf_percent$$00000016))
<BR><BR>[Stack]<UL><LI>Max Depth = 88 + Unknown Stack Size
<LI>Call Chain = _printf_ls &rArr; _printf_wstring &rArr; _printf_lcs_common &rArr; _printf_wctomb &rArr; _wcrtomb
</UL>
<BR>[Calls]<UL><LI><a href="#[10d]">&gt;&gt;</a>&nbsp;&nbsp;&nbsp;_printf_wstring
</UL>

<P><STRONG><a name="[290]"></a>_printf_percent_end</STRONG> (Thumb, 0 bytes, Stack size unknown bytes, _printf_percent_end.o(.ARM.Collect$$_printf_percent$$00000017))

<P><STRONG><a name="[11b]"></a>__rt_lib_init</STRONG> (Thumb, 0 bytes, Stack size unknown bytes, libinit.o(.ARM.Collect$$libinit$$00000000))
<BR><BR>[Called By]<UL><LI><a href="#[11a]">&gt;&gt;</a>&nbsp;&nbsp;&nbsp;__rt_entry_li
</UL>

<P><STRONG><a name="[291]"></a>__rt_lib_init_fp_1</STRONG> (Thumb, 0 bytes, Stack size unknown bytes, libinit2.o(.ARM.Collect$$libinit$$00000002))

<P><STRONG><a name="[10e]"></a>__rt_lib_init_heap_2</STRONG> (Thumb, 0 bytes, Stack size unknown bytes, libinit2.o(.ARM.Collect$$libinit$$00000005))
<BR><BR>[Stack]<UL><LI>Max Depth = 64 + Unknown Stack Size
<LI>Call Chain = __rt_lib_init_heap_2 &rArr; _init_alloc &rArr; __rt_SIGRTMEM &rArr; __rt_SIGRTMEM_inner &rArr; __default_signal_display &rArr; _ttywrch
</UL>
<BR>[Calls]<UL><LI><a href="#[10f]">&gt;&gt;</a>&nbsp;&nbsp;&nbsp;_init_alloc
</UL>

<P><STRONG><a name="[292]"></a>__rt_lib_init_preinit_1</STRONG> (Thumb, 0 bytes, Stack size unknown bytes, libinit2.o(.ARM.Collect$$libinit$$00000004))

<P><STRONG><a name="[293]"></a>__rt_lib_init_heap_1</STRONG> (Thumb, 0 bytes, Stack size unknown bytes, libinit2.o(.ARM.Collect$$libinit$$0000000A))

<P><STRONG><a name="[110]"></a>__rt_lib_init_lc_common</STRONG> (Thumb, 0 bytes, Stack size unknown bytes, libinit2.o(.ARM.Collect$$libinit$$0000000F))
<BR><BR>[Calls]<UL><LI><a href="#[111]">&gt;&gt;</a>&nbsp;&nbsp;&nbsp;__rt_locale
</UL>

<P><STRONG><a name="[294]"></a>__rt_lib_init_rand_1</STRONG> (Thumb, 0 bytes, Stack size unknown bytes, libinit2.o(.ARM.Collect$$libinit$$0000000E))

<P><STRONG><a name="[295]"></a>__rt_lib_init_user_alloc_1</STRONG> (Thumb, 0 bytes, Stack size unknown bytes, libinit2.o(.ARM.Collect$$libinit$$0000000C))

<P><STRONG><a name="[296]"></a>__rt_lib_init_lc_collate_1</STRONG> (Thumb, 0 bytes, Stack size unknown bytes, libinit2.o(.ARM.Collect$$libinit$$00000011))

<P><STRONG><a name="[112]"></a>__rt_lib_init_lc_ctype_2</STRONG> (Thumb, 0 bytes, Stack size unknown bytes, libinit2.o(.ARM.Collect$$libinit$$00000012))
<BR><BR>[Stack]<UL><LI>Max Depth = 16 + Unknown Stack Size
<LI>Call Chain = __rt_lib_init_lc_ctype_2 &rArr; _get_lc_ctype &rArr; strcmp
</UL>
<BR>[Calls]<UL><LI><a href="#[ae]">&gt;&gt;</a>&nbsp;&nbsp;&nbsp;_get_lc_ctype
</UL>

<P><STRONG><a name="[297]"></a>__rt_lib_init_lc_ctype_1</STRONG> (Thumb, 0 bytes, Stack size unknown bytes, libinit2.o(.ARM.Collect$$libinit$$00000013))

<P><STRONG><a name="[298]"></a>__rt_lib_init_lc_monetary_1</STRONG> (Thumb, 0 bytes, Stack size unknown bytes, libinit2.o(.ARM.Collect$$libinit$$00000015))

<P><STRONG><a name="[113]"></a>__rt_lib_init_lc_numeric_2</STRONG> (Thumb, 0 bytes, Stack size unknown bytes, libinit2.o(.ARM.Collect$$libinit$$00000016))
<BR><BR>[Stack]<UL><LI>Max Depth = 16 + Unknown Stack Size
<LI>Call Chain = __rt_lib_init_lc_numeric_2 &rArr; _get_lc_numeric &rArr; strcmp
</UL>
<BR>[Calls]<UL><LI><a href="#[114]">&gt;&gt;</a>&nbsp;&nbsp;&nbsp;_get_lc_numeric
</UL>

<P><STRONG><a name="[299]"></a>__rt_lib_init_alloca_1</STRONG> (Thumb, 0 bytes, Stack size unknown bytes, libinit2.o(.ARM.Collect$$libinit$$0000002E))

<P><STRONG><a name="[29a]"></a>__rt_lib_init_argv_1</STRONG> (Thumb, 0 bytes, Stack size unknown bytes, libinit2.o(.ARM.Collect$$libinit$$0000002C))

<P><STRONG><a name="[29b]"></a>__rt_lib_init_atexit_1</STRONG> (Thumb, 0 bytes, Stack size unknown bytes, libinit2.o(.ARM.Collect$$libinit$$0000001B))

<P><STRONG><a name="[29c]"></a>__rt_lib_init_clock_1</STRONG> (Thumb, 0 bytes, Stack size unknown bytes, libinit2.o(.ARM.Collect$$libinit$$00000021))

<P><STRONG><a name="[115]"></a>__rt_lib_init_cpp_2</STRONG> (Thumb, 0 bytes, Stack size unknown bytes, libinit2.o(.ARM.Collect$$libinit$$00000031))
<BR><BR>[Stack]<UL><LI>Max Depth = 16 + Unknown Stack Size
<LI>Call Chain = __rt_lib_init_cpp_2 &rArr; __cpp_initialize__aeabi_
</UL>
<BR>[Calls]<UL><LI><a href="#[e8]">&gt;&gt;</a>&nbsp;&nbsp;&nbsp;__cpp_initialize__aeabi_
</UL>

<P><STRONG><a name="[29d]"></a>__rt_lib_init_exceptions_1</STRONG> (Thumb, 0 bytes, Stack size unknown bytes, libinit2.o(.ARM.Collect$$libinit$$00000030))

<P><STRONG><a name="[29e]"></a>__rt_lib_init_fp_trap_1</STRONG> (Thumb, 0 bytes, Stack size unknown bytes, libinit2.o(.ARM.Collect$$libinit$$0000001F))

<P><STRONG><a name="[29f]"></a>__rt_lib_init_getenv_1</STRONG> (Thumb, 0 bytes, Stack size unknown bytes, libinit2.o(.ARM.Collect$$libinit$$00000023))

<P><STRONG><a name="[2a0]"></a>__rt_lib_init_lc_numeric_1</STRONG> (Thumb, 0 bytes, Stack size unknown bytes, libinit2.o(.ARM.Collect$$libinit$$00000017))

<P><STRONG><a name="[2a1]"></a>__rt_lib_init_lc_time_1</STRONG> (Thumb, 0 bytes, Stack size unknown bytes, libinit2.o(.ARM.Collect$$libinit$$00000019))

<P><STRONG><a name="[2a2]"></a>__rt_lib_init_signal_1</STRONG> (Thumb, 0 bytes, Stack size unknown bytes, libinit2.o(.ARM.Collect$$libinit$$0000001D))

<P><STRONG><a name="[2a3]"></a>__rt_lib_init_stdio_1</STRONG> (Thumb, 0 bytes, Stack size unknown bytes, libinit2.o(.ARM.Collect$$libinit$$00000025))

<P><STRONG><a name="[2a4]"></a>__rt_lib_init_cpp_1</STRONG> (Thumb, 0 bytes, Stack size unknown bytes, libinit2.o(.ARM.Collect$$libinit$$00000032))

<P><STRONG><a name="[2a5]"></a>__rt_lib_init_return</STRONG> (Thumb, 0 bytes, Stack size unknown bytes, libinit2.o(.ARM.Collect$$libinit$$00000033))

<P><STRONG><a name="[120]"></a>__rt_lib_shutdown</STRONG> (Thumb, 0 bytes, Stack size unknown bytes, libshutdown.o(.ARM.Collect$$libshutdown$$00000000))
<BR><BR>[Called By]<UL><LI><a href="#[10]">&gt;&gt;</a>&nbsp;&nbsp;&nbsp;abort
<LI><a href="#[11f]">&gt;&gt;</a>&nbsp;&nbsp;&nbsp;__rt_exit_ls
</UL>

<P><STRONG><a name="[116]"></a>__rt_lib_shutdown_cpp_2</STRONG> (Thumb, 0 bytes, Stack size unknown bytes, libshutdown2.o(.ARM.Collect$$libshutdown$$00000001))
<BR><BR>[Stack]<UL><LI>Max Depth = 40 + Unknown Stack Size
<LI>Call Chain = __rt_lib_shutdown_cpp_2 &rArr; __cxa_finalize &rArr; free
</UL>
<BR>[Calls]<UL><LI><a href="#[117]">&gt;&gt;</a>&nbsp;&nbsp;&nbsp;__cxa_finalize
</UL>

<P><STRONG><a name="[2a6]"></a>__rt_lib_shutdown_cpp_1</STRONG> (Thumb, 0 bytes, Stack size unknown bytes, libshutdown2.o(.ARM.Collect$$libshutdown$$00000002))

<P><STRONG><a name="[2a7]"></a>__rt_lib_shutdown_fp_trap_1</STRONG> (Thumb, 0 bytes, Stack size unknown bytes, libshutdown2.o(.ARM.Collect$$libshutdown$$00000007))

<P><STRONG><a name="[2a8]"></a>__rt_lib_shutdown_heap_1</STRONG> (Thumb, 0 bytes, Stack size unknown bytes, libshutdown2.o(.ARM.Collect$$libshutdown$$0000000F))

<P><STRONG><a name="[2a9]"></a>__rt_lib_shutdown_return</STRONG> (Thumb, 0 bytes, Stack size unknown bytes, libshutdown2.o(.ARM.Collect$$libshutdown$$00000010))

<P><STRONG><a name="[2aa]"></a>__rt_lib_shutdown_signal_1</STRONG> (Thumb, 0 bytes, Stack size unknown bytes, libshutdown2.o(.ARM.Collect$$libshutdown$$0000000A))

<P><STRONG><a name="[2ab]"></a>__rt_lib_shutdown_stdio_1</STRONG> (Thumb, 0 bytes, Stack size unknown bytes, libshutdown2.o(.ARM.Collect$$libshutdown$$00000004))

<P><STRONG><a name="[2ac]"></a>__rt_lib_shutdown_user_alloc_1</STRONG> (Thumb, 0 bytes, Stack size unknown bytes, libshutdown2.o(.ARM.Collect$$libshutdown$$0000000C))

<P><STRONG><a name="[ea]"></a>__rt_entry</STRONG> (Thumb, 0 bytes, Stack size unknown bytes, __rtentry.o(.ARM.Collect$$rtentry$$00000000))
<BR><BR>[Called By]<UL><LI><a href="#[ad]">&gt;&gt;</a>&nbsp;&nbsp;&nbsp;__main
<LI><a href="#[eb]">&gt;&gt;</a>&nbsp;&nbsp;&nbsp;__scatterload_rt2
</UL>

<P><STRONG><a name="[2ad]"></a>__rt_entry_presh_1</STRONG> (Thumb, 0 bytes, Stack size unknown bytes, __rtentry2.o(.ARM.Collect$$rtentry$$00000002))

<P><STRONG><a name="[118]"></a>__rt_entry_sh</STRONG> (Thumb, 0 bytes, Stack size unknown bytes, __rtentry4.o(.ARM.Collect$$rtentry$$00000004))
<BR><BR>[Stack]<UL><LI>Max Depth = 8 + Unknown Stack Size
<LI>Call Chain = __rt_entry_sh &rArr; __user_setup_stackheap
</UL>
<BR>[Calls]<UL><LI><a href="#[119]">&gt;&gt;</a>&nbsp;&nbsp;&nbsp;__user_setup_stackheap
</UL>

<P><STRONG><a name="[11a]"></a>__rt_entry_li</STRONG> (Thumb, 0 bytes, Stack size unknown bytes, __rtentry2.o(.ARM.Collect$$rtentry$$0000000A))
<BR><BR>[Calls]<UL><LI><a href="#[11b]">&gt;&gt;</a>&nbsp;&nbsp;&nbsp;__rt_lib_init
</UL>

<P><STRONG><a name="[2ae]"></a>__rt_entry_postsh_1</STRONG> (Thumb, 0 bytes, Stack size unknown bytes, __rtentry2.o(.ARM.Collect$$rtentry$$00000009))

<P><STRONG><a name="[11c]"></a>__rt_entry_main</STRONG> (Thumb, 0 bytes, Stack size unknown bytes, __rtentry2.o(.ARM.Collect$$rtentry$$0000000D))
<BR><BR>[Stack]<UL><LI>Max Depth = 488 + Unknown Stack Size
<LI>Call Chain = __rt_entry_main &rArr; main &rArr; rtthread_startup &rArr; rt_hw_board_init &rArr; usart_init &rArr; HardwareSerial::begin(unsigned int) &rArr; HardwareSerial::begin(unsigned int, unsigned short) &rArr; HardwareSerial::begin(stc_usart_uart_init_t const*, bool) &rArr; GPIO_SetFunction &rArr; Print::printf(char const*, ...) &rArr; vsnprintf &rArr; _printf_char_common &rArr; __printf
</UL>
<BR>[Calls]<UL><LI><a href="#[11d]">&gt;&gt;</a>&nbsp;&nbsp;&nbsp;main
<LI><a href="#[11e]">&gt;&gt;</a>&nbsp;&nbsp;&nbsp;exit
</UL>

<P><STRONG><a name="[2af]"></a>__rt_entry_postli_1</STRONG> (Thumb, 0 bytes, Stack size unknown bytes, __rtentry2.o(.ARM.Collect$$rtentry$$0000000C))

<P><STRONG><a name="[152]"></a>__rt_exit</STRONG> (Thumb, 0 bytes, Stack size unknown bytes, rtexit.o(.ARM.Collect$$rtexit$$00000000))
<BR><BR>[Called By]<UL><LI><a href="#[11e]">&gt;&gt;</a>&nbsp;&nbsp;&nbsp;exit
</UL>

<P><STRONG><a name="[11f]"></a>__rt_exit_ls</STRONG> (Thumb, 0 bytes, Stack size unknown bytes, rtexit2.o(.ARM.Collect$$rtexit$$00000003))
<BR><BR>[Calls]<UL><LI><a href="#[120]">&gt;&gt;</a>&nbsp;&nbsp;&nbsp;__rt_lib_shutdown
</UL>

<P><STRONG><a name="[2b0]"></a>__rt_exit_prels_1</STRONG> (Thumb, 0 bytes, Stack size unknown bytes, rtexit2.o(.ARM.Collect$$rtexit$$00000002))

<P><STRONG><a name="[121]"></a>__rt_exit_exit</STRONG> (Thumb, 0 bytes, Stack size unknown bytes, rtexit2.o(.ARM.Collect$$rtexit$$00000004))
<BR><BR>[Calls]<UL><LI><a href="#[122]">&gt;&gt;</a>&nbsp;&nbsp;&nbsp;_sys_exit
</UL>

<P><STRONG><a name="[2b1]"></a>__use_two_region_memory</STRONG> (Thumb, 2 bytes, Stack size 0 bytes, heapauxi.o(.text), UNUSED)

<P><STRONG><a name="[2b2]"></a>__rt_heap_escrow</STRONG> (Thumb, 2 bytes, Stack size 0 bytes, heapauxi.o(.text), UNUSED)

<P><STRONG><a name="[2b3]"></a>__rt_heap_expand</STRONG> (Thumb, 2 bytes, Stack size 0 bytes, heapauxi.o(.text), UNUSED)

<P><STRONG><a name="[2b4]"></a>__I$use$semihosting</STRONG> (Thumb, 0 bytes, Stack size 0 bytes, use_no_semi.o(.text), UNUSED)

<P><STRONG><a name="[2b5]"></a>__use_no_semihosting_swi</STRONG> (Thumb, 2 bytes, Stack size 0 bytes, use_no_semi.o(.text), UNUSED)

<P><STRONG><a name="[2b6]"></a>_maybe_terminate_alloc</STRONG> (Thumb, 0 bytes, Stack size 0 bytes, maybetermalloc1.o(.text), UNUSED)

<P><STRONG><a name="[12]"></a>Reset_Handler</STRONG> (Thumb, 56 bytes, Stack size 0 bytes, startup_hc32f460.o(.text))
<BR>[Address Reference Count : 1]<UL><LI> startup_hc32f460.o(RESET)
</UL>
<P><STRONG><a name="[13]"></a>NMI_Handler</STRONG> (Thumb, 2 bytes, Stack size 0 bytes, startup_hc32f460.o(.text))
<BR><BR>[Calls]<UL><LI><a href="#[13]">&gt;&gt;</a>&nbsp;&nbsp;&nbsp;NMI_Handler
</UL>
<BR>[Called By]<UL><LI><a href="#[13]">&gt;&gt;</a>&nbsp;&nbsp;&nbsp;NMI_Handler
</UL>
<BR>[Address Reference Count : 1]<UL><LI> startup_hc32f460.o(RESET)
</UL>
<P><STRONG><a name="[15]"></a>MemManage_Handler</STRONG> (Thumb, 2 bytes, Stack size 0 bytes, startup_hc32f460.o(.text))
<BR><BR>[Calls]<UL><LI><a href="#[15]">&gt;&gt;</a>&nbsp;&nbsp;&nbsp;MemManage_Handler
</UL>
<BR>[Called By]<UL><LI><a href="#[15]">&gt;&gt;</a>&nbsp;&nbsp;&nbsp;MemManage_Handler
</UL>
<BR>[Address Reference Count : 1]<UL><LI> startup_hc32f460.o(RESET)
</UL>
<P><STRONG><a name="[16]"></a>BusFault_Handler</STRONG> (Thumb, 2 bytes, Stack size 0 bytes, startup_hc32f460.o(.text))
<BR><BR>[Calls]<UL><LI><a href="#[16]">&gt;&gt;</a>&nbsp;&nbsp;&nbsp;BusFault_Handler
</UL>
<BR>[Called By]<UL><LI><a href="#[16]">&gt;&gt;</a>&nbsp;&nbsp;&nbsp;BusFault_Handler
</UL>
<BR>[Address Reference Count : 1]<UL><LI> startup_hc32f460.o(RESET)
</UL>
<P><STRONG><a name="[17]"></a>UsageFault_Handler</STRONG> (Thumb, 2 bytes, Stack size 0 bytes, startup_hc32f460.o(.text))
<BR><BR>[Calls]<UL><LI><a href="#[17]">&gt;&gt;</a>&nbsp;&nbsp;&nbsp;UsageFault_Handler
</UL>
<BR>[Called By]<UL><LI><a href="#[17]">&gt;&gt;</a>&nbsp;&nbsp;&nbsp;UsageFault_Handler
</UL>
<BR>[Address Reference Count : 1]<UL><LI> startup_hc32f460.o(RESET)
</UL>
<P><STRONG><a name="[18]"></a>SVC_Handler</STRONG> (Thumb, 2 bytes, Stack size 0 bytes, startup_hc32f460.o(.text))
<BR><BR>[Calls]<UL><LI><a href="#[18]">&gt;&gt;</a>&nbsp;&nbsp;&nbsp;SVC_Handler
</UL>
<BR>[Called By]<UL><LI><a href="#[18]">&gt;&gt;</a>&nbsp;&nbsp;&nbsp;SVC_Handler
</UL>
<BR>[Address Reference Count : 1]<UL><LI> startup_hc32f460.o(RESET)
</UL>
<P><STRONG><a name="[19]"></a>DebugMon_Handler</STRONG> (Thumb, 2 bytes, Stack size 0 bytes, startup_hc32f460.o(.text))
<BR><BR>[Calls]<UL><LI><a href="#[19]">&gt;&gt;</a>&nbsp;&nbsp;&nbsp;DebugMon_Handler
</UL>
<BR>[Called By]<UL><LI><a href="#[19]">&gt;&gt;</a>&nbsp;&nbsp;&nbsp;DebugMon_Handler
</UL>
<BR>[Address Reference Count : 1]<UL><LI> startup_hc32f460.o(RESET)
</UL>
<P><STRONG><a name="[9c]"></a>IRQ128_Handler</STRONG> (Thumb, 0 bytes, Stack size 0 bytes, startup_hc32f460.o(.text))
<BR><BR>[Calls]<UL><LI><a href="#[9c]">&gt;&gt;</a>&nbsp;&nbsp;&nbsp;IRQ128_Handler
</UL>
<BR>[Called By]<UL><LI><a href="#[9c]">&gt;&gt;</a>&nbsp;&nbsp;&nbsp;IRQ128_Handler
</UL>
<BR>[Address Reference Count : 1]<UL><LI> startup_hc32f460.o(RESET)
</UL>
<P><STRONG><a name="[9d]"></a>IRQ129_Handler</STRONG> (Thumb, 0 bytes, Stack size 0 bytes, startup_hc32f460.o(.text))
<BR>[Address Reference Count : 1]<UL><LI> startup_hc32f460.o(RESET)
</UL>
<P><STRONG><a name="[9e]"></a>IRQ130_Handler</STRONG> (Thumb, 0 bytes, Stack size 0 bytes, startup_hc32f460.o(.text))
<BR>[Address Reference Count : 1]<UL><LI> startup_hc32f460.o(RESET)
</UL>
<P><STRONG><a name="[9f]"></a>IRQ131_Handler</STRONG> (Thumb, 0 bytes, Stack size 0 bytes, startup_hc32f460.o(.text))
<BR>[Address Reference Count : 1]<UL><LI> startup_hc32f460.o(RESET)
</UL>
<P><STRONG><a name="[a0]"></a>IRQ132_Handler</STRONG> (Thumb, 0 bytes, Stack size 0 bytes, startup_hc32f460.o(.text))
<BR>[Address Reference Count : 1]<UL><LI> startup_hc32f460.o(RESET)
</UL>
<P><STRONG><a name="[a1]"></a>IRQ133_Handler</STRONG> (Thumb, 0 bytes, Stack size 0 bytes, startup_hc32f460.o(.text))
<BR>[Address Reference Count : 1]<UL><LI> startup_hc32f460.o(RESET)
</UL>
<P><STRONG><a name="[a2]"></a>IRQ134_Handler</STRONG> (Thumb, 0 bytes, Stack size 0 bytes, startup_hc32f460.o(.text))
<BR>[Address Reference Count : 1]<UL><LI> startup_hc32f460.o(RESET)
</UL>
<P><STRONG><a name="[a3]"></a>IRQ135_Handler</STRONG> (Thumb, 0 bytes, Stack size 0 bytes, startup_hc32f460.o(.text))
<BR>[Address Reference Count : 1]<UL><LI> startup_hc32f460.o(RESET)
</UL>
<P><STRONG><a name="[a4]"></a>IRQ136_Handler</STRONG> (Thumb, 0 bytes, Stack size 0 bytes, startup_hc32f460.o(.text))
<BR>[Address Reference Count : 1]<UL><LI> startup_hc32f460.o(RESET)
</UL>
<P><STRONG><a name="[a5]"></a>IRQ137_Handler</STRONG> (Thumb, 0 bytes, Stack size 0 bytes, startup_hc32f460.o(.text))
<BR>[Address Reference Count : 1]<UL><LI> startup_hc32f460.o(RESET)
</UL>
<P><STRONG><a name="[a6]"></a>IRQ138_Handler</STRONG> (Thumb, 0 bytes, Stack size 0 bytes, startup_hc32f460.o(.text))
<BR>[Address Reference Count : 1]<UL><LI> startup_hc32f460.o(RESET)
</UL>
<P><STRONG><a name="[a7]"></a>IRQ139_Handler</STRONG> (Thumb, 0 bytes, Stack size 0 bytes, startup_hc32f460.o(.text))
<BR>[Address Reference Count : 1]<UL><LI> startup_hc32f460.o(RESET)
</UL>
<P><STRONG><a name="[a8]"></a>IRQ140_Handler</STRONG> (Thumb, 0 bytes, Stack size 0 bytes, startup_hc32f460.o(.text))
<BR>[Address Reference Count : 1]<UL><LI> startup_hc32f460.o(RESET)
</UL>
<P><STRONG><a name="[a9]"></a>IRQ141_Handler</STRONG> (Thumb, 0 bytes, Stack size 0 bytes, startup_hc32f460.o(.text))
<BR>[Address Reference Count : 1]<UL><LI> startup_hc32f460.o(RESET)
</UL>
<P><STRONG><a name="[aa]"></a>IRQ142_Handler</STRONG> (Thumb, 0 bytes, Stack size 0 bytes, startup_hc32f460.o(.text))
<BR>[Address Reference Count : 1]<UL><LI> startup_hc32f460.o(RESET)
</UL>
<P><STRONG><a name="[ab]"></a>IRQ143_Handler</STRONG> (Thumb, 0 bytes, Stack size 0 bytes, startup_hc32f460.o(.text))
<BR>[Address Reference Count : 1]<UL><LI> startup_hc32f460.o(RESET)
</UL>
<P><STRONG><a name="[e0]"></a>__user_initial_stackheap</STRONG> (Thumb, 0 bytes, Stack size unknown bytes, startup_hc32f460.o(.text))
<BR><BR>[Called By]<UL><LI><a href="#[119]">&gt;&gt;</a>&nbsp;&nbsp;&nbsp;__user_setup_stackheap
</UL>

<P><STRONG><a name="[e1]"></a>rt_hw_interrupt_disable</STRONG> (Thumb, 8 bytes, Stack size 0 bytes, context_rvds.o(.text))
<BR><BR>[Called By]<UL><LI><a href="#[155]">&gt;&gt;</a>&nbsp;&nbsp;&nbsp;rtthread_startup
<LI><a href="#[267]">&gt;&gt;</a>&nbsp;&nbsp;&nbsp;rt_timer_check
<LI><a href="#[265]">&gt;&gt;</a>&nbsp;&nbsp;&nbsp;rt_thread_yield
<LI><a href="#[264]">&gt;&gt;</a>&nbsp;&nbsp;&nbsp;rt_timer_stop
<LI><a href="#[25a]">&gt;&gt;</a>&nbsp;&nbsp;&nbsp;rt_timer_detach
<LI><a href="#[262]">&gt;&gt;</a>&nbsp;&nbsp;&nbsp;rt_thread_sleep
<LI><a href="#[bf]">&gt;&gt;</a>&nbsp;&nbsp;&nbsp;rt_thread_exit
<LI><a href="#[215]">&gt;&gt;</a>&nbsp;&nbsp;&nbsp;_thread_cleanup_execute
<LI><a href="#[24e]">&gt;&gt;</a>&nbsp;&nbsp;&nbsp;rt_schedule_remove_thread
<LI><a href="#[24c]">&gt;&gt;</a>&nbsp;&nbsp;&nbsp;rt_schedule_insert_thread
<LI><a href="#[229]">&gt;&gt;</a>&nbsp;&nbsp;&nbsp;rt_exit_critical
<LI><a href="#[228]">&gt;&gt;</a>&nbsp;&nbsp;&nbsp;rt_enter_critical
<LI><a href="#[1a6]">&gt;&gt;</a>&nbsp;&nbsp;&nbsp;rt_interrupt_leave
<LI><a href="#[1a4]">&gt;&gt;</a>&nbsp;&nbsp;&nbsp;rt_interrupt_enter
<LI><a href="#[254]">&gt;&gt;</a>&nbsp;&nbsp;&nbsp;rt_timer_start
<LI><a href="#[253]">&gt;&gt;</a>&nbsp;&nbsp;&nbsp;rt_timer_control
<LI><a href="#[23d]">&gt;&gt;</a>&nbsp;&nbsp;&nbsp;rt_thread_suspend
<LI><a href="#[23b]">&gt;&gt;</a>&nbsp;&nbsp;&nbsp;rt_thread_resume
<LI><a href="#[22c]">&gt;&gt;</a>&nbsp;&nbsp;&nbsp;rt_sem_take
<LI><a href="#[22e]">&gt;&gt;</a>&nbsp;&nbsp;&nbsp;rt_sem_release
<LI><a href="#[22a]">&gt;&gt;</a>&nbsp;&nbsp;&nbsp;rt_schedule
<LI><a href="#[24a]">&gt;&gt;</a>&nbsp;&nbsp;&nbsp;rt_object_init
<LI><a href="#[249]">&gt;&gt;</a>&nbsp;&nbsp;&nbsp;rt_object_detach
<LI><a href="#[243]">&gt;&gt;</a>&nbsp;&nbsp;&nbsp;rt_object_allocate
<LI><a href="#[25d]">&gt;&gt;</a>&nbsp;&nbsp;&nbsp;rt_thread_idle_excute
<LI><a href="#[247]">&gt;&gt;</a>&nbsp;&nbsp;&nbsp;rt_object_delete
</UL>

<P><STRONG><a name="[e2]"></a>rt_hw_interrupt_enable</STRONG> (Thumb, 6 bytes, Stack size 0 bytes, context_rvds.o(.text))
<BR><BR>[Called By]<UL><LI><a href="#[267]">&gt;&gt;</a>&nbsp;&nbsp;&nbsp;rt_timer_check
<LI><a href="#[265]">&gt;&gt;</a>&nbsp;&nbsp;&nbsp;rt_thread_yield
<LI><a href="#[264]">&gt;&gt;</a>&nbsp;&nbsp;&nbsp;rt_timer_stop
<LI><a href="#[25a]">&gt;&gt;</a>&nbsp;&nbsp;&nbsp;rt_timer_detach
<LI><a href="#[262]">&gt;&gt;</a>&nbsp;&nbsp;&nbsp;rt_thread_sleep
<LI><a href="#[bf]">&gt;&gt;</a>&nbsp;&nbsp;&nbsp;rt_thread_exit
<LI><a href="#[215]">&gt;&gt;</a>&nbsp;&nbsp;&nbsp;_thread_cleanup_execute
<LI><a href="#[24e]">&gt;&gt;</a>&nbsp;&nbsp;&nbsp;rt_schedule_remove_thread
<LI><a href="#[24c]">&gt;&gt;</a>&nbsp;&nbsp;&nbsp;rt_schedule_insert_thread
<LI><a href="#[229]">&gt;&gt;</a>&nbsp;&nbsp;&nbsp;rt_exit_critical
<LI><a href="#[228]">&gt;&gt;</a>&nbsp;&nbsp;&nbsp;rt_enter_critical
<LI><a href="#[1a6]">&gt;&gt;</a>&nbsp;&nbsp;&nbsp;rt_interrupt_leave
<LI><a href="#[1a4]">&gt;&gt;</a>&nbsp;&nbsp;&nbsp;rt_interrupt_enter
<LI><a href="#[254]">&gt;&gt;</a>&nbsp;&nbsp;&nbsp;rt_timer_start
<LI><a href="#[253]">&gt;&gt;</a>&nbsp;&nbsp;&nbsp;rt_timer_control
<LI><a href="#[23d]">&gt;&gt;</a>&nbsp;&nbsp;&nbsp;rt_thread_suspend
<LI><a href="#[23b]">&gt;&gt;</a>&nbsp;&nbsp;&nbsp;rt_thread_resume
<LI><a href="#[22c]">&gt;&gt;</a>&nbsp;&nbsp;&nbsp;rt_sem_take
<LI><a href="#[22e]">&gt;&gt;</a>&nbsp;&nbsp;&nbsp;rt_sem_release
<LI><a href="#[22a]">&gt;&gt;</a>&nbsp;&nbsp;&nbsp;rt_schedule
<LI><a href="#[24a]">&gt;&gt;</a>&nbsp;&nbsp;&nbsp;rt_object_init
<LI><a href="#[249]">&gt;&gt;</a>&nbsp;&nbsp;&nbsp;rt_object_detach
<LI><a href="#[243]">&gt;&gt;</a>&nbsp;&nbsp;&nbsp;rt_object_allocate
<LI><a href="#[25d]">&gt;&gt;</a>&nbsp;&nbsp;&nbsp;rt_thread_idle_excute
<LI><a href="#[247]">&gt;&gt;</a>&nbsp;&nbsp;&nbsp;rt_object_delete
</UL>

<P><STRONG><a name="[e3]"></a>rt_hw_context_switch</STRONG> (Thumb, 32 bytes, Stack size 0 bytes, context_rvds.o(.text))
<BR><BR>[Called By]<UL><LI><a href="#[22a]">&gt;&gt;</a>&nbsp;&nbsp;&nbsp;rt_schedule
</UL>

<P><STRONG><a name="[e4]"></a>rt_hw_context_switch_interrupt</STRONG> (Thumb, 0 bytes, Stack size 0 bytes, context_rvds.o(.text))
<BR><BR>[Called By]<UL><LI><a href="#[22a]">&gt;&gt;</a>&nbsp;&nbsp;&nbsp;rt_schedule
</UL>

<P><STRONG><a name="[1a]"></a>PendSV_Handler</STRONG> (Thumb, 60 bytes, Stack size 0 bytes, context_rvds.o(.text))
<BR>[Address Reference Count : 1]<UL><LI> startup_hc32f460.o(RESET)
</UL>
<P><STRONG><a name="[e5]"></a>rt_hw_context_switch_to</STRONG> (Thumb, 56 bytes, Stack size 0 bytes, context_rvds.o(.text))
<BR><BR>[Called By]<UL><LI><a href="#[258]">&gt;&gt;</a>&nbsp;&nbsp;&nbsp;rt_system_scheduler_start
</UL>

<P><STRONG><a name="[e6]"></a>rt_hw_interrupt_thread_switch</STRONG> (Thumb, 2 bytes, Stack size 0 bytes, context_rvds.o(.text), UNUSED, KEPT)

<P><STRONG><a name="[14]"></a>HardFault_Handler</STRONG> (Thumb, 52 bytes, Stack size 0 bytes, context_rvds.o(.text))
<BR><BR>[Stack]<UL><LI>Max Depth = 236<LI>Call Chain = HardFault_Handler &rArr; rt_hw_hard_fault_exception &rArr; rt_kprintf &rArr; rt_vsnprintf &rArr; print_number &rArr; divide
</UL>
<BR>[Calls]<UL><LI><a href="#[123]">&gt;&gt;</a>&nbsp;&nbsp;&nbsp;rt_hw_hard_fault_exception
</UL>
<BR>[Address Reference Count : 1]<UL><LI> startup_hc32f460.o(RESET)
</UL>
<P><STRONG><a name="[124]"></a>__rt_ctype_table</STRONG> (Thumb, 16 bytes, Stack size 8 bytes, rt_ctype_table.o(.text), UNUSED)
<BR><BR>[Calls]<UL><LI><a href="#[111]">&gt;&gt;</a>&nbsp;&nbsp;&nbsp;__rt_locale
</UL>
<BR>[Called By]<UL><LI><a href="#[14d]">&gt;&gt;</a>&nbsp;&nbsp;&nbsp;_c16rtomb
</UL>

<P><STRONG><a name="[125]"></a>malloc</STRONG> (Thumb, 94 bytes, Stack size 16 bytes, h1_alloc.o(.text))
<BR><BR>[Stack]<UL><LI>Max Depth = 48<LI>Call Chain = malloc &rArr; __Heap_Full &rArr; __Heap_ProvideMemory &rArr; free
</UL>
<BR>[Calls]<UL><LI><a href="#[126]">&gt;&gt;</a>&nbsp;&nbsp;&nbsp;__rt_heap_descriptor
<LI><a href="#[127]">&gt;&gt;</a>&nbsp;&nbsp;&nbsp;__Heap_Full
</UL>
<BR>[Called By]<UL><LI><a href="#[1cb]">&gt;&gt;</a>&nbsp;&nbsp;&nbsp;operator new(unsigned int)
<LI><a href="#[180]">&gt;&gt;</a>&nbsp;&nbsp;&nbsp;Print::printf(char const*, ...)
<LI><a href="#[1c7]">&gt;&gt;</a>&nbsp;&nbsp;&nbsp;sempAllocateParseStructure(Print*, unsigned short, unsigned int)
<LI><a href="#[12d]">&gt;&gt;</a>&nbsp;&nbsp;&nbsp;__aeabi_atexit
</UL>

<P><STRONG><a name="[128]"></a>free</STRONG> (Thumb, 78 bytes, Stack size 16 bytes, h1_free.o(.text))
<BR><BR>[Stack]<UL><LI>Max Depth = 16<LI>Call Chain = free
</UL>
<BR>[Calls]<UL><LI><a href="#[126]">&gt;&gt;</a>&nbsp;&nbsp;&nbsp;__rt_heap_descriptor
</UL>
<BR>[Called By]<UL><LI><a href="#[1fa]">&gt;&gt;</a>&nbsp;&nbsp;&nbsp;operator delete(void*)
<LI><a href="#[180]">&gt;&gt;</a>&nbsp;&nbsp;&nbsp;Print::printf(char const*, ...)
<LI><a href="#[117]">&gt;&gt;</a>&nbsp;&nbsp;&nbsp;__cxa_finalize
<LI><a href="#[12e]">&gt;&gt;</a>&nbsp;&nbsp;&nbsp;__Heap_ProvideMemory
</UL>

<P><STRONG><a name="[16b]"></a>__aeabi_uldivmod</STRONG> (Thumb, 0 bytes, Stack size 48 bytes, lludivv7m.o(.text))
<BR><BR>[Stack]<UL><LI>Max Depth = 48<LI>Call Chain = __aeabi_uldivmod
</UL>
<BR>[Called By]<UL><LI><a href="#[1a7]">&gt;&gt;</a>&nbsp;&nbsp;&nbsp;UART_CalculateBrr
<LI><a href="#[1a3]">&gt;&gt;</a>&nbsp;&nbsp;&nbsp;SmartCard_CalculateBrr
<LI><a href="#[16a]">&gt;&gt;</a>&nbsp;&nbsp;&nbsp;ClockSync_CalculateBrr
</UL>

<P><STRONG><a name="[2b7]"></a>_ll_udiv</STRONG> (Thumb, 240 bytes, Stack size 48 bytes, lludivv7m.o(.text), UNUSED)

<P><STRONG><a name="[129]"></a>vsnprintf</STRONG> (Thumb, 48 bytes, Stack size 24 bytes, vsnprintf.o(.text))
<BR><BR>[Stack]<UL><LI>Max Depth = 128 + Unknown Stack Size
<LI>Call Chain = vsnprintf &rArr; _printf_char_common &rArr; __printf
</UL>
<BR>[Calls]<UL><LI><a href="#[12b]">&gt;&gt;</a>&nbsp;&nbsp;&nbsp;_sputc
<LI><a href="#[12a]">&gt;&gt;</a>&nbsp;&nbsp;&nbsp;_printf_char_common
</UL>
<BR>[Called By]<UL><LI><a href="#[180]">&gt;&gt;</a>&nbsp;&nbsp;&nbsp;Print::printf(char const*, ...)
<LI><a href="#[1bc]">&gt;&gt;</a>&nbsp;&nbsp;&nbsp;sempPrintf(Print*, char const*, ...)
</UL>

<P><STRONG><a name="[12c]"></a>__cxa_atexit</STRONG> (Thumb, 10 bytes, Stack size 0 bytes, cxa_atexit.o(.text))
<BR><BR>[Stack]<UL><LI>Max Depth = 72<LI>Call Chain = __cxa_atexit &rArr; __aeabi_atexit &rArr; malloc &rArr; __Heap_Full &rArr; __Heap_ProvideMemory &rArr; free
</UL>
<BR>[Calls]<UL><LI><a href="#[12d]">&gt;&gt;</a>&nbsp;&nbsp;&nbsp;__aeabi_atexit
</UL>
<BR>[Called By]<UL><LI><a href="#[1b2]">&gt;&gt;</a>&nbsp;&nbsp;&nbsp;__cxx_global_var_init
<LI><a href="#[1b1]">&gt;&gt;</a>&nbsp;&nbsp;&nbsp;__cxx_global_var_init
</UL>

<P><STRONG><a name="[1bd]"></a>strlen</STRONG> (Thumb, 62 bytes, Stack size 8 bytes, strlen.o(.text))
<BR><BR>[Stack]<UL><LI>Max Depth = 8<LI>Call Chain = strlen
</UL>
<BR>[Called By]<UL><LI><a href="#[200]">&gt;&gt;</a>&nbsp;&nbsp;&nbsp;Print::write(char const*)
<LI><a href="#[1b8]">&gt;&gt;</a>&nbsp;&nbsp;&nbsp;sempBeginParser(bool (* const*)(_SEMP_PARSE_STATE*, unsigned char), unsigned short, char const* const*, unsigned short, unsigned short, unsigned int, void (*)(_SEMP_PARSE_STATE*, unsigned short), char const*, Print*, Print*, bool (*)(_SEMP_PARSE_STATE*))
<LI><a href="#[1bc]">&gt;&gt;</a>&nbsp;&nbsp;&nbsp;sempPrintf(Print*, char const*, ...)
</UL>

<P><STRONG><a name="[1db]"></a>__aeabi_memclr4</STRONG> (Thumb, 0 bytes, Stack size unknown bytes, rt_memclr_w.o(.text))
<BR><BR>[Called By]<UL><LI><a href="#[1c7]">&gt;&gt;</a>&nbsp;&nbsp;&nbsp;sempAllocateParseStructure(Print*, unsigned short, unsigned int)
</UL>

<P><STRONG><a name="[2b8]"></a>__aeabi_memclr8</STRONG> (Thumb, 0 bytes, Stack size unknown bytes, rt_memclr_w.o(.text), UNUSED)

<P><STRONG><a name="[2b9]"></a>__rt_memclr_w</STRONG> (Thumb, 0 bytes, Stack size unknown bytes, rt_memclr_w.o(.text), UNUSED)

<P><STRONG><a name="[2ba]"></a>_memset_w</STRONG> (Thumb, 74 bytes, Stack size 4 bytes, rt_memclr_w.o(.text), UNUSED)

<P><STRONG><a name="[272]"></a>strcmp</STRONG> (Thumb, 124 bytes, Stack size 8 bytes, strcmpv7em.o(.text))
<BR><BR>[Stack]<UL><LI>Max Depth = 8<LI>Call Chain = strcmp
</UL>
<BR>[Called By]<UL><LI><a href="#[114]">&gt;&gt;</a>&nbsp;&nbsp;&nbsp;_get_lc_numeric
<LI><a href="#[ae]">&gt;&gt;</a>&nbsp;&nbsp;&nbsp;_get_lc_ctype
</UL>

<P><STRONG><a name="[e8]"></a>__cpp_initialize__aeabi_</STRONG> (Thumb, 28 bytes, Stack size 16 bytes, init_aeabi.o(.text))
<BR><BR>[Stack]<UL><LI>Max Depth = 16<LI>Call Chain = __cpp_initialize__aeabi_
</UL>
<BR>[Called By]<UL><LI><a href="#[115]">&gt;&gt;</a>&nbsp;&nbsp;&nbsp;__rt_lib_init_cpp_2
</UL>

<P><STRONG><a name="[126]"></a>__rt_heap_descriptor</STRONG> (Thumb, 8 bytes, Stack size 0 bytes, rt_heap_descriptor_intlibspace.o(.text))
<BR><BR>[Called By]<UL><LI><a href="#[128]">&gt;&gt;</a>&nbsp;&nbsp;&nbsp;free
<LI><a href="#[125]">&gt;&gt;</a>&nbsp;&nbsp;&nbsp;malloc
<LI><a href="#[10f]">&gt;&gt;</a>&nbsp;&nbsp;&nbsp;_init_alloc
</UL>

<P><STRONG><a name="[111]"></a>__rt_locale</STRONG> (Thumb, 8 bytes, Stack size 0 bytes, rt_locale_intlibspace.o(.text))
<BR><BR>[Called By]<UL><LI><a href="#[124]">&gt;&gt;</a>&nbsp;&nbsp;&nbsp;__rt_ctype_table
<LI><a href="#[147]">&gt;&gt;</a>&nbsp;&nbsp;&nbsp;_printf_fp_dec_real
<LI><a href="#[110]">&gt;&gt;</a>&nbsp;&nbsp;&nbsp;__rt_lib_init_lc_common
</UL>

<P><STRONG><a name="[2bb]"></a>__use_no_heap</STRONG> (Thumb, 2 bytes, Stack size 0 bytes, hguard.o(.text), UNUSED)

<P><STRONG><a name="[2bc]"></a>__heap$guard</STRONG> (Thumb, 2 bytes, Stack size 0 bytes, hguard.o(.text), UNUSED)

<P><STRONG><a name="[2bd]"></a>_terminate_user_alloc</STRONG> (Thumb, 2 bytes, Stack size 0 bytes, init_alloc.o(.text), UNUSED)

<P><STRONG><a name="[2be]"></a>_init_user_alloc</STRONG> (Thumb, 2 bytes, Stack size 0 bytes, init_alloc.o(.text), UNUSED)

<P><STRONG><a name="[127]"></a>__Heap_Full</STRONG> (Thumb, 34 bytes, Stack size 16 bytes, init_alloc.o(.text))
<BR><BR>[Stack]<UL><LI>Max Depth = 32<LI>Call Chain = __Heap_Full &rArr; __Heap_ProvideMemory &rArr; free
</UL>
<BR>[Calls]<UL><LI><a href="#[12e]">&gt;&gt;</a>&nbsp;&nbsp;&nbsp;__Heap_ProvideMemory
</UL>
<BR>[Called By]<UL><LI><a href="#[125]">&gt;&gt;</a>&nbsp;&nbsp;&nbsp;malloc
</UL>

<P><STRONG><a name="[12f]"></a>__Heap_Broken</STRONG> (Thumb, 6 bytes, Stack size 0 bytes, init_alloc.o(.text), UNUSED)
<BR><BR>[Calls]<UL><LI><a href="#[130]">&gt;&gt;</a>&nbsp;&nbsp;&nbsp;__rt_SIGRTMEM
</UL>

<P><STRONG><a name="[10f]"></a>_init_alloc</STRONG> (Thumb, 94 bytes, Stack size 24 bytes, init_alloc.o(.text))
<BR><BR>[Stack]<UL><LI>Max Depth = 64<LI>Call Chain = _init_alloc &rArr; __rt_SIGRTMEM &rArr; __rt_SIGRTMEM_inner &rArr; __default_signal_display &rArr; _ttywrch
</UL>
<BR>[Calls]<UL><LI><a href="#[126]">&gt;&gt;</a>&nbsp;&nbsp;&nbsp;__rt_heap_descriptor
<LI><a href="#[130]">&gt;&gt;</a>&nbsp;&nbsp;&nbsp;__rt_SIGRTMEM
<LI><a href="#[12e]">&gt;&gt;</a>&nbsp;&nbsp;&nbsp;__Heap_ProvideMemory
<LI><a href="#[131]">&gt;&gt;</a>&nbsp;&nbsp;&nbsp;__Heap_Initialize
</UL>
<BR>[Called By]<UL><LI><a href="#[10e]">&gt;&gt;</a>&nbsp;&nbsp;&nbsp;__rt_lib_init_heap_2
</UL>

<P><STRONG><a name="[131]"></a>__Heap_Initialize</STRONG> (Thumb, 10 bytes, Stack size 0 bytes, h1_init.o(.text))
<BR><BR>[Called By]<UL><LI><a href="#[10f]">&gt;&gt;</a>&nbsp;&nbsp;&nbsp;_init_alloc
</UL>

<P><STRONG><a name="[2bf]"></a>__Heap_DescSize</STRONG> (Thumb, 4 bytes, Stack size 0 bytes, h1_init.o(.text), UNUSED)

<P><STRONG><a name="[133]"></a>_printf_pre_padding</STRONG> (Thumb, 44 bytes, Stack size 16 bytes, _printf_pad.o(.text))
<BR><BR>[Stack]<UL><LI>Max Depth = 16<LI>Call Chain = _printf_pre_padding
</UL>
<BR>[Called By]<UL><LI><a href="#[149]">&gt;&gt;</a>&nbsp;&nbsp;&nbsp;_printf_fp_infnan
<LI><a href="#[14a]">&gt;&gt;</a>&nbsp;&nbsp;&nbsp;_printf_fp_hex_real
<LI><a href="#[147]">&gt;&gt;</a>&nbsp;&nbsp;&nbsp;_printf_fp_dec_real
<LI><a href="#[137]">&gt;&gt;</a>&nbsp;&nbsp;&nbsp;_printf_int_common
<LI><a href="#[139]">&gt;&gt;</a>&nbsp;&nbsp;&nbsp;_printf_wctomb
<LI><a href="#[132]">&gt;&gt;</a>&nbsp;&nbsp;&nbsp;_printf_str
</UL>

<P><STRONG><a name="[134]"></a>_printf_post_padding</STRONG> (Thumb, 34 bytes, Stack size 16 bytes, _printf_pad.o(.text))
<BR><BR>[Stack]<UL><LI>Max Depth = 16<LI>Call Chain = _printf_post_padding
</UL>
<BR>[Called By]<UL><LI><a href="#[149]">&gt;&gt;</a>&nbsp;&nbsp;&nbsp;_printf_fp_infnan
<LI><a href="#[14a]">&gt;&gt;</a>&nbsp;&nbsp;&nbsp;_printf_fp_hex_real
<LI><a href="#[147]">&gt;&gt;</a>&nbsp;&nbsp;&nbsp;_printf_fp_dec_real
<LI><a href="#[137]">&gt;&gt;</a>&nbsp;&nbsp;&nbsp;_printf_int_common
<LI><a href="#[139]">&gt;&gt;</a>&nbsp;&nbsp;&nbsp;_printf_wctomb
<LI><a href="#[132]">&gt;&gt;</a>&nbsp;&nbsp;&nbsp;_printf_str
</UL>

<P><STRONG><a name="[135]"></a>_printf_truncate_signed</STRONG> (Thumb, 18 bytes, Stack size 0 bytes, _printf_truncate.o(.text))
<BR><BR>[Called By]<UL><LI><a href="#[f7]">&gt;&gt;</a>&nbsp;&nbsp;&nbsp;_printf_int_dec
</UL>

<P><STRONG><a name="[136]"></a>_printf_truncate_unsigned</STRONG> (Thumb, 18 bytes, Stack size 0 bytes, _printf_truncate.o(.text))
<BR><BR>[Called By]<UL><LI><a href="#[fd]">&gt;&gt;</a>&nbsp;&nbsp;&nbsp;_printf_int_hex
<LI><a href="#[fb]">&gt;&gt;</a>&nbsp;&nbsp;&nbsp;_printf_int_oct
<LI><a href="#[f7]">&gt;&gt;</a>&nbsp;&nbsp;&nbsp;_printf_int_dec
</UL>

<P><STRONG><a name="[132]"></a>_printf_str</STRONG> (Thumb, 82 bytes, Stack size 16 bytes, _printf_str.o(.text))
<BR><BR>[Stack]<UL><LI>Max Depth = 32<LI>Call Chain = _printf_str &rArr; _printf_post_padding
</UL>
<BR>[Calls]<UL><LI><a href="#[134]">&gt;&gt;</a>&nbsp;&nbsp;&nbsp;_printf_post_padding
<LI><a href="#[133]">&gt;&gt;</a>&nbsp;&nbsp;&nbsp;_printf_pre_padding
</UL>
<BR>[Called By]<UL><LI><a href="#[14b]">&gt;&gt;</a>&nbsp;&nbsp;&nbsp;_printf_cs_common
</UL>

<P><STRONG><a name="[f7]"></a>_printf_int_dec</STRONG> (Thumb, 104 bytes, Stack size 24 bytes, _printf_dec.o(.text))
<BR><BR>[Stack]<UL><LI>Max Depth = 72<LI>Call Chain = _printf_int_dec &rArr; _printf_int_common &rArr; _printf_post_padding
</UL>
<BR>[Calls]<UL><LI><a href="#[137]">&gt;&gt;</a>&nbsp;&nbsp;&nbsp;_printf_int_common
<LI><a href="#[136]">&gt;&gt;</a>&nbsp;&nbsp;&nbsp;_printf_truncate_unsigned
<LI><a href="#[135]">&gt;&gt;</a>&nbsp;&nbsp;&nbsp;_printf_truncate_signed
</UL>
<BR>[Called By]<UL><LI><a href="#[f9]">&gt;&gt;</a>&nbsp;&nbsp;&nbsp;_printf_u
<LI><a href="#[f8]">&gt;&gt;</a>&nbsp;&nbsp;&nbsp;_printf_d
<LI><a href="#[f6]">&gt;&gt;</a>&nbsp;&nbsp;&nbsp;_printf_i
</UL>

<P><STRONG><a name="[ed]"></a>_printf_charcount</STRONG> (Thumb, 40 bytes, Stack size 0 bytes, _printf_charcount.o(.text))
<BR><BR>[Called By]<UL><LI><a href="#[ec]">&gt;&gt;</a>&nbsp;&nbsp;&nbsp;_printf_n
</UL>

<P><STRONG><a name="[12a]"></a>_printf_char_common</STRONG> (Thumb, 32 bytes, Stack size 64 bytes, _printf_char_common.o(.text))
<BR><BR>[Stack]<UL><LI>Max Depth = 104 + Unknown Stack Size
<LI>Call Chain = _printf_char_common &rArr; __printf
</UL>
<BR>[Calls]<UL><LI><a href="#[138]">&gt;&gt;</a>&nbsp;&nbsp;&nbsp;__printf
</UL>
<BR>[Called By]<UL><LI><a href="#[129]">&gt;&gt;</a>&nbsp;&nbsp;&nbsp;vsnprintf
</UL>

<P><STRONG><a name="[12b]"></a>_sputc</STRONG> (Thumb, 10 bytes, Stack size 0 bytes, _sputc.o(.text))
<BR><BR>[Called By]<UL><LI><a href="#[129]">&gt;&gt;</a>&nbsp;&nbsp;&nbsp;vsnprintf
</UL>

<P><STRONG><a name="[af]"></a>_snputc</STRONG> (Thumb, 16 bytes, Stack size 0 bytes, _snputc.o(.text))
<BR>[Address Reference Count : 1]<UL><LI> vsnprintf.o(.text)
</UL>
<P><STRONG><a name="[139]"></a>_printf_wctomb</STRONG> (Thumb, 182 bytes, Stack size 56 bytes, _printf_wctomb.o(.text))
[...]
</UL>

<P><STRONG><a name="[1ac]"></a>USART_GetBusClockFreq</STRONG> (Thumb, 38 bytes, Stack size 8 bytes, hc32_ll_usart.o(.text.USART_GetBusClockFreq))
<BR><BR>[Stack]<UL><LI>Max Depth = 8<LI>Call Chain = USART_GetBusClockFreq
</UL>
<BR>[Called By]<UL><LI><a href="#[1ab]">&gt;&gt;</a>&nbsp;&nbsp;&nbsp;USART_GetUsartClockFreq
</UL>

<P><STRONG><a name="[1ab]"></a>USART_GetUsartClockFreq</STRONG> (Thumb, 134 bytes, Stack size 24 bytes, hc32_ll_usart.o(.text.USART_GetUsartClockFreq))
<BR><BR>[Stack]<UL><LI>Max Depth = 32<LI>Call Chain = USART_GetUsartClockFreq &rArr; DDL_AssertHandler
</UL>
<BR>[Calls]<UL><LI><a href="#[de]">&gt;&gt;</a>&nbsp;&nbsp;&nbsp;DDL_AssertHandler
<LI><a href="#[1ac]">&gt;&gt;</a>&nbsp;&nbsp;&nbsp;USART_GetBusClockFreq
</UL>
<BR>[Called By]<UL><LI><a href="#[1ae]">&gt;&gt;</a>&nbsp;&nbsp;&nbsp;USART_SetBaudrate
</UL>

<P><STRONG><a name="[dd]"></a>_GLOBAL__sub_I_HardwareI2cSlave.cpp</STRONG> (Thumb, 8 bytes, Stack size 8 bytes, hardwarei2cslave.o(.text._GLOBAL__sub_I_HardwareI2cSlave.cpp))
<BR><BR>[Stack]<UL><LI>Max Depth = 96<LI>Call Chain = _GLOBAL__sub_I_HardwareI2cSlave.cpp &rArr; __cxx_global_var_init &rArr; __cxa_atexit &rArr; __aeabi_atexit &rArr; malloc &rArr; __Heap_Full &rArr; __Heap_ProvideMemory &rArr; free
</UL>
<BR>[Calls]<UL><LI><a href="#[1b1]">&gt;&gt;</a>&nbsp;&nbsp;&nbsp;__cxx_global_var_init
</UL>
<BR>[Address Reference Count : 1]<UL><LI> hardwarei2cslave.o(.init_array)
</UL>
<P><STRONG><a name="[b3]"></a>I2C_EEI_Callback()</STRONG> (Thumb, 392 bytes, Stack size 40 bytes, hardwarei2cslave.o(.text._ZL16I2C_EEI_Callbackv))
<BR><BR>[Stack]<UL><LI>Max Depth = 84<LI>Call Chain = I2C_EEI_Callback() &rArr; RingBuffer&lang;unsigned char&rang;::pop(unsigned char&) &rArr; RingBuffer&lang;unsigned char&rang;::isEmpty() &rArr; RingBuffer&lang;unsigned char&rang;::count()
</UL>
<BR>[Calls]<UL><LI><a href="#[18b]">&gt;&gt;</a>&nbsp;&nbsp;&nbsp;I2C_Cmd
<LI><a href="#[1e0]">&gt;&gt;</a>&nbsp;&nbsp;&nbsp;RingBuffer&lang;unsigned char&rang;::pop(unsigned char&)
<LI><a href="#[192]">&gt;&gt;</a>&nbsp;&nbsp;&nbsp;I2C_WriteData
<LI><a href="#[190]">&gt;&gt;</a>&nbsp;&nbsp;&nbsp;I2C_ReadData
<LI><a href="#[18f]">&gt;&gt;</a>&nbsp;&nbsp;&nbsp;I2C_IntCmd
<LI><a href="#[18a]">&gt;&gt;</a>&nbsp;&nbsp;&nbsp;I2C_ClearStatus
<LI><a href="#[18d]">&gt;&gt;</a>&nbsp;&nbsp;&nbsp;I2C_GetStatus
</UL>
<BR>[Address Reference Count : 1]<UL><LI> hardwarei2cslave.o(.text._Z16Slave_Initializev)
</UL>
<P><STRONG><a name="[b4]"></a>I2C_RXI_Callback()</STRONG> (Thumb, 76 bytes, Stack size 16 bytes, hardwarei2cslave.o(.text._ZL16I2C_RXI_Callbackv))
<BR><BR>[Stack]<UL><LI>Max Depth = 88<LI>Call Chain = I2C_RXI_Callback() &rArr; RingBuffer&lang;unsigned char&rang;::push(unsigned char, bool, bool&) &rArr; RingBuffer&lang;unsigned char&rang;::_push(unsigned char) &rArr; RingBuffer&lang;unsigned char&rang;::_update_write_index(unsigned int)
</UL>
<BR>[Calls]<UL><LI><a href="#[1e1]">&gt;&gt;</a>&nbsp;&nbsp;&nbsp;RingBuffer&lang;unsigned char&rang;::push(unsigned char, bool, bool&)
<LI><a href="#[190]">&gt;&gt;</a>&nbsp;&nbsp;&nbsp;I2C_ReadData
<LI><a href="#[18d]">&gt;&gt;</a>&nbsp;&nbsp;&nbsp;I2C_GetStatus
</UL>
<BR>[Address Reference Count : 1]<UL><LI> hardwarei2cslave.o(.text._Z16Slave_Initializev)
</UL>
<P><STRONG><a name="[b5]"></a>I2C_TEI_Callback()</STRONG> (Thumb, 90 bytes, Stack size 16 bytes, hardwarei2cslave.o(.text._ZL16I2C_TEI_Callbackv))
<BR><BR>[Stack]<UL><LI>Max Depth = 60<LI>Call Chain = I2C_TEI_Callback() &rArr; RingBuffer&lang;unsigned char&rang;::pop(unsigned char&) &rArr; RingBuffer&lang;unsigned char&rang;::isEmpty() &rArr; RingBuffer&lang;unsigned char&rang;::count()
</UL>
<BR>[Calls]<UL><LI><a href="#[1e0]">&gt;&gt;</a>&nbsp;&nbsp;&nbsp;RingBuffer&lang;unsigned char&rang;::pop(unsigned char&)
<LI><a href="#[192]">&gt;&gt;</a>&nbsp;&nbsp;&nbsp;I2C_WriteData
<LI><a href="#[18d]">&gt;&gt;</a>&nbsp;&nbsp;&nbsp;I2C_GetStatus
</UL>
<BR>[Address Reference Count : 1]<UL><LI> hardwarei2cslave.o(.text._Z16Slave_Initializev)
</UL>
<P><STRONG><a name="[1d2]"></a>__NVIC_EnableIRQ(IRQn_Type)</STRONG> (Thumb, 48 bytes, Stack size 4 bytes, hardwarei2cslave.o(.text._ZL16__NVIC_EnableIRQ9IRQn_Type))
<BR><BR>[Stack]<UL><LI>Max Depth = 4<LI>Call Chain = __NVIC_EnableIRQ(IRQn_Type)
</UL>
<BR>[Called By]<UL><LI><a href="#[1ce]">&gt;&gt;</a>&nbsp;&nbsp;&nbsp;i2c_irq_register(stc_irq_signin_config_t&, char const*, unsigned int)
</UL>

<P><STRONG><a name="[1d0]"></a>__NVIC_SetPriority(IRQn_Type, unsigned int)</STRONG> (Thumb, 66 bytes, Stack size 8 bytes, hardwarei2cslave.o(.text._ZL18__NVIC_SetPriority9IRQn_Typej))
<BR><BR>[Stack]<UL><LI>Max Depth = 8<LI>Call Chain = __NVIC_SetPriority(IRQn_Type, unsigned int)
</UL>
<BR>[Called By]<UL><LI><a href="#[1ce]">&gt;&gt;</a>&nbsp;&nbsp;&nbsp;i2c_irq_register(stc_irq_signin_config_t&, char const*, unsigned int)
</UL>

<P><STRONG><a name="[1d1]"></a>__NVIC_ClearPendingIRQ(IRQn_Type)</STRONG> (Thumb, 48 bytes, Stack size 4 bytes, hardwarei2cslave.o(.text._ZL22__NVIC_ClearPendingIRQ9IRQn_Type))
<BR><BR>[Stack]<UL><LI>Max Depth = 4<LI>Call Chain = __NVIC_ClearPendingIRQ(IRQn_Type)
</UL>
<BR>[Called By]<UL><LI><a href="#[1ce]">&gt;&gt;</a>&nbsp;&nbsp;&nbsp;i2c_irq_register(stc_irq_signin_config_t&, char const*, unsigned int)
</UL>

<P><STRONG><a name="[1b1]"></a>__cxx_global_var_init</STRONG> (Thumb, 44 bytes, Stack size 16 bytes, hardwarei2cslave.o(.text.__cxx_global_var_init))
<BR><BR>[Stack]<UL><LI>Max Depth = 88<LI>Call Chain = __cxx_global_var_init &rArr; __cxa_atexit &rArr; __aeabi_atexit &rArr; malloc &rArr; __Heap_Full &rArr; __Heap_ProvideMemory &rArr; free
</UL>
<BR>[Calls]<UL><LI><a href="#[1fe]">&gt;&gt;</a>&nbsp;&nbsp;&nbsp;HardwareI2cSlave::HardwareI2cSlave()
<LI><a href="#[12c]">&gt;&gt;</a>&nbsp;&nbsp;&nbsp;__cxa_atexit
</UL>
<BR>[Called By]<UL><LI><a href="#[dd]">&gt;&gt;</a>&nbsp;&nbsp;&nbsp;_GLOBAL__sub_I_HardwareI2cSlave.cpp
</UL>

<P><STRONG><a name="[d9]"></a>rti_board_end</STRONG> (Thumb, 4 bytes, Stack size 0 bytes, components.o(.text.rti_board_end))
<BR>[Address Reference Count : 1]<UL><LI> components.o(.rti_fn.1.end)
</UL>
<P><STRONG><a name="[d8]"></a>rti_board_start</STRONG> (Thumb, 4 bytes, Stack size 0 bytes, components.o(.text.rti_board_start))
<BR>[Address Reference Count : 1]<UL><LI> components.o(.rti_fn.0.end)
</UL>
<P><STRONG><a name="[da]"></a>rti_end</STRONG> (Thumb, 4 bytes, Stack size 0 bytes, components.o(.text.rti_end))
<BR>[Address Reference Count : 1]<UL><LI> components.o(.rti_fn.6.end)
</UL>
<P><STRONG><a name="[d7]"></a>rti_start</STRONG> (Thumb, 4 bytes, Stack size 0 bytes, components.o(.text.rti_start))
<BR>[Address Reference Count : 1]<UL><LI> components.o(.rti_fn.0)
</UL>
<P><STRONG><a name="[25e]"></a>_has_defunct_thread</STRONG> (Thumb, 28 bytes, Stack size 4 bytes, idle.o(.text._has_defunct_thread))
<BR><BR>[Stack]<UL><LI>Max Depth = 4<LI>Call Chain = _has_defunct_thread
</UL>
<BR>[Called By]<UL><LI><a href="#[25d]">&gt;&gt;</a>&nbsp;&nbsp;&nbsp;rt_thread_idle_excute
</UL>

<P><STRONG><a name="[25f]"></a>rt_list_remove</STRONG> (Thumb, 32 bytes, Stack size 4 bytes, idle.o(.text.rt_list_remove))
<BR><BR>[Stack]<UL><LI>Max Depth = 4<LI>Call Chain = rt_list_remove
</UL>
<BR>[Called By]<UL><LI><a href="#[25d]">&gt;&gt;</a>&nbsp;&nbsp;&nbsp;rt_thread_idle_excute
</UL>

<P><STRONG><a name="[c5]"></a>rt_thread_idle_entry</STRONG> (Thumb, 14 bytes, Stack size 16 bytes, idle.o(.text.rt_thread_idle_entry))
<BR><BR>[Stack]<UL><LI>Max Depth = 276<LI>Call Chain = rt_thread_idle_entry &rArr; rt_thread_idle_excute &rArr; rt_object_delete &rArr; rt_free &rArr; rt_kprintf &rArr; rt_vsnprintf &rArr; print_number &rArr; divide
</UL>
<BR>[Calls]<UL><LI><a href="#[25d]">&gt;&gt;</a>&nbsp;&nbsp;&nbsp;rt_thread_idle_excute
</UL>
<BR>[Address Reference Count : 1]<UL><LI> idle.o(.text.rt_thread_idle_init)
</UL>
<P><STRONG><a name="[23a]"></a>rt_ipc_list_resume</STRONG> (Thumb, 26 bytes, Stack size 16 bytes, ipc.o(.text.rt_ipc_list_resume))
<BR><BR>[Stack]<UL><LI>Max Depth = 84<LI>Call Chain = rt_ipc_list_resume &rArr; rt_thread_resume &rArr; rt_timer_stop &rArr; _rt_timer_remove &rArr; rt_list_remove
</UL>
<BR>[Calls]<UL><LI><a href="#[23b]">&gt;&gt;</a>&nbsp;&nbsp;&nbsp;rt_thread_resume
</UL>
<BR>[Called By]<UL><LI><a href="#[22e]">&gt;&gt;</a>&nbsp;&nbsp;&nbsp;rt_sem_release
</UL>

<P><STRONG><a name="[23c]"></a>rt_ipc_list_suspend</STRONG> (Thumb, 148 bytes, Stack size 32 bytes, ipc.o(.text.rt_ipc_list_suspend))
<BR><BR>[Stack]<UL><LI>Max Depth = 100<LI>Call Chain = rt_ipc_list_suspend &rArr; rt_thread_suspend &rArr; rt_timer_stop &rArr; _rt_timer_remove &rArr; rt_list_remove
</UL>
<BR>[Calls]<UL><LI><a href="#[23d]">&gt;&gt;</a>&nbsp;&nbsp;&nbsp;rt_thread_suspend
<LI><a href="#[23e]">&gt;&gt;</a>&nbsp;&nbsp;&nbsp;rt_list_insert_before
</UL>
<BR>[Called By]<UL><LI><a href="#[22c]">&gt;&gt;</a>&nbsp;&nbsp;&nbsp;rt_sem_take
</UL>

<P><STRONG><a name="[23f]"></a>rt_ipc_object_init</STRONG> (Thumb, 20 bytes, Stack size 16 bytes, ipc.o(.text.rt_ipc_object_init))
<BR><BR>[Stack]<UL><LI>Max Depth = 20<LI>Call Chain = rt_ipc_object_init &rArr; rt_list_init
</UL>
<BR>[Calls]<UL><LI><a href="#[240]">&gt;&gt;</a>&nbsp;&nbsp;&nbsp;rt_list_init
</UL>
<BR>[Called By]<UL><LI><a href="#[251]">&gt;&gt;</a>&nbsp;&nbsp;&nbsp;rt_sem_init
</UL>

<P><STRONG><a name="[240]"></a>rt_list_init</STRONG> (Thumb, 16 bytes, Stack size 4 bytes, ipc.o(.text.rt_list_init))
<BR><BR>[Stack]<UL><LI>Max Depth = 4<LI>Call Chain = rt_list_init
</UL>
<BR>[Called By]<UL><LI><a href="#[23f]">&gt;&gt;</a>&nbsp;&nbsp;&nbsp;rt_ipc_object_init
</UL>

<P><STRONG><a name="[23e]"></a>rt_list_insert_before</STRONG> (Thumb, 38 bytes, Stack size 8 bytes, ipc.o(.text.rt_list_insert_before))
<BR><BR>[Stack]<UL><LI>Max Depth = 8<LI>Call Chain = rt_list_insert_before
</UL>
<BR>[Called By]<UL><LI><a href="#[23c]">&gt;&gt;</a>&nbsp;&nbsp;&nbsp;rt_ipc_list_suspend
</UL>

<P><STRONG><a name="[252]"></a>rt_list_isempty</STRONG> (Thumb, 20 bytes, Stack size 4 bytes, ipc.o(.text.rt_list_isempty))
<BR><BR>[Stack]<UL><LI>Max Depth = 4<LI>Call Chain = rt_list_isempty
</UL>
<BR>[Called By]<UL><LI><a href="#[22e]">&gt;&gt;</a>&nbsp;&nbsp;&nbsp;rt_sem_release
</UL>

<P><STRONG><a name="[225]"></a>divide</STRONG> (Thumb, 82 bytes, Stack size 12 bytes, kservice.o(.text.divide))
<BR><BR>[Stack]<UL><LI>Max Depth = 12<LI>Call Chain = divide
</UL>
<BR>[Called By]<UL><LI><a href="#[224]">&gt;&gt;</a>&nbsp;&nbsp;&nbsp;print_number
</UL>

<P><STRONG><a name="[224]"></a>print_number</STRONG> (Thumb, 612 bytes, Stack size 72 bytes, kservice.o(.text.print_number))
<BR><BR>[Stack]<UL><LI>Max Depth = 84<LI>Call Chain = print_number &rArr; divide
</UL>
<BR>[Calls]<UL><LI><a href="#[225]">&gt;&gt;</a>&nbsp;&nbsp;&nbsp;divide
</UL>
<BR>[Called By]<UL><LI><a href="#[241]">&gt;&gt;</a>&nbsp;&nbsp;&nbsp;rt_vsnprintf
</UL>

<P><STRONG><a name="[26b]"></a>skip_atoi</STRONG> (Thumb, 56 bytes, Stack size 8 bytes, kservice.o(.text.skip_atoi))
<BR><BR>[Stack]<UL><LI>Max Depth = 8<LI>Call Chain = skip_atoi
</UL>
<BR>[Called By]<UL><LI><a href="#[241]">&gt;&gt;</a>&nbsp;&nbsp;&nbsp;rt_vsnprintf
</UL>

<P><STRONG><a name="[22d]"></a>plug_holes</STRONG> (Thumb, 226 bytes, Stack size 12 bytes, mem.o(.text.plug_holes))
<BR><BR>[Stack]<UL><LI>Max Depth = 12<LI>Call Chain = plug_holes
</UL>
<BR>[Called By]<UL><LI><a href="#[22b]">&gt;&gt;</a>&nbsp;&nbsp;&nbsp;rt_free
</UL>

<P><STRONG><a name="[246]"></a>rt_list_insert_after</STRONG> (Thumb, 38 bytes, Stack size 8 bytes, object.o(.text.rt_list_insert_after))
<BR><BR>[Stack]<UL><LI>Max Depth = 8<LI>Call Chain = rt_list_insert_after
</UL>
<BR>[Called By]<UL><LI><a href="#[24a]">&gt;&gt;</a>&nbsp;&nbsp;&nbsp;rt_object_init
<LI><a href="#[243]">&gt;&gt;</a>&nbsp;&nbsp;&nbsp;rt_object_allocate
</UL>

<P><STRONG><a name="[248]"></a>rt_list_remove</STRONG> (Thumb, 32 bytes, Stack size 4 bytes, object.o(.text.rt_list_remove))
<BR><BR>[Stack]<UL><LI>Max Depth = 4<LI>Call Chain = rt_list_remove
</UL>
<BR>[Called By]<UL><LI><a href="#[249]">&gt;&gt;</a>&nbsp;&nbsp;&nbsp;rt_object_detach
<LI><a href="#[247]">&gt;&gt;</a>&nbsp;&nbsp;&nbsp;rt_object_delete
</UL>

<P><STRONG><a name="[257]"></a>rt_list_init</STRONG> (Thumb, 16 bytes, Stack size 4 bytes, scheduler.o(.text.rt_list_init))
<BR><BR>[Stack]<UL><LI>Max Depth = 4<LI>Call Chain = rt_list_init
</UL>
<BR>[Called By]<UL><LI><a href="#[256]">&gt;&gt;</a>&nbsp;&nbsp;&nbsp;rt_system_scheduler_init
</UL>

<P><STRONG><a name="[24d]"></a>rt_list_insert_before</STRONG> (Thumb, 38 bytes, Stack size 8 bytes, scheduler.o(.text.rt_list_insert_before))
<BR><BR>[Stack]<UL><LI>Max Depth = 8<LI>Call Chain = rt_list_insert_before
</UL>
<BR>[Called By]<UL><LI><a href="#[24c]">&gt;&gt;</a>&nbsp;&nbsp;&nbsp;rt_schedule_insert_thread
</UL>

<P><STRONG><a name="[250]"></a>rt_list_isempty</STRONG> (Thumb, 20 bytes, Stack size 4 bytes, scheduler.o(.text.rt_list_isempty))
<BR><BR>[Stack]<UL><LI>Max Depth = 4<LI>Call Chain = rt_list_isempty
</UL>
<BR>[Called By]<UL><LI><a href="#[24e]">&gt;&gt;</a>&nbsp;&nbsp;&nbsp;rt_schedule_remove_thread
</UL>

<P><STRONG><a name="[24f]"></a>rt_list_remove</STRONG> (Thumb, 32 bytes, Stack size 4 bytes, scheduler.o(.text.rt_list_remove))
<BR><BR>[Stack]<UL><LI>Max Depth = 4<LI>Call Chain = rt_list_remove
</UL>
<BR>[Called By]<UL><LI><a href="#[24e]">&gt;&gt;</a>&nbsp;&nbsp;&nbsp;rt_schedule_remove_thread
</UL>

<P><STRONG><a name="[20c]"></a>_rt_thread_init</STRONG> (Thumb, 196 bytes, Stack size 40 bytes, thread.o(.text._rt_thread_init))
<BR><BR>[Stack]<UL><LI>Max Depth = 160<LI>Call Chain = _rt_thread_init &rArr; rt_timer_init &rArr; rt_object_init &rArr; rt_exit_critical &rArr; rt_schedule &rArr; __rt_ffs
</UL>
<BR>[Calls]<UL><LI><a href="#[20f]">&gt;&gt;</a>&nbsp;&nbsp;&nbsp;rt_hw_stack_init
<LI><a href="#[210]">&gt;&gt;</a>&nbsp;&nbsp;&nbsp;rt_timer_init
<LI><a href="#[20d]">&gt;&gt;</a>&nbsp;&nbsp;&nbsp;rt_list_init
<LI><a href="#[20e]">&gt;&gt;</a>&nbsp;&nbsp;&nbsp;rt_memset
</UL>
<BR>[Called By]<UL><LI><a href="#[21e]">&gt;&gt;</a>&nbsp;&nbsp;&nbsp;rt_thread_init
<LI><a href="#[227]">&gt;&gt;</a>&nbsp;&nbsp;&nbsp;rt_thread_create
</UL>

<P><STRONG><a name="[215]"></a>_thread_cleanup_execute</STRONG> (Thumb, 38 bytes, Stack size 16 bytes, thread.o(.text._thread_cleanup_execute))
<BR><BR>[Stack]<UL><LI>Max Depth = 16<LI>Call Chain = _thread_cleanup_execute
</UL>
<BR>[Calls]<UL><LI><a href="#[e2]">&gt;&gt;</a>&nbsp;&nbsp;&nbsp;rt_hw_interrupt_enable
<LI><a href="#[e1]">&gt;&gt;</a>&nbsp;&nbsp;&nbsp;rt_hw_interrupt_disable
</UL>
<BR>[Called By]<UL><LI><a href="#[bf]">&gt;&gt;</a>&nbsp;&nbsp;&nbsp;rt_thread_exit
</UL>

<P><STRONG><a name="[20d]"></a>rt_list_init</STRONG> (Thumb, 16 bytes, Stack size 4 bytes, thread.o(.text.rt_list_init))
<BR><BR>[Stack]<UL><LI>Max Depth = 4<LI>Call Chain = rt_list_init
</UL>
<BR>[Called By]<UL><LI><a href="#[20c]">&gt;&gt;</a>&nbsp;&nbsp;&nbsp;_rt_thread_init
</UL>

<P><STRONG><a name="[25c]"></a>rt_list_insert_after</STRONG> (Thumb, 38 bytes, Stack size 8 bytes, thread.o(.text.rt_list_insert_after))
<BR><BR>[Stack]<UL><LI>Max Depth = 8<LI>Call Chain = rt_list_insert_after
</UL>
<BR>[Called By]<UL><LI><a href="#[bf]">&gt;&gt;</a>&nbsp;&nbsp;&nbsp;rt_thread_exit
</UL>

<P><STRONG><a name="[266]"></a>rt_list_insert_before</STRONG> (Thumb, 38 bytes, Stack size 8 bytes, thread.o(.text.rt_list_insert_before))
<BR><BR>[Stack]<UL><LI>Max Depth = 8<LI>Call Chain = rt_list_insert_before
</UL>
<BR>[Called By]<UL><LI><a href="#[265]">&gt;&gt;</a>&nbsp;&nbsp;&nbsp;rt_thread_yield
</UL>

<P><STRONG><a name="[263]"></a>rt_list_remove</STRONG> (Thumb, 32 bytes, Stack size 4 bytes, thread.o(.text.rt_list_remove))
<BR><BR>[Stack]<UL><LI>Max Depth = 4<LI>Call Chain = rt_list_remove
</UL>
<BR>[Called By]<UL><LI><a href="#[265]">&gt;&gt;</a>&nbsp;&nbsp;&nbsp;rt_thread_yield
<LI><a href="#[c0]">&gt;&gt;</a>&nbsp;&nbsp;&nbsp;rt_thread_timeout
<LI><a href="#[23b]">&gt;&gt;</a>&nbsp;&nbsp;&nbsp;rt_thread_resume
</UL>

<P><STRONG><a name="[211]"></a>_rt_timer_init</STRONG> (Thumb, 104 bytes, Stack size 32 bytes, timer.o(.text._rt_timer_init))
<BR><BR>[Stack]<UL><LI>Max Depth = 36<LI>Call Chain = _rt_timer_init &rArr; rt_list_init
</UL>
<BR>[Calls]<UL><LI><a href="#[212]">&gt;&gt;</a>&nbsp;&nbsp;&nbsp;rt_list_init
</UL>
<BR>[Called By]<UL><LI><a href="#[210]">&gt;&gt;</a>&nbsp;&nbsp;&nbsp;rt_timer_init
</UL>

<P><STRONG><a name="[213]"></a>_rt_timer_remove</STRONG> (Thumb, 48 bytes, Stack size 16 bytes, timer.o(.text._rt_timer_remove))
<BR><BR>[Stack]<UL><LI>Max Depth = 20<LI>Call Chain = _rt_timer_remove &rArr; rt_list_remove
</UL>
<BR>[Calls]<UL><LI><a href="#[214]">&gt;&gt;</a>&nbsp;&nbsp;&nbsp;rt_list_remove
</UL>
<BR>[Called By]<UL><LI><a href="#[267]">&gt;&gt;</a>&nbsp;&nbsp;&nbsp;rt_timer_check
<LI><a href="#[264]">&gt;&gt;</a>&nbsp;&nbsp;&nbsp;rt_timer_stop
<LI><a href="#[25a]">&gt;&gt;</a>&nbsp;&nbsp;&nbsp;rt_timer_detach
<LI><a href="#[254]">&gt;&gt;</a>&nbsp;&nbsp;&nbsp;rt_timer_start
</UL>

<P><STRONG><a name="[212]"></a>rt_list_init</STRONG> (Thumb, 16 bytes, Stack size 4 bytes, timer.o(.text.rt_list_init))
<BR><BR>[Stack]<UL><LI>Max Depth = 4<LI>Call Chain = rt_list_init
</UL>
<BR>[Called By]<UL><LI><a href="#[259]">&gt;&gt;</a>&nbsp;&nbsp;&nbsp;rt_system_timer_init
<LI><a href="#[267]">&gt;&gt;</a>&nbsp;&nbsp;&nbsp;rt_timer_check
<LI><a href="#[211]">&gt;&gt;</a>&nbsp;&nbsp;&nbsp;_rt_timer_init
</UL>

<P><STRONG><a name="[26a]"></a>rt_list_insert_after</STRONG> (Thumb, 38 bytes, Stack size 8 bytes, timer.o(.text.rt_list_insert_after))
<BR><BR>[Stack]<UL><LI>Max Depth = 8<LI>Call Chain = rt_list_insert_after
</UL>
<BR>[Called By]<UL><LI><a href="#[267]">&gt;&gt;</a>&nbsp;&nbsp;&nbsp;rt_timer_check
<LI><a href="#[254]">&gt;&gt;</a>&nbsp;&nbsp;&nbsp;rt_timer_start
</UL>

<P><STRONG><a name="[269]"></a>rt_list_isempty</STRONG> (Thumb, 20 bytes, Stack size 4 bytes, timer.o(.text.rt_list_isempty))
<BR><BR>[Stack]<UL><LI>Max Depth = 4<LI>Call Chain = rt_list_isempty
</UL>
<BR>[Called By]<UL><LI><a href="#[267]">&gt;&gt;</a>&nbsp;&nbsp;&nbsp;rt_timer_check
</UL>

<P><STRONG><a name="[214]"></a>rt_list_remove</STRONG> (Thumb, 32 bytes, Stack size 4 bytes, timer.o(.text.rt_list_remove))
<BR><BR>[Stack]<UL><LI>Max Depth = 4<LI>Call Chain = rt_list_remove
</UL>
<BR>[Called By]<UL><LI><a href="#[267]">&gt;&gt;</a>&nbsp;&nbsp;&nbsp;rt_timer_check
<LI><a href="#[213]">&gt;&gt;</a>&nbsp;&nbsp;&nbsp;_rt_timer_remove
</UL>

<P><STRONG><a name="[231]"></a>_SysTick_Config</STRONG> (Thumb, 82 bytes, Stack size 8 bytes, board.o(.text._SysTick_Config))
<BR><BR>[Stack]<UL><LI>Max Depth = 8<LI>Call Chain = _SysTick_Config
</UL>
<BR>[Called By]<UL><LI><a href="#[22f]">&gt;&gt;</a>&nbsp;&nbsp;&nbsp;rt_hw_board_init
</UL>

<P><STRONG><a name="[288]"></a>_fadd1</STRONG> (Thumb, 0 bytes, Stack size unknown bytes, faddsub_clz.o(x$fpl$fadd), UNUSED)
<BR><BR>[Called By]<UL><LI><a href="#[287]">&gt;&gt;</a>&nbsp;&nbsp;&nbsp;_fsub
</UL>

<P><STRONG><a name="[279]"></a>_fsub1</STRONG> (Thumb, 0 bytes, Stack size unknown bytes, faddsub_clz.o(x$fpl$fsub), UNUSED)
<BR><BR>[Called By]<UL><LI><a href="#[278]">&gt;&gt;</a>&nbsp;&nbsp;&nbsp;_fadd
</UL>

<P><STRONG><a name="[b0]"></a>_printf_input_char</STRONG> (Thumb, 10 bytes, Stack size 0 bytes, _printf_char_common.o(.text))
<BR>[Address Reference Count : 1]<UL><LI> _printf_char_common.o(.text)
</UL>
<P><STRONG><a name="[142]"></a>_fp_digits</STRONG> (Thumb, 432 bytes, Stack size 96 bytes, _printf_fp_dec.o(.text))
<BR><BR>[Stack]<UL><LI>Max Depth = 220<LI>Call Chain = _fp_digits &rArr; _btod_etento &rArr; _btod_emul &rArr; _e2e
</UL>
<BR>[Calls]<UL><LI><a href="#[146]">&gt;&gt;</a>&nbsp;&nbsp;&nbsp;_btod_emul
<LI><a href="#[145]">&gt;&gt;</a>&nbsp;&nbsp;&nbsp;_btod_ediv
<LI><a href="#[144]">&gt;&gt;</a>&nbsp;&nbsp;&nbsp;_btod_d2e
<LI><a href="#[143]">&gt;&gt;</a>&nbsp;&nbsp;&nbsp;_btod_etento
<LI><a href="#[13b]">&gt;&gt;</a>&nbsp;&nbsp;&nbsp;_ll_udiv10
</UL>
<BR>[Called By]<UL><LI><a href="#[147]">&gt;&gt;</a>&nbsp;&nbsp;&nbsp;_printf_fp_dec_real
</UL>
<P>
<H3>
Undefined Global Symbols
</H3><HR></body></html>
