Archive member included to satisfy reference by file (symbol)

d:/APP/arm-gcc/bin/../lib/gcc/arm-none-eabi/14.2.1/thumb/v7e-m/nofp\libstdc++.a(atexit_arm.o)
                              CMakeFiles/TEST.elf.dir/app/source/main.cpp.obj (__aeabi_atexit)
d:/APP/arm-gcc/bin/../lib/gcc/arm-none-eabi/14.2.1/thumb/v7e-m/nofp\libstdc++.a(del_ops.o)
                              CMakeFiles/TEST.elf.dir/Libraries/MillisTaskManager/MillisTaskManager.cpp.obj (operator delete(void*, unsigned int))
d:/APP/arm-gcc/bin/../lib/gcc/arm-none-eabi/14.2.1/thumb/v7e-m/nofp\libstdc++.a(new_op.o)
                              CMakeFiles/TEST.elf.dir/Libraries/MillisTaskManager/MillisTaskManager.cpp.obj (operator new(unsigned int))
d:/APP/arm-gcc/bin/../lib/gcc/arm-none-eabi/14.2.1/thumb/v7e-m/nofp\libstdc++.a(bad_alloc.o)
                              d:/APP/arm-gcc/bin/../lib/gcc/arm-none-eabi/14.2.1/thumb/v7e-m/nofp\libstdc++.a(new_op.o) (vtable for std::bad_alloc)
d:/APP/arm-gcc/bin/../lib/gcc/arm-none-eabi/14.2.1/thumb/v7e-m/nofp\libstdc++.a(del_op.o)
                              d:/APP/arm-gcc/bin/../lib/gcc/arm-none-eabi/14.2.1/thumb/v7e-m/nofp\libstdc++.a(del_ops.o) (operator delete(void*))
d:/APP/arm-gcc/bin/../lib/gcc/arm-none-eabi/14.2.1/thumb/v7e-m/nofp\libstdc++.a(eh_alloc.o)
                              d:/APP/arm-gcc/bin/../lib/gcc/arm-none-eabi/14.2.1/thumb/v7e-m/nofp\libstdc++.a(new_op.o) (__cxa_allocate_exception)
d:/APP/arm-gcc/bin/../lib/gcc/arm-none-eabi/14.2.1/thumb/v7e-m/nofp\libstdc++.a(eh_exception.o)
                              d:/APP/arm-gcc/bin/../lib/gcc/arm-none-eabi/14.2.1/thumb/v7e-m/nofp\libstdc++.a(bad_alloc.o) (std::exception::~exception())
d:/APP/arm-gcc/bin/../lib/gcc/arm-none-eabi/14.2.1/thumb/v7e-m/nofp\libstdc++.a(eh_terminate.o)
                              d:/APP/arm-gcc/bin/../lib/gcc/arm-none-eabi/14.2.1/thumb/v7e-m/nofp\libstdc++.a(eh_alloc.o) (std::terminate())
d:/APP/arm-gcc/bin/../lib/gcc/arm-none-eabi/14.2.1/thumb/v7e-m/nofp\libstdc++.a(eh_throw.o)
                              d:/APP/arm-gcc/bin/../lib/gcc/arm-none-eabi/14.2.1/thumb/v7e-m/nofp\libstdc++.a(new_op.o) (__cxa_throw)
d:/APP/arm-gcc/bin/../lib/gcc/arm-none-eabi/14.2.1/thumb/v7e-m/nofp\libstdc++.a(eh_unex_handler.o)
                              d:/APP/arm-gcc/bin/../lib/gcc/arm-none-eabi/14.2.1/thumb/v7e-m/nofp\libstdc++.a(eh_terminate.o) (__cxxabiv1::__unexpected_handler)
d:/APP/arm-gcc/bin/../lib/gcc/arm-none-eabi/14.2.1/thumb/v7e-m/nofp\libstdc++.a(new_handler.o)
                              d:/APP/arm-gcc/bin/../lib/gcc/arm-none-eabi/14.2.1/thumb/v7e-m/nofp\libstdc++.a(new_op.o) (std::get_new_handler())
d:/APP/arm-gcc/bin/../lib/gcc/arm-none-eabi/14.2.1/thumb/v7e-m/nofp\libstdc++.a(si_class_type_info.o)
                              d:/APP/arm-gcc/bin/../lib/gcc/arm-none-eabi/14.2.1/thumb/v7e-m/nofp\libstdc++.a(bad_alloc.o) (vtable for __cxxabiv1::__si_class_type_info)
d:/APP/arm-gcc/bin/../lib/gcc/arm-none-eabi/14.2.1/thumb/v7e-m/nofp\libstdc++.a(tinfo.o)
                              d:/APP/arm-gcc/bin/../lib/gcc/arm-none-eabi/14.2.1/thumb/v7e-m/nofp\libstdc++.a(si_class_type_info.o) (std::type_info::__is_pointer_p() const)
d:/APP/arm-gcc/bin/../lib/gcc/arm-none-eabi/14.2.1/thumb/v7e-m/nofp\libstdc++.a(vterminate.o)
                              d:/APP/arm-gcc/bin/../lib/gcc/arm-none-eabi/14.2.1/thumb/v7e-m/nofp\libstdc++.a(eh_terminate.o) (__gnu_cxx::__verbose_terminate_handler())
d:/APP/arm-gcc/bin/../lib/gcc/arm-none-eabi/14.2.1/thumb/v7e-m/nofp\libstdc++.a(class_type_info.o)
                              d:/APP/arm-gcc/bin/../lib/gcc/arm-none-eabi/14.2.1/thumb/v7e-m/nofp\libstdc++.a(si_class_type_info.o) (__cxxabiv1::__class_type_info::__do_upcast(__cxxabiv1::__class_type_info const*, void**) const)
d:/APP/arm-gcc/bin/../lib/gcc/arm-none-eabi/14.2.1/thumb/v7e-m/nofp\libstdc++.a(cp-demangle.o)
                              d:/APP/arm-gcc/bin/../lib/gcc/arm-none-eabi/14.2.1/thumb/v7e-m/nofp\libstdc++.a(vterminate.o) (__cxa_demangle)
d:/APP/arm-gcc/bin/../lib/gcc/arm-none-eabi/14.2.1/thumb/v7e-m/nofp\libstdc++.a(eh_arm.o)
                              d:/APP/arm-gcc/bin/../lib/gcc/arm-none-eabi/14.2.1/thumb/v7e-m/nofp\libstdc++.a(vterminate.o) (__cxa_end_cleanup)
d:/APP/arm-gcc/bin/../lib/gcc/arm-none-eabi/14.2.1/thumb/v7e-m/nofp\libstdc++.a(eh_catch.o)
                              d:/APP/arm-gcc/bin/../lib/gcc/arm-none-eabi/14.2.1/thumb/v7e-m/nofp\libstdc++.a(eh_terminate.o) (__cxa_begin_catch)
d:/APP/arm-gcc/bin/../lib/gcc/arm-none-eabi/14.2.1/thumb/v7e-m/nofp\libstdc++.a(eh_globals.o)
                              d:/APP/arm-gcc/bin/../lib/gcc/arm-none-eabi/14.2.1/thumb/v7e-m/nofp\libstdc++.a(eh_catch.o) (__cxa_get_globals_fast)
d:/APP/arm-gcc/bin/../lib/gcc/arm-none-eabi/14.2.1/thumb/v7e-m/nofp\libstdc++.a(eh_personality.o)
                              d:/APP/arm-gcc/bin/../lib/gcc/arm-none-eabi/14.2.1/thumb/v7e-m/nofp\libstdc++.a(eh_terminate.o) (__gxx_personality_v0)
[...]
Memory Configuration

Name             Origin             Length             Attributes
FLASH            0x00000000         0x00080000         xr
OTP_DATA         0x03000c00         0x000003c0         xr
OTP_LOCK         0x03000fc0         0x0000003c         xr
RAM              0x1fff8000         0x0002f000         xrw
RET_RAM          0x200f0000         0x00001000         xrw
*default*        0x00000000         0xffffffff

Linker script and memory map

LOAD d:/APP/arm-gcc/bin/../lib/gcc/arm-none-eabi/14.2.1/thumb/v7e-m/nofp/crti.o
LOAD d:/APP/arm-gcc/bin/../lib/gcc/arm-none-eabi/14.2.1/thumb/v7e-m/nofp/crtbegin.o
LOAD d:/APP/arm-gcc/bin/../lib/gcc/arm-none-eabi/14.2.1/thumb/v7e-m/nofp/crt0.o
LOAD CMakeFiles/TEST.elf.dir/CMSIS/Device/HDSC/hc32f4xx/Source/syscalls.c.obj
LOAD CMakeFiles/TEST.elf.dir/CMSIS/Device/HDSC/hc32f4xx/Source/system_hc32f460.c.obj
LOAD CMakeFiles/TEST.elf.dir/Driver/src/hc32_ll.c.obj
LOAD CMakeFiles/TEST.elf.dir/Driver/src/hc32_ll_adc.c.obj
LOAD CMakeFiles/TEST.elf.dir/Driver/src/hc32_ll_aes.c.obj
LOAD CMakeFiles/TEST.elf.dir/Driver/src/hc32_ll_aos.c.obj
LOAD CMakeFiles/TEST.elf.dir/Driver/src/hc32_ll_can.c.obj
LOAD CMakeFiles/TEST.elf.dir/Driver/src/hc32_ll_clk.c.obj
LOAD CMakeFiles/TEST.elf.dir/Driver/src/hc32_ll_cmp.c.obj
LOAD CMakeFiles/TEST.elf.dir/Driver/src/hc32_ll_crc.c.obj
LOAD CMakeFiles/TEST.elf.dir/Driver/src/hc32_ll_dbgc.c.obj
LOAD CMakeFiles/TEST.elf.dir/Driver/src/hc32_ll_dcu.c.obj
LOAD CMakeFiles/TEST.elf.dir/Driver/src/hc32_ll_dma.c.obj
LOAD CMakeFiles/TEST.elf.dir/Driver/src/hc32_ll_efm.c.obj
LOAD CMakeFiles/TEST.elf.dir/Driver/src/hc32_ll_emb.c.obj
LOAD CMakeFiles/TEST.elf.dir/Driver/src/hc32_ll_event_port.c.obj
LOAD CMakeFiles/TEST.elf.dir/Driver/src/hc32_ll_fcg.c.obj
LOAD CMakeFiles/TEST.elf.dir/Driver/src/hc32_ll_fcm.c.obj
LOAD CMakeFiles/TEST.elf.dir/Driver/src/hc32_ll_gpio.c.obj
LOAD CMakeFiles/TEST.elf.dir/Driver/src/hc32_ll_hash.c.obj
LOAD CMakeFiles/TEST.elf.dir/Driver/src/hc32_ll_i2c.c.obj
LOAD CMakeFiles/TEST.elf.dir/Driver/src/hc32_ll_i2s.c.obj
LOAD CMakeFiles/TEST.elf.dir/Driver/src/hc32_ll_icg.c.obj
LOAD CMakeFiles/TEST.elf.dir/Driver/src/hc32_ll_interrupts.c.obj
LOAD CMakeFiles/TEST.elf.dir/Driver/src/hc32_ll_keyscan.c.obj
LOAD CMakeFiles/TEST.elf.dir/Driver/src/hc32_ll_mpu.c.obj
LOAD CMakeFiles/TEST.elf.dir/Driver/src/hc32_ll_ots.c.obj
LOAD CMakeFiles/TEST.elf.dir/Driver/src/hc32_ll_pwc.c.obj
LOAD CMakeFiles/TEST.elf.dir/Driver/src/hc32_ll_qspi.c.obj
LOAD CMakeFiles/TEST.elf.dir/Driver/src/hc32_ll_rmu.c.obj
LOAD CMakeFiles/TEST.elf.dir/Driver/src/hc32_ll_rtc.c.obj
LOAD CMakeFiles/TEST.elf.dir/Driver/src/hc32_ll_sdioc.c.obj
LOAD CMakeFiles/TEST.elf.dir/Driver/src/hc32_ll_spi.c.obj
LOAD CMakeFiles/TEST.elf.dir/Driver/src/hc32_ll_sram.c.obj
LOAD CMakeFiles/TEST.elf.dir/Driver/src/hc32_ll_swdt.c.obj
LOAD CMakeFiles/TEST.elf.dir/Driver/src/hc32_ll_tmr0.c.obj
LOAD CMakeFiles/TEST.elf.dir/Driver/src/hc32_ll_tmr4.c.obj
LOAD CMakeFiles/TEST.elf.dir/Driver/src/hc32_ll_tmr6.c.obj
LOAD CMakeFiles/TEST.elf.dir/Driver/src/hc32_ll_tmra.c.obj
LOAD CMakeFiles/TEST.elf.dir/Driver/src/hc32_ll_trng.c.obj
LOAD CMakeFiles/TEST.elf.dir/Driver/src/hc32_ll_usart.c.obj
LOAD CMakeFiles/TEST.elf.dir/Driver/src/hc32_ll_utility.c.obj
LOAD CMakeFiles/TEST.elf.dir/Driver/src/hc32_ll_wdt.c.obj
LOAD CMakeFiles/TEST.elf.dir/Driver/src/hc32f460_ll_interrupts_share.c.obj
LOAD CMakeFiles/TEST.elf.dir/Libraries/MillisTaskManager/MillisTaskManager.cpp.obj
LOAD CMakeFiles/TEST.elf.dir/app/source/main.cpp.obj
LOAD CMakeFiles/TEST.elf.dir/bsp/ev_hc32f460_lqfp100_v2/ev_hc32f460_lqfp100_v2.c.obj
LOAD CMakeFiles/TEST.elf.dir/CMSIS/Device/HDSC/hc32f4xx/Source/GCC/startup_hc32f460.S.obj
LOAD d:/APP/arm-gcc/bin/../lib/gcc/arm-none-eabi/14.2.1/thumb/v7e-m/nofp\libstdc++.a
LOAD d:/APP/arm-gcc/bin/../lib/gcc/arm-none-eabi/14.2.1/thumb/v7e-m/nofp\libm.a
START GROUP
LOAD d:/APP/arm-gcc/bin/../lib/gcc/arm-none-eabi/14.2.1/thumb/v7e-m/nofp\libgcc.a
LOAD d:/APP/arm-gcc/bin/../lib/gcc/arm-none-eabi/14.2.1/thumb/v7e-m/nofp\libg.a
LOAD d:/APP/arm-gcc/bin/../lib/gcc/arm-none-eabi/14.2.1/thumb/v7e-m/nofp\libc.a
END GROUP
START GROUP
LOAD d:/APP/arm-gcc/bin/../lib/gcc/arm-none-eabi/14.2.1/thumb/v7e-m/nofp\libgcc.a
LOAD d:/APP/arm-gcc/bin/../lib/gcc/arm-none-eabi/14.2.1/thumb/v7e-m/nofp\libc.a
LOAD d:/APP/arm-gcc/bin/../lib/gcc/arm-none-eabi/14.2.1/thumb/v7e-m/nofp\libnosys.a
END GROUP
LOAD d:/APP/arm-gcc/bin/../lib/gcc/arm-none-eabi/14.2.1/thumb/v7e-m/nofp/crtend.o
LOAD d:/APP/arm-gcc/bin/../lib/gcc/arm-none-eabi/14.2.1/thumb/v7e-m/nofp/crtn.o
                0x03000c00                        __OTP_DATA_BASE = 0x3000c00
                0x03000fc0                        __OTP_LOCK_BASE = 0x3000fc0
                0x03000c00                        __OTP_DATA_B0_START = 0x3000c00
                0x03000fc0                        __OTP_LOCK_B0_START = 0x3000fc0
                0x00000000                        __OTP_DATA_B0_OFFSET = (__OTP_DATA_B0_START - __OTP_DATA_BASE)
                0x00000000                        __OTP_LOCK_B0_OFFSET = (__OTP_LOCK_B0_START - __OTP_LOCK_BASE)
                0x03000c40                        __OTP_DATA_B1_START = 0x3000c40
                0x03000fc4                        __OTP_LOCK_B1_START = 0x3000fc4
                0x00000040                        __OTP_DATA_B1_OFFSET = (__OTP_DATA_B1_START - __OTP_DATA_BASE)
                0x00000004                        __OTP_LOCK_B1_OFFSET = (__OTP_LOCK_B1_START - __OTP_LOCK_BASE)

.vectors        0x00000000      0x280
                0x00000000                        . = ALIGN (0x4)
 *(.vectors)
 .vectors       0x00000000      0x280 CMakeFiles/TEST.elf.dir/CMSIS/Device/HDSC/hc32f4xx/Source/GCC/startup_hc32f460.S.obj
                0x00000000                __Vectors
                0x00000280                __Vectors_End
                0x00000280                        . = ALIGN (0x4)

.icg_sec        0x00000400       0x20
 *(.icg_sec)
 .icg_sec       0x00000400       0x20 CMakeFiles/TEST.elf.dir/Driver/src/hc32_ll_icg.c.obj
                0x00000400                u32ICGValue

.text           0x00000440    0x13164
                0x00000440                        . = ALIGN (0x4)
 *(.text)
 .text          0x00000440      0x378 d:/APP/arm-gcc/bin/../lib/gcc/arm-none-eabi/14.2.1/thumb/v7e-m/nofp\libgcc.a(_arm_addsubdf3.o)
                0x00000440                __aeabi_drsub
                0x00000448                __aeabi_dsub
                0x00000448                __subdf3
                0x0000044c                __aeabi_dadd
                0x0000044c                __adddf3
                0x000006c4                __floatunsidf
                0x000006c4                __aeabi_ui2d
                0x000006e4                __floatsidf
                0x000006e4                __aeabi_i2d
                0x00000708                __aeabi_f2d
                0x00000708                __extendsfdf2
                0x0000074c                __floatundidf
                0x0000074c                __aeabi_ul2d
                0x0000075c                __floatdidf
                0x0000075c                __aeabi_l2d
 .text          0x000007b8      0x424 d:/APP/arm-gcc/bin/../lib/gcc/arm-none-eabi/14.2.1/thumb/v7e-m/nofp\libgcc.a(_arm_muldivdf3.o)
                0x000007b8                __aeabi_dmul
                0x000007b8                __muldf3
                0x00000a0c                __divdf3
                0x00000a0c                __aeabi_ddiv
 .text          0x00000bdc      0x1ac d:/APP/arm-gcc/bin/../lib/gcc/arm-none-eabi/14.2.1/thumb/v7e-m/nofp\libgcc.a(libunwind.o)
                0x00000bdc                __restore_core_regs
                0x00000bdc                restore_core_regs
                0x00000bf4                __gnu_Unwind_Restore_VFP
                0x00000bfc                __gnu_Unwind_Save_VFP
                0x00000c04                __gnu_Unwind_Restore_VFP_D
                0x00000c0c                __gnu_Unwind_Save_VFP_D
                0x00000c14                __gnu_Unwind_Restore_VFP_D_16_to_31
                0x00000c1c                __gnu_Unwind_Save_VFP_D_16_to_31
                0x00000c24                __gnu_Unwind_Restore_WMMXD
                0x00000c68                __gnu_Unwind_Save_WMMXD
                0x00000cac                __gnu_Unwind_Restore_WMMXC
                0x00000cc0                __gnu_Unwind_Save_WMMXC
                0x00000cd4                ___Unwind_RaiseException
                0x00000cd4                _Unwind_RaiseException
                0x00000cf8                _Unwind_Resume
                0x00000cf8                ___Unwind_Resume
                0x00000d1c                _Unwind_Resume_or_Rethrow
                0x00000d1c                ___Unwind_Resume_or_Rethrow
                0x00000d40                _Unwind_ForcedUnwind
                0x00000d40                ___Unwind_ForcedUnwind
                0x00000d64                ___Unwind_Backtrace
                0x00000d64                _Unwind_Backtrace
 *fill*         0x00000d88       0x18 
 .text          0x00000da0      0x2e0 d:/APP/arm-gcc/bin/../lib/gcc/arm-none-eabi/14.2.1/thumb/v7e-m/nofp\libg.a(libc_a-strcmp.o)
                0x00000da0                strcmp
 .text          0x00001080       0xa0 d:/APP/arm-gcc/bin/../lib/gcc/arm-none-eabi/14.2.1/thumb/v7e-m/nofp\libg.a(libc_a-memchr.o)
                0x00001080                memchr
 .text          0x00001120      0x134 d:/APP/arm-gcc/bin/../lib/gcc/arm-none-eabi/14.2.1/thumb/v7e-m/nofp\libg.a(libc_a-memcpy.o)
                0x00001120                memcpy
 *fill*         0x00001254       0x2c 
 .text          0x00001280       0xd8 d:/APP/arm-gcc/bin/../lib/gcc/arm-none-eabi/14.2.1/thumb/v7e-m/nofp\libg.a(libc_a-strlen.o)
                0x00001280                strlen
 .text          0x00001358      0x110 d:/APP/arm-gcc/bin/../lib/gcc/arm-none-eabi/14.2.1/thumb/v7e-m/nofp\libgcc.a(_arm_cmpdf2.o)
                0x00001358                __gtdf2
                0x00001358                __gedf2
                0x00001360                __ltdf2
                0x00001360                __ledf2
                0x00001368                __nedf2
                0x00001368                __eqdf2
                0x00001368                __cmpdf2
                0x000013e4                __aeabi_cdrcmple
                0x000013f4                __aeabi_cdcmpeq
                0x000013f4                __aeabi_cdcmple
                0x00001404                __aeabi_dcmpeq
                0x00001418                __aeabi_dcmplt
                0x0000142c                __aeabi_dcmple
                0x00001440                __aeabi_dcmpge
                0x00001454                __aeabi_dcmpgt
 .text          0x00001468       0x2c d:/APP/arm-gcc/bin/../lib/gcc/arm-none-eabi/14.2.1/thumb/v7e-m/nofp\libgcc.a(_arm_unorddf2.o)
                0x00001468                __unorddf2
                0x00001468                __aeabi_dcmpun
 .text          0x00001494       0x50 d:/APP/arm-gcc/bin/../lib/gcc/arm-none-eabi/14.2.1/thumb/v7e-m/nofp\libgcc.a(_arm_fixdfsi.o)
                0x00001494                __aeabi_d2iz
                0x00001494                __fixdfsi
 *(.text*)
 .text.deregister_tm_clones
                0x000014e4       0x1c d:/APP/arm-gcc/bin/../lib/gcc/arm-none-eabi/14.2.1/thumb/v7e-m/nofp/crtbegin.o
 .text.register_tm_clones
                0x00001500       0x24 d:/APP/arm-gcc/bin/../lib/gcc/arm-none-eabi/14.2.1/thumb/v7e-m/nofp/crtbegin.o
 .text.__do_global_dtors_aux
                0x00001524       0x28 d:/APP/arm-gcc/bin/../lib/gcc/arm-none-eabi/14.2.1/thumb/v7e-m/nofp/crtbegin.o
 .text.frame_dummy
                0x0000154c       0x24 d:/APP/arm-gcc/bin/../lib/gcc/arm-none-eabi/14.2.1/thumb/v7e-m/nofp/crtbegin.o
 .text._close   0x00001570        0x6 CMakeFiles/TEST.elf.dir/CMSIS/Device/HDSC/hc32f4xx/Source/syscalls.c.obj
                0x00001570                _close
 .text._isatty  0x00001576        0x4 CMakeFiles/TEST.elf.dir/CMSIS/Device/HDSC/hc32f4xx/Source/syscalls.c.obj
                0x00001576                _isatty
 .text._lseek   0x0000157a        0x6 CMakeFiles/TEST.elf.dir/CMSIS/Device/HDSC/hc32f4xx/Source/syscalls.c.obj
                0x0000157a                _lseek
 .text._read    0x00001580        0x6 CMakeFiles/TEST.elf.dir/CMSIS/Device/HDSC/hc32f4xx/Source/syscalls.c.obj
                0x00001580                _read
 .text._write   0x00001586        0xe CMakeFiles/TEST.elf.dir/CMSIS/Device/HDSC/hc32f4xx/Source/syscalls.c.obj
                0x00001586                _write
 .text._fstat   0x00001594        0xa CMakeFiles/TEST.elf.dir/CMSIS/Device/HDSC/hc32f4xx/Source/syscalls.c.obj
                0x00001594                _fstat
 .text._exit    0x0000159e        0x2 CMakeFiles/TEST.elf.dir/CMSIS/Device/HDSC/hc32f4xx/Source/syscalls.c.obj
                0x0000159e                _exit
 .text._kill    0x000015a0        0x6 CMakeFiles/TEST.elf.dir/CMSIS/Device/HDSC/hc32f4xx/Source/syscalls.c.obj
                0x000015a0                _kill
 .text._getpid  0x000015a6        0x4 CMakeFiles/TEST.elf.dir/CMSIS/Device/HDSC/hc32f4xx/Source/syscalls.c.obj
                0x000015a6                _getpid
 *fill*         0x000015aa        0x2 
 .text._sbrk    0x000015ac       0x10 CMakeFiles/TEST.elf.dir/CMSIS/Device/HDSC/hc32f4xx/Source/syscalls.c.obj
                0x000015ac                _sbrk
 .text.SystemCoreClockUpdate
                0x000015bc       0xbc CMakeFiles/TEST.elf.dir/CMSIS/Device/HDSC/hc32f4xx/Source/system_hc32f460.c.obj
                0x000015bc                SystemCoreClockUpdate
 .text.SystemInit
                0x00001678       0x14 CMakeFiles/TEST.elf.dir/CMSIS/Device/HDSC/hc32f4xx/Source/system_hc32f460.c.obj
                0x00001678                SystemInit
 .text.LL_PERIPH_WE
                0x0000168c       0x8c CMakeFiles/TEST.elf.dir/Driver/src/hc32_ll.c.obj
                0x0000168c                LL_PERIPH_WE
 .text.LL_PERIPH_WP
                0x00001718       0x90 CMakeFiles/TEST.elf.dir/Driver/src/hc32_ll.c.obj
                0x00001718                LL_PERIPH_WP
 .text.AOS_SetTriggerEventSrc
                0x000017a8       0x10 CMakeFiles/TEST.elf.dir/Driver/src/hc32_ll_aos.c.obj
                0x000017a8                AOS_SetTriggerEventSrc
 .text.SetSysClockSrc
                0x000017b8       0x80 CMakeFiles/TEST.elf.dir/Driver/src/hc32_ll_clk.c.obj
 .text.SetSysClockDiv
                0x00001838       0x84 CMakeFiles/TEST.elf.dir/Driver/src/hc32_ll_clk.c.obj
 .text.CLK_XtalStructInit
                0x000018bc       0x1e CMakeFiles/TEST.elf.dir/Driver/src/hc32_ll_clk.c.obj
                0x000018bc                CLK_XtalStructInit
 .text.CLK_PLLStructInit
                0x000018da       0x36 CMakeFiles/TEST.elf.dir/Driver/src/hc32_ll_clk.c.obj
                0x000018da                CLK_PLLStructInit
 .text.CLK_GetStableStatus
                0x00001910       0x14 CMakeFiles/TEST.elf.dir/Driver/src/hc32_ll_clk.c.obj
                0x00001910                CLK_GetStableStatus
 .text.CLK_WaitStable
                0x00001924       0x30 CMakeFiles/TEST.elf.dir/Driver/src/hc32_ll_clk.c.obj
 .text.CLK_XtalCmd
                0x00001954       0x60 CMakeFiles/TEST.elf.dir/Driver/src/hc32_ll_clk.c.obj
                0x00001954                CLK_XtalCmd
 .text.CLK_XtalInit
                0x000019b4       0x40 CMakeFiles/TEST.elf.dir/Driver/src/hc32_ll_clk.c.obj
                0x000019b4                CLK_XtalInit
 .text.CLK_PLLCmd
                0x000019f4       0x60 CMakeFiles/TEST.elf.dir/Driver/src/hc32_ll_clk.c.obj
                0x000019f4                CLK_PLLCmd
 .text.CLK_PLLInit
                0x00001a54       0x40 CMakeFiles/TEST.elf.dir/Driver/src/hc32_ll_clk.c.obj
                0x00001a54                CLK_PLLInit
 .text.CLK_SetSysClockSrc
                0x00001a94        0xc CMakeFiles/TEST.elf.dir/Driver/src/hc32_ll_clk.c.obj
                0x00001a94                CLK_SetSysClockSrc
 .text.CLK_SetClockDiv
                0x00001aa0       0x14 CMakeFiles/TEST.elf.dir/Driver/src/hc32_ll_clk.c.obj
                0x00001aa0                CLK_SetClockDiv
 .text.DMA_Cmd  0x00001ab4        0x4 CMakeFiles/TEST.elf.dir/Driver/src/hc32_ll_dma.c.obj
                0x00001ab4                DMA_Cmd
 .text.DMA_ClearTransCompleteStatus
                0x00001ab8        0x4 CMakeFiles/TEST.elf.dir/Driver/src/hc32_ll_dma.c.obj
                0x00001ab8                DMA_ClearTransCompleteStatus
 .text.DMA_ChCmd
                0x00001abc      0x15c CMakeFiles/TEST.elf.dir/Driver/src/hc32_ll_dma.c.obj
                0x00001abc                DMA_ChCmd
 .text.DMA_SetSrcAddr
                0x00001c18       0x36 CMakeFiles/TEST.elf.dir/Driver/src/hc32_ll_dma.c.obj
                0x00001c18                DMA_SetSrcAddr
 .text.DMA_SetDestAddr
                0x00001c4e       0x36 CMakeFiles/TEST.elf.dir/Driver/src/hc32_ll_dma.c.obj
                0x00001c4e                DMA_SetDestAddr
 .text.DMA_SetTransCount
                0x00001c84       0x50 CMakeFiles/TEST.elf.dir/Driver/src/hc32_ll_dma.c.obj
                0x00001c84                DMA_SetTransCount
 .text.DMA_StructInit
                0x00001cd4       0x20 CMakeFiles/TEST.elf.dir/Driver/src/hc32_ll_dma.c.obj
                0x00001cd4                DMA_StructInit
 .text.DMA_Init
                0x00001cf4       0x6a CMakeFiles/TEST.elf.dir/Driver/src/hc32_ll_dma.c.obj
                0x00001cf4                DMA_Init
 *fill*         0x00001d5e        0x2 
 .text.EFM_SetWaitCycle
                0x00001d60       0x54 CMakeFiles/TEST.elf.dir/Driver/src/hc32_ll_efm.c.obj
                0x00001d60                EFM_SetWaitCycle
 .text.EFM_CacheRamReset
                0x00001db4        0xc CMakeFiles/TEST.elf.dir/Driver/src/hc32_ll_efm.c.obj
                0x00001db4                EFM_CacheRamReset
 .text.EFM_CacheCmd
                0x00001dc0        0xc CMakeFiles/TEST.elf.dir/Driver/src/hc32_ll_efm.c.obj
                0x00001dc0                EFM_CacheCmd
 .text.FCG_Fcg0PeriphClockCmd
                0x00001dcc       0x20 CMakeFiles/TEST.elf.dir/Driver/src/hc32_ll_fcg.c.obj
                0x00001dcc                FCG_Fcg0PeriphClockCmd
 .text.FCG_Fcg1PeriphClockCmd
                0x00001dec       0x20 CMakeFiles/TEST.elf.dir/Driver/src/hc32_ll_fcg.c.obj
                0x00001dec                FCG_Fcg1PeriphClockCmd
 .text.GPIO_Init
                0x00001e0c       0xb4 CMakeFiles/TEST.elf.dir/Driver/src/hc32_ll_gpio.c.obj
                0x00001e0c                GPIO_Init
 .text.GPIO_StructInit
                0x00001ec0       0x20 CMakeFiles/TEST.elf.dir/Driver/src/hc32_ll_gpio.c.obj
                0x00001ec0                GPIO_StructInit
 .text.GPIO_SetFunc
                0x00001ee0       0x54 CMakeFiles/TEST.elf.dir/Driver/src/hc32_ll_gpio.c.obj
                0x00001ee0                GPIO_SetFunc
 .text.GPIO_SetReadWaitCycle
                0x00001f34       0x1c CMakeFiles/TEST.elf.dir/Driver/src/hc32_ll_gpio.c.obj
                0x00001f34                GPIO_SetReadWaitCycle
 .text.GPIO_SetPins
                0x00001f50       0x14 CMakeFiles/TEST.elf.dir/Driver/src/hc32_ll_gpio.c.obj
                0x00001f50                GPIO_SetPins
 .text.GPIO_ResetPins
                0x00001f64       0x14 CMakeFiles/TEST.elf.dir/Driver/src/hc32_ll_gpio.c.obj
                0x00001f64                GPIO_ResetPins
 .text.GPIO_AnalogCmd
                0x00001f78       0x68 CMakeFiles/TEST.elf.dir/Driver/src/hc32_ll_gpio.c.obj
                0x00001f78                GPIO_AnalogCmd
 .text.INTC_IrqSignIn
                0x00001fe0       0x80 CMakeFiles/TEST.elf.dir/Driver/src/hc32_ll_interrupts.c.obj
                0x00001fe0                INTC_IrqSignIn
 .text.IRQ000_Handler
                0x00002060       0x14 CMakeFiles/TEST.elf.dir/Driver/src/hc32_ll_interrupts.c.obj
                0x00002060                IRQ000_Handler
 .text.IRQ001_Handler
                0x00002074       0x14 CMakeFiles/TEST.elf.dir/Driver/src/hc32_ll_interrupts.c.obj
                0x00002074                IRQ001_Handler
 .text.IRQ002_Handler
                0x00002088       0x14 CMakeFiles/TEST.elf.dir/Driver/src/hc32_ll_interrupts.c.obj
                0x00002088                IRQ002_Handler
 .text.IRQ003_Handler
                0x0000209c       0x14 CMakeFiles/TEST.elf.dir/Driver/src/hc32_ll_interrupts.c.obj
                0x0000209c                IRQ003_Handler
 .text.IRQ004_Handler
                0x000020b0       0x14 CMakeFiles/TEST.elf.dir/Driver/src/hc32_ll_interrupts.c.obj
                0x000020b0                IRQ004_Handler
 .text.IRQ005_Handler
                0x000020c4       0x14 CMakeFiles/TEST.elf.dir/Driver/src/hc32_ll_interrupts.c.obj
                0x000020c4                IRQ005_Handler
 .text.IRQ006_Handler
                0x000020d8       0x14 CMakeFiles/TEST.elf.dir/Driver/src/hc32_ll_interrupts.c.obj
                0x000020d8                IRQ006_Handler
 .text.IRQ007_Handler
                0x000020ec       0x14 CMakeFiles/TEST.elf.dir/Driver/src/hc32_ll_interrupts.c.obj
                0x000020ec                IRQ007_Handler
 .text.IRQ008_Handler
                0x00002100       0x14 CMakeFiles/TEST.elf.dir/Driver/src/hc32_ll_interrupts.c.obj
                0x00002100                IRQ008_Handler
 .text.IRQ009_Handler
                0x00002114       0x14 CMakeFiles/TEST.elf.dir/Driver/src/hc32_ll_interrupts.c.obj
                0x00002114                IRQ009_Handler
 .text.IRQ010_Handler
                0x00002128       0x14 CMakeFiles/TEST.elf.dir/Driver/src/hc32_ll_interrupts.c.obj
                0x00002128                IRQ010_Handler
 .text.IRQ011_Handler
                0x0000213c       0x14 CMakeFiles/TEST.elf.dir/Driver/src/hc32_ll_interrupts.c.obj
                0x0000213c                IRQ011_Handler
 .text.IRQ012_Handler
                0x00002150       0x14 CMakeFiles/TEST.elf.dir/Driver/src/hc32_ll_interrupts.c.obj
                0x00002150                IRQ012_Handler
 .text.IRQ013_Handler
                0x00002164       0x14 CMakeFiles/TEST.elf.dir/Driver/src/hc32_ll_interrupts.c.obj
                0x00002164                IRQ013_Handler
 .text.IRQ014_Handler
                0x00002178       0x14 CMakeFiles/TEST.elf.dir/Driver/src/hc32_ll_interrupts.c.obj
                0x00002178                IRQ014_Handler
 .text.IRQ015_Handler
                0x0000218c       0x14 CMakeFiles/TEST.elf.dir/Driver/src/hc32_ll_interrupts.c.obj
                0x0000218c                IRQ015_Handler
 .text.IRQ016_Handler
                0x000021a0       0x14 CMakeFiles/TEST.elf.dir/Driver/src/hc32_ll_interrupts.c.obj
                0x000021a0                IRQ016_Handler
 .text.IRQ017_Handler
                0x000021b4       0x14 CMakeFiles/TEST.elf.dir/Driver/src/hc32_ll_interrupts.c.obj
                0x000021b4                IRQ017_Handler
 .text.IRQ018_Handler
                0x000021c8       0x14 CMakeFiles/TEST.elf.dir/Driver/src/hc32_ll_interrupts.c.obj
                0x000021c8                IRQ018_Handler
 .text.IRQ019_Handler
                0x000021dc       0x14 CMakeFiles/TEST.elf.dir/Driver/src/hc32_ll_interrupts.c.obj
                0x000021dc                IRQ019_Handler
 .text.IRQ020_Handler
                0x000021f0       0x14 CMakeFiles/TEST.elf.dir/Driver/src/hc32_ll_interrupts.c.obj
                0x000021f0                IRQ020_Handler
 .text.IRQ021_Handler
                0x00002204       0x14 CMakeFiles/TEST.elf.dir/Driver/src/hc32_ll_interrupts.c.obj
                0x00002204                IRQ021_Handler
 .text.IRQ022_Handler
                0x00002218       0x14 CMakeFiles/TEST.elf.dir/Driver/src/hc32_ll_interrupts.c.obj
                0x00002218                IRQ022_Handler
 .text.IRQ023_Handler
                0x0000222c       0x14 CMakeFiles/TEST.elf.dir/Driver/src/hc32_ll_interrupts.c.obj
                0x0000222c                IRQ023_Handler
 .text.IRQ024_Handler
                0x00002240       0x14 CMakeFiles/TEST.elf.dir/Driver/src/hc32_ll_interrupts.c.obj
                0x00002240                IRQ024_Handler
 .text.IRQ025_Handler
                0x00002254       0x14 CMakeFiles/TEST.elf.dir/Driver/src/hc32_ll_interrupts.c.obj
                0x00002254                IRQ025_Handler
 .text.IRQ026_Handler
                0x00002268       0x14 CMakeFiles/TEST.elf.dir/Driver/src/hc32_ll_interrupts.c.obj
                0x00002268                IRQ026_Handler
 .text.IRQ027_Handler
                0x0000227c       0x14 CMakeFiles/TEST.elf.dir/Driver/src/hc32_ll_interrupts.c.obj
                0x0000227c                IRQ027_Handler
 .text.IRQ028_Handler
                0x00002290       0x14 CMakeFiles/TEST.elf.dir/Driver/src/hc32_ll_interrupts.c.obj
                0x00002290                IRQ028_Handler
 .text.IRQ029_Handler
                0x000022a4       0x14 CMakeFiles/TEST.elf.dir/Driver/src/hc32_ll_interrupts.c.obj
                0x000022a4                IRQ029_Handler
 .text.IRQ030_Handler
                0x000022b8       0x14 CMakeFiles/TEST.elf.dir/Driver/src/hc32_ll_interrupts.c.obj
                0x000022b8                IRQ030_Handler
 .text.IRQ031_Handler
                0x000022cc       0x14 CMakeFiles/TEST.elf.dir/Driver/src/hc32_ll_interrupts.c.obj
                0x000022cc                IRQ031_Handler
 .text.IRQ032_Handler
                0x000022e0       0x14 CMakeFiles/TEST.elf.dir/Driver/src/hc32_ll_interrupts.c.obj
                0x000022e0                IRQ032_Handler
 .text.IRQ033_Handler
                0x000022f4       0x14 CMakeFiles/TEST.elf.dir/Driver/src/hc32_ll_interrupts.c.obj
                0x000022f4                IRQ033_Handler
 .text.IRQ034_Handler
                0x00002308       0x14 CMakeFiles/TEST.elf.dir/Driver/src/hc32_ll_interrupts.c.obj
                0x00002308                IRQ034_Handler
 .text.IRQ035_Handler
                0x0000231c       0x14 CMakeFiles/TEST.elf.dir/Driver/src/hc32_ll_interrupts.c.obj
                0x0000231c                IRQ035_Handler
 .text.IRQ036_Handler
                0x00002330       0x14 CMakeFiles/TEST.elf.dir/Driver/src/hc32_ll_interrupts.c.obj
                0x00002330                IRQ036_Handler
 .text.IRQ037_Handler
                0x00002344       0x14 CMakeFiles/TEST.elf.dir/Driver/src/hc32_ll_interrupts.c.obj
                0x00002344                IRQ037_Handler
 .text.IRQ038_Handler
                0x00002358       0x14 CMakeFiles/TEST.elf.dir/Driver/src/hc32_ll_interrupts.c.obj
                0x00002358                IRQ038_Handler
 .text.IRQ039_Handler
                0x0000236c       0x14 CMakeFiles/TEST.elf.dir/Driver/src/hc32_ll_interrupts.c.obj
                0x0000236c                IRQ039_Handler
 .text.IRQ040_Handler
                0x00002380       0x14 CMakeFiles/TEST.elf.dir/Driver/src/hc32_ll_interrupts.c.obj
                0x00002380                IRQ040_Handler
 .text.IRQ041_Handler
                0x00002394       0x14 CMakeFiles/TEST.elf.dir/Driver/src/hc32_ll_interrupts.c.obj
                0x00002394                IRQ041_Handler
 .text.IRQ042_Handler
                0x000023a8       0x14 CMakeFiles/TEST.elf.dir/Driver/src/hc32_ll_interrupts.c.obj
                0x000023a8                IRQ042_Handler
 .text.IRQ043_Handler
                0x000023bc       0x14 CMakeFiles/TEST.elf.dir/Driver/src/hc32_ll_interrupts.c.obj
                0x000023bc                IRQ043_Handler
 .text.IRQ044_Handler
                0x000023d0       0x14 CMakeFiles/TEST.elf.dir/Driver/src/hc32_ll_interrupts.c.obj
                0x000023d0                IRQ044_Handler
 .text.IRQ045_Handler
                0x000023e4       0x14 CMakeFiles/TEST.elf.dir/Driver/src/hc32_ll_interrupts.c.obj
                0x000023e4                IRQ045_Handler
 .text.IRQ046_Handler
                0x000023f8       0x14 CMakeFiles/TEST.elf.dir/Driver/src/hc32_ll_interrupts.c.obj
                0x000023f8                IRQ046_Handler
 .text.IRQ047_Handler
                0x0000240c       0x14 CMakeFiles/TEST.elf.dir/Driver/src/hc32_ll_interrupts.c.obj
                0x0000240c                IRQ047_Handler
 .text.IRQ048_Handler
                0x00002420       0x14 CMakeFiles/TEST.elf.dir/Driver/src/hc32_ll_interrupts.c.obj
                0x00002420                IRQ048_Handler
 .text.IRQ049_Handler
                0x00002434       0x14 CMakeFiles/TEST.elf.dir/Driver/src/hc32_ll_interrupts.c.obj
                0x00002434                IRQ049_Handler
 .text.IRQ050_Handler
                0x00002448       0x14 CMakeFiles/TEST.elf.dir/Driver/src/hc32_ll_interrupts.c.obj
                0x00002448                IRQ050_Handler
 .text.IRQ051_Handler
                0x0000245c       0x14 CMakeFiles/TEST.elf.dir/Driver/src/hc32_ll_interrupts.c.obj
                0x0000245c                IRQ051_Handler
 .text.IRQ052_Handler
                0x00002470       0x14 CMakeFiles/TEST.elf.dir/Driver/src/hc32_ll_interrupts.c.obj
                0x00002470                IRQ052_Handler
 .text.IRQ053_Handler
                0x00002484       0x14 CMakeFiles/TEST.elf.dir/Driver/src/hc32_ll_interrupts.c.obj
                0x00002484                IRQ053_Handler
 .text.IRQ054_Handler
                0x00002498       0x14 CMakeFiles/TEST.elf.dir/Driver/src/hc32_ll_interrupts.c.obj
                0x00002498                IRQ054_Handler
 .text.IRQ055_Handler
                0x000024ac       0x14 CMakeFiles/TEST.elf.dir/Driver/src/hc32_ll_interrupts.c.obj
                0x000024ac                IRQ055_Handler
 .text.IRQ056_Handler
                0x000024c0       0x14 CMakeFiles/TEST.elf.dir/Driver/src/hc32_ll_interrupts.c.obj
                0x000024c0                IRQ056_Handler
 .text.IRQ057_Handler
                0x000024d4       0x14 CMakeFiles/TEST.elf.dir/Driver/src/hc32_ll_interrupts.c.obj
                0x000024d4                IRQ057_Handler
 .text.IRQ058_Handler
                0x000024e8       0x14 CMakeFiles/TEST.elf.dir/Driver/src/hc32_ll_interrupts.c.obj
                0x000024e8                IRQ058_Handler
 .text.IRQ059_Handler
                0x000024fc       0x14 CMakeFiles/TEST.elf.dir/Driver/src/hc32_ll_interrupts.c.obj
                0x000024fc                IRQ059_Handler
 .text.IRQ060_Handler
                0x00002510       0x14 CMakeFiles/TEST.elf.dir/Driver/src/hc32_ll_interrupts.c.obj
                0x00002510                IRQ060_Handler
 .text.IRQ061_Handler
                0x00002524       0x14 CMakeFiles/TEST.elf.dir/Driver/src/hc32_ll_interrupts.c.obj
                0x00002524                IRQ061_Handler
 .text.IRQ062_Handler
                0x00002538       0x14 CMakeFiles/TEST.elf.dir/Driver/src/hc32_ll_interrupts.c.obj
                0x00002538                IRQ062_Handler
 .text.IRQ063_Handler
                0x0000254c       0x14 CMakeFiles/TEST.elf.dir/Driver/src/hc32_ll_interrupts.c.obj
                0x0000254c                IRQ063_Handler
 .text.IRQ064_Handler
                0x00002560       0x14 CMakeFiles/TEST.elf.dir/Driver/src/hc32_ll_interrupts.c.obj
                0x00002560                IRQ064_Handler
 .text.IRQ065_Handler
                0x00002574       0x14 CMakeFiles/TEST.elf.dir/Driver/src/hc32_ll_interrupts.c.obj
                0x00002574                IRQ065_Handler
 .text.IRQ066_Handler
                0x00002588       0x14 CMakeFiles/TEST.elf.dir/Driver/src/hc32_ll_interrupts.c.obj
                0x00002588                IRQ066_Handler
 .text.IRQ067_Handler
                0x0000259c       0x14 CMakeFiles/TEST.elf.dir/Driver/src/hc32_ll_interrupts.c.obj
                0x0000259c                IRQ067_Handler
 .text.IRQ068_Handler
                0x000025b0       0x14 CMakeFiles/TEST.elf.dir/Driver/src/hc32_ll_interrupts.c.obj
                0x000025b0                IRQ068_Handler
 .text.IRQ069_Handler
                0x000025c4       0x14 CMakeFiles/TEST.elf.dir/Driver/src/hc32_ll_interrupts.c.obj
                0x000025c4                IRQ069_Handler
 .text.IRQ070_Handler
                0x000025d8       0x14 CMakeFiles/TEST.elf.dir/Driver/src/hc32_ll_interrupts.c.obj
                0x000025d8                IRQ070_Handler
 .text.IRQ071_Handler
                0x000025ec       0x14 CMakeFiles/TEST.elf.dir/Driver/src/hc32_ll_interrupts.c.obj
                0x000025ec                IRQ071_Handler
 .text.IRQ072_Handler
                0x00002600       0x14 CMakeFiles/TEST.elf.dir/Driver/src/hc32_ll_interrupts.c.obj
                0x00002600                IRQ072_Handler
 .text.IRQ073_Handler
                0x00002614       0x14 CMakeFiles/TEST.elf.dir/Driver/src/hc32_ll_interrupts.c.obj
                0x00002614                IRQ073_Handler
 .text.IRQ074_Handler
                0x00002628       0x14 CMakeFiles/TEST.elf.dir/Driver/src/hc32_ll_interrupts.c.obj
                0x00002628                IRQ074_Handler
 .text.IRQ075_Handler
                0x0000263c       0x14 CMakeFiles/TEST.elf.dir/Driver/src/hc32_ll_interrupts.c.obj
                0x0000263c                IRQ075_Handler
 .text.IRQ076_Handler
                0x00002650       0x14 CMakeFiles/TEST.elf.dir/Driver/src/hc32_ll_interrupts.c.obj
                0x00002650                IRQ076_Handler
 .text.IRQ077_Handler
                0x00002664       0x14 CMakeFiles/TEST.elf.dir/Driver/src/hc32_ll_interrupts.c.obj
                0x00002664                IRQ077_Handler
 .text.IRQ078_Handler
                0x00002678       0x14 CMakeFiles/TEST.elf.dir/Driver/src/hc32_ll_interrupts.c.obj
                0x00002678                IRQ078_Handler
 .text.IRQ079_Handler
                0x0000268c       0x14 CMakeFiles/TEST.elf.dir/Driver/src/hc32_ll_interrupts.c.obj
                0x0000268c                IRQ079_Handler
 .text.IRQ080_Handler
                0x000026a0       0x14 CMakeFiles/TEST.elf.dir/Driver/src/hc32_ll_interrupts.c.obj
                0x000026a0                IRQ080_Handler
 .text.IRQ081_Handler
                0x000026b4       0x14 CMakeFiles/TEST.elf.dir/Driver/src/hc32_ll_interrupts.c.obj
                0x000026b4                IRQ081_Handler
 .text.IRQ082_Handler
                0x000026c8       0x14 CMakeFiles/TEST.elf.dir/Driver/src/hc32_ll_interrupts.c.obj
                0x000026c8                IRQ082_Handler
 .text.IRQ083_Handler
                0x000026dc       0x14 CMakeFiles/TEST.elf.dir/Driver/src/hc32_ll_interrupts.c.obj
                0x000026dc                IRQ083_Handler
 .text.IRQ084_Handler
                0x000026f0       0x14 CMakeFiles/TEST.elf.dir/Driver/src/hc32_ll_interrupts.c.obj
                0x000026f0                IRQ084_Handler
 .text.IRQ085_Handler
                0x00002704       0x14 CMakeFiles/TEST.elf.dir/Driver/src/hc32_ll_interrupts.c.obj
                0x00002704                IRQ085_Handler
 .text.IRQ086_Handler
                0x00002718       0x14 CMakeFiles/TEST.elf.dir/Driver/src/hc32_ll_interrupts.c.obj
                0x00002718                IRQ086_Handler
 .text.IRQ087_Handler
                0x0000272c       0x14 CMakeFiles/TEST.elf.dir/Driver/src/hc32_ll_interrupts.c.obj
                0x0000272c                IRQ087_Handler
 .text.IRQ088_Handler
                0x00002740       0x14 CMakeFiles/TEST.elf.dir/Driver/src/hc32_ll_interrupts.c.obj
                0x00002740                IRQ088_Handler
 .text.IRQ089_Handler
                0x00002754       0x14 CMakeFiles/TEST.elf.dir/Driver/src/hc32_ll_interrupts.c.obj
                0x00002754                IRQ089_Handler
 .text.IRQ090_Handler
                0x00002768       0x14 CMakeFiles/TEST.elf.dir/Driver/src/hc32_ll_interrupts.c.obj
                0x00002768                IRQ090_Handler
 .text.IRQ091_Handler
                0x0000277c       0x14 CMakeFiles/TEST.elf.dir/Driver/src/hc32_ll_interrupts.c.obj
                0x0000277c                IRQ091_Handler
 .text.IRQ092_Handler
                0x00002790       0x14 CMakeFiles/TEST.elf.dir/Driver/src/hc32_ll_interrupts.c.obj
                0x00002790                IRQ092_Handler
 .text.IRQ093_Handler
                0x000027a4       0x14 CMakeFiles/TEST.elf.dir/Driver/src/hc32_ll_interrupts.c.obj
                0x000027a4                IRQ093_Handler
 .text.IRQ094_Handler
                0x000027b8       0x14 CMakeFiles/TEST.elf.dir/Driver/src/hc32_ll_interrupts.c.obj
                0x000027b8                IRQ094_Handler
 .text.IRQ095_Handler
                0x000027cc       0x14 CMakeFiles/TEST.elf.dir/Driver/src/hc32_ll_interrupts.c.obj
                0x000027cc                IRQ095_Handler
 .text.IRQ096_Handler
                0x000027e0       0x14 CMakeFiles/TEST.elf.dir/Driver/src/hc32_ll_interrupts.c.obj
                0x000027e0                IRQ096_Handler
 .text.IRQ097_Handler
                0x000027f4       0x14 CMakeFiles/TEST.elf.dir/Driver/src/hc32_ll_interrupts.c.obj
                0x000027f4                IRQ097_Handler
 .text.IRQ098_Handler
                0x00002808       0x14 CMakeFiles/TEST.elf.dir/Driver/src/hc32_ll_interrupts.c.obj
                0x00002808                IRQ098_Handler
 .text.IRQ099_Handler
                0x0000281c       0x14 CMakeFiles/TEST.elf.dir/Driver/src/hc32_ll_interrupts.c.obj
                0x0000281c                IRQ099_Handler
 .text.IRQ100_Handler
                0x00002830       0x14 CMakeFiles/TEST.elf.dir/Driver/src/hc32_ll_interrupts.c.obj
                0x00002830                IRQ100_Handler
 .text.IRQ101_Handler
                0x00002844       0x14 CMakeFiles/TEST.elf.dir/Driver/src/hc32_ll_interrupts.c.obj
                0x00002844                IRQ101_Handler
 .text.IRQ102_Handler
                0x00002858       0x14 CMakeFiles/TEST.elf.dir/Driver/src/hc32_ll_interrupts.c.obj
                0x00002858                IRQ102_Handler
 .text.IRQ103_Handler
                0x0000286c       0x14 CMakeFiles/TEST.elf.dir/Driver/src/hc32_ll_interrupts.c.obj
                0x0000286c                IRQ103_Handler
 .text.IRQ104_Handler
                0x00002880       0x14 CMakeFiles/TEST.elf.dir/Driver/src/hc32_ll_interrupts.c.obj
                0x00002880                IRQ104_Handler
 .text.IRQ105_Handler
                0x00002894       0x14 CMakeFiles/TEST.elf.dir/Driver/src/hc32_ll_interrupts.c.obj
                0x00002894                IRQ105_Handler
 .text.IRQ106_Handler
                0x000028a8       0x14 CMakeFiles/TEST.elf.dir/Driver/src/hc32_ll_interrupts.c.obj
                0x000028a8                IRQ106_Handler
 .text.IRQ107_Handler
                0x000028bc       0x14 CMakeFiles/TEST.elf.dir/Driver/src/hc32_ll_interrupts.c.obj
                0x000028bc                IRQ107_Handler
 .text.IRQ108_Handler
                0x000028d0       0x14 CMakeFiles/TEST.elf.dir/Driver/src/hc32_ll_interrupts.c.obj
                0x000028d0                IRQ108_Handler
 .text.IRQ109_Handler
                0x000028e4       0x14 CMakeFiles/TEST.elf.dir/Driver/src/hc32_ll_interrupts.c.obj
                0x000028e4                IRQ109_Handler
 .text.IRQ110_Handler
                0x000028f8       0x14 CMakeFiles/TEST.elf.dir/Driver/src/hc32_ll_interrupts.c.obj
                0x000028f8                IRQ110_Handler
 .text.IRQ111_Handler
                0x0000290c       0x14 CMakeFiles/TEST.elf.dir/Driver/src/hc32_ll_interrupts.c.obj
                0x0000290c                IRQ111_Handler
 .text.IRQ112_Handler
                0x00002920       0x14 CMakeFiles/TEST.elf.dir/Driver/src/hc32_ll_interrupts.c.obj
                0x00002920                IRQ112_Handler
 .text.IRQ113_Handler
                0x00002934       0x14 CMakeFiles/TEST.elf.dir/Driver/src/hc32_ll_interrupts.c.obj
                0x00002934                IRQ113_Handler
 .text.IRQ114_Handler
                0x00002948       0x14 CMakeFiles/TEST.elf.dir/Driver/src/hc32_ll_interrupts.c.obj
                0x00002948                IRQ114_Handler
 .text.IRQ115_Handler
                0x0000295c       0x14 CMakeFiles/TEST.elf.dir/Driver/src/hc32_ll_interrupts.c.obj
                0x0000295c                IRQ115_Handler
 .text.IRQ116_Handler
                0x00002970       0x14 CMakeFiles/TEST.elf.dir/Driver/src/hc32_ll_interrupts.c.obj
                0x00002970                IRQ116_Handler
 .text.IRQ117_Handler
                0x00002984       0x14 CMakeFiles/TEST.elf.dir/Driver/src/hc32_ll_interrupts.c.obj
                0x00002984                IRQ117_Handler
 .text.IRQ118_Handler
                0x00002998       0x14 CMakeFiles/TEST.elf.dir/Driver/src/hc32_ll_interrupts.c.obj
                0x00002998                IRQ118_Handler
 .text.IRQ119_Handler
                0x000029ac       0x14 CMakeFiles/TEST.elf.dir/Driver/src/hc32_ll_interrupts.c.obj
                0x000029ac                IRQ119_Handler
 .text.IRQ120_Handler
                0x000029c0       0x14 CMakeFiles/TEST.elf.dir/Driver/src/hc32_ll_interrupts.c.obj
                0x000029c0                IRQ120_Handler
 .text.IRQ121_Handler
                0x000029d4       0x14 CMakeFiles/TEST.elf.dir/Driver/src/hc32_ll_interrupts.c.obj
                0x000029d4                IRQ121_Handler
 .text.IRQ122_Handler
                0x000029e8       0x14 CMakeFiles/TEST.elf.dir/Driver/src/hc32_ll_interrupts.c.obj
                0x000029e8                IRQ122_Handler
 .text.IRQ123_Handler
                0x000029fc       0x14 CMakeFiles/TEST.elf.dir/Driver/src/hc32_ll_interrupts.c.obj
                0x000029fc                IRQ123_Handler
 .text.IRQ124_Handler
                0x00002a10       0x14 CMakeFiles/TEST.elf.dir/Driver/src/hc32_ll_interrupts.c.obj
                0x00002a10                IRQ124_Handler
 .text.IRQ125_Handler
                0x00002a24       0x14 CMakeFiles/TEST.elf.dir/Driver/src/hc32_ll_interrupts.c.obj
                0x00002a24                IRQ125_Handler
 .text.IRQ126_Handler
                0x00002a38       0x14 CMakeFiles/TEST.elf.dir/Driver/src/hc32_ll_interrupts.c.obj
                0x00002a38                IRQ126_Handler
 .text.IRQ127_Handler
                0x00002a4c       0x14 CMakeFiles/TEST.elf.dir/Driver/src/hc32_ll_interrupts.c.obj
                0x00002a4c                IRQ127_Handler
 .text.PWC_HighSpeedToHighPerformance
                0x00002a60       0x28 CMakeFiles/TEST.elf.dir/Driver/src/hc32_ll_pwc.c.obj
                0x00002a60                PWC_HighSpeedToHighPerformance
 .text.SPI_Init
                0x00002a88       0x90 CMakeFiles/TEST.elf.dir/Driver/src/hc32_ll_spi.c.obj
                0x00002a88                SPI_Init
 .text.SPI_StructInit
                0x00002b18       0x2a CMakeFiles/TEST.elf.dir/Driver/src/hc32_ll_spi.c.obj
                0x00002b18                SPI_StructInit
 .text.SPI_Cmd  0x00002b42       0x18 CMakeFiles/TEST.elf.dir/Driver/src/hc32_ll_spi.c.obj
                0x00002b42                SPI_Cmd
 *fill*         0x00002b5a        0x2 
 .text.SRAM_SetWaitCycle
                0x00002b5c       0x68 CMakeFiles/TEST.elf.dir/Driver/src/hc32_ll_sram.c.obj
                0x00002b5c                SRAM_SetWaitCycle
 .text.SysTick_Init
                0x00002bc4       0x44 CMakeFiles/TEST.elf.dir/Driver/src/hc32_ll_utility.c.obj
                0x00002bc4                SysTick_Init
 .text.SysTick_Handler
                0x00002c08       0x10 CMakeFiles/TEST.elf.dir/Driver/src/hc32_ll_utility.c.obj
                0x00002c08                SysTick_Handler
 .text.millis   0x00002c18        0xc CMakeFiles/TEST.elf.dir/Driver/src/hc32_ll_utility.c.obj
                0x00002c18                millis
 .text.delay_ms
                0x00002c24       0x14 CMakeFiles/TEST.elf.dir/Driver/src/hc32_ll_utility.c.obj
                0x00002c24                delay_ms
 .text.delay_us
                0x00002c38       0x50 CMakeFiles/TEST.elf.dir/Driver/src/hc32_ll_utility.c.obj
                0x00002c38                delay_us
 .text._ZN17MillisTaskManagerC2Eb
                0x00002c88        0xa CMakeFiles/TEST.elf.dir/Libraries/MillisTaskManager/MillisTaskManager.cpp.obj
                0x00002c88                MillisTaskManager::MillisTaskManager(bool)
                0x00002c88                MillisTaskManager::MillisTaskManager(bool)
 .text._ZN17MillisTaskManagerD2Ev
                0x00002c92       0x18 CMakeFiles/TEST.elf.dir/Libraries/MillisTaskManager/MillisTaskManager.cpp.obj
                0x00002c92                MillisTaskManager::~MillisTaskManager()
                0x00002c92                MillisTaskManager::~MillisTaskManager()
 .text._ZN17MillisTaskManager4FindEPFvvE
                0x00002caa       0x10 CMakeFiles/TEST.elf.dir/Libraries/MillisTaskManager/MillisTaskManager.cpp.obj
                0x00002caa                MillisTaskManager::Find(void (*)())
 .text._ZN17MillisTaskManager8RegisterEPFvvEmb
                0x00002cba       0x4c CMakeFiles/TEST.elf.dir/Libraries/MillisTaskManager/MillisTaskManager.cpp.obj
                0x00002cba                MillisTaskManager::Register(void (*)(), unsigned long, bool)
 .text._ZN17MillisTaskManager12GetTickElapsEmm
                0x00002d06        0xc CMakeFiles/TEST.elf.dir/Libraries/MillisTaskManager/MillisTaskManager.cpp.obj
                0x00002d06                MillisTaskManager::GetTickElaps(unsigned long, unsigned long)
 .text._ZN17MillisTaskManager7RunningEm
                0x00002d12       0x3a CMakeFiles/TEST.elf.dir/Libraries/MillisTaskManager/MillisTaskManager.cpp.obj
                0x00002d12                MillisTaskManager::Running(unsigned long)
 .text.__NVIC_EnableIRQ
                0x00002d4c       0x1c CMakeFiles/TEST.elf.dir/app/source/main.cpp.obj
 .text._ZL16DMA_ReloadConfigv
                0x00002d68       0x50 CMakeFiles/TEST.elf.dir/app/source/main.cpp.obj
 .text._ZL7dmaSendv
                0x00002db8       0x40 CMakeFiles/TEST.elf.dir/app/source/main.cpp.obj
 .text._ZL9led_blinkv
                0x00002df8       0x1c CMakeFiles/TEST.elf.dir/app/source/main.cpp.obj
 .text._ZL10SPI_Configv
                0x00002e14      0x1a4 CMakeFiles/TEST.elf.dir/app/source/main.cpp.obj
 .text._ZL25DMA_TransCompleteCallbackv
                0x00002fb8       0x1c CMakeFiles/TEST.elf.dir/app/source/main.cpp.obj
 .text._Z41__static_initialization_and_destruction_0v
                0x00002fd4       0x24 CMakeFiles/TEST.elf.dir/app/source/main.cpp.obj
 .text.main     0x00002ff8       0x58 CMakeFiles/TEST.elf.dir/app/source/main.cpp.obj
                0x00002ff8                main
 .text._GLOBAL__sub_I_task
                0x00003050        0x8 CMakeFiles/TEST.elf.dir/app/source/main.cpp.obj
 .text.BSP_CLK_Init
                0x00003058       0xd0 CMakeFiles/TEST.elf.dir/bsp/ev_hc32f460_lqfp100_v2/ev_hc32f460_lqfp100_v2.c.obj
                0x00003058                BSP_CLK_Init
 .text.BSP_LED_Init
                0x00003128       0x38 CMakeFiles/TEST.elf.dir/bsp/ev_hc32f460_lqfp100_v2/ev_hc32f460_lqfp100_v2.c.obj
                0x00003128                BSP_LED_Init
 .text.BSP_LED_On
                0x00003160       0x34 CMakeFiles/TEST.elf.dir/bsp/ev_hc32f460_lqfp100_v2/ev_hc32f460_lqfp100_v2.c.obj
                0x00003160                BSP_LED_On
 .text.BSP_LED_Off
                0x00003194       0x34 CMakeFiles/TEST.elf.dir/bsp/ev_hc32f460_lqfp100_v2/ev_hc32f460_lqfp100_v2.c.obj
                0x00003194                BSP_LED_Off
 .text.Reset_Handler
                0x000031c8       0xc0 CMakeFiles/TEST.elf.dir/CMSIS/Device/HDSC/hc32f4xx/Source/GCC/startup_hc32f460.S.obj
                0x000031c8                Reset_Handler
 .text.Default_Handler
                0x00003288        0x4 CMakeFiles/TEST.elf.dir/CMSIS/Device/HDSC/hc32f4xx/Source/GCC/startup_hc32f460.S.obj
                0x00003288                IRQ132_Handler
                0x00003288                DebugMon_Handler
                0x00003288                HardFault_Handler
                0x00003288                IRQ139_Handler
                0x00003288                IRQ138_Handler
                0x00003288                PendSV_Handler
                0x00003288                NMI_Handler
                0x00003288                UsageFault_Handler
                0x00003288                IRQ133_Handler
                0x00003288                IRQ130_Handler
                0x00003288                IRQ134_Handler
                0x00003288                IRQ129_Handler
                0x00003288                IRQ142_Handler
                0x00003288                IRQ140_Handler
                0x00003288                MemManage_Handler
                0x00003288                IRQ143_Handler
                0x00003288                SVC_Handler
                0x00003288                IRQ128_Handler
                0x00003288                IRQ136_Handler
                0x00003288                IRQ131_Handler
                0x00003288                IRQ141_Handler
                0x00003288                IRQ137_Handler
                0x00003288                BusFault_Handler
                0x00003288                IRQ135_Handler
 .text.__aeabi_atexit
                0x0000328c        0xc d:/APP/arm-gcc/bin/../lib/gcc/arm-none-eabi/14.2.1/thumb/v7e-m/nofp\libstdc++.a(atexit_arm.o)
                0x0000328c                __aeabi_atexit
 .text._ZdlPvj  0x00003298        0x4 d:/APP/arm-gcc/bin/../lib/gcc/arm-none-eabi/14.2.1/thumb/v7e-m/nofp\libstdc++.a(del_ops.o)
                0x00003298                operator delete(void*, unsigned int)
 .text._Znwj    0x0000329c       0x3c d:/APP/arm-gcc/bin/../lib/gcc/arm-none-eabi/14.2.1/thumb/v7e-m/nofp\libstdc++.a(new_op.o)
                0x0000329c                operator new(unsigned int)
 .text._ZNKSt9bad_alloc4whatEv
                0x000032d8        0x8 d:/APP/arm-gcc/bin/../lib/gcc/arm-none-eabi/14.2.1/thumb/v7e-m/nofp\libstdc++.a(bad_alloc.o)
                0x000032d8                std::bad_alloc::what() const
 .text._ZNSt9bad_allocD2Ev
                0x000032e0       0x14 d:/APP/arm-gcc/bin/../lib/gcc/arm-none-eabi/14.2.1/thumb/v7e-m/nofp\libstdc++.a(bad_alloc.o)
                0x000032e0                std::bad_alloc::~bad_alloc()
                0x000032e0                std::bad_alloc::~bad_alloc()
 .text._ZNSt9bad_allocD0Ev
                0x000032f4       0x1c d:/APP/arm-gcc/bin/../lib/gcc/arm-none-eabi/14.2.1/thumb/v7e-m/nofp\libstdc++.a(bad_alloc.o)
                0x000032f4                std::bad_alloc::~bad_alloc()
 .text._ZdlPv   0x00003310        0x4 d:/APP/arm-gcc/bin/../lib/gcc/arm-none-eabi/14.2.1/thumb/v7e-m/nofp\libstdc++.a(del_op.o)
                0x00003310                operator delete(void*)
 .text._ZN12_GLOBAL__N_14pool4freeEPv.constprop.0
                0x00003314       0x8c d:/APP/arm-gcc/bin/../lib/gcc/arm-none-eabi/14.2.1/thumb/v7e-m/nofp\libstdc++.a(eh_alloc.o)
 .text._ZN12_GLOBAL__N_14pool8allocateEj.constprop.0
                0x000033a0       0x5c d:/APP/arm-gcc/bin/../lib/gcc/arm-none-eabi/14.2.1/thumb/v7e-m/nofp\libstdc++.a(eh_alloc.o)
 .text.__cxa_allocate_exception
                0x000033fc       0x30 d:/APP/arm-gcc/bin/../lib/gcc/arm-none-eabi/14.2.1/thumb/v7e-m/nofp\libstdc++.a(eh_alloc.o)
                0x000033fc                __cxa_allocate_exception
 .text.__cxa_free_exception
                0x0000342c       0x20 d:/APP/arm-gcc/bin/../lib/gcc/arm-none-eabi/14.2.1/thumb/v7e-m/nofp\libstdc++.a(eh_alloc.o)
                0x0000342c                __cxa_free_exception
 .text.startup._GLOBAL__sub_I__ZN9__gnu_cxx9__freeresEv
                0x0000344c       0xf0 d:/APP/arm-gcc/bin/../lib/gcc/arm-none-eabi/14.2.1/thumb/v7e-m/nofp\libstdc++.a(eh_alloc.o)
 .text._ZNSt9exceptionD2Ev
                0x0000353c        0x4 d:/APP/arm-gcc/bin/../lib/gcc/arm-none-eabi/14.2.1/thumb/v7e-m/nofp\libstdc++.a(eh_exception.o)
                0x0000353c                std::exception::~exception()
                0x0000353c                std::exception::~exception()
 .text._ZNSt13bad_exceptionD2Ev
                0x00003540        0x4 d:/APP/arm-gcc/bin/../lib/gcc/arm-none-eabi/14.2.1/thumb/v7e-m/nofp\libstdc++.a(eh_exception.o)
                0x00003540                std::bad_exception::~bad_exception()
                0x00003540                std::bad_exception::~bad_exception()
 .text._ZNKSt13bad_exception4whatEv
                0x00003544        0x8 d:/APP/arm-gcc/bin/../lib/gcc/arm-none-eabi/14.2.1/thumb/v7e-m/nofp\libstdc++.a(eh_exception.o)
                0x00003544                std::bad_exception::what() const
                0x00003544                transaction clone for std::bad_exception::what() const
 .text._ZNSt13bad_exceptionD0Ev
                0x0000354c       0x10 d:/APP/arm-gcc/bin/../lib/gcc/arm-none-eabi/14.2.1/thumb/v7e-m/nofp\libstdc++.a(eh_exception.o)
                0x0000354c                std::bad_exception::~bad_exception()
 .text._ZN10__cxxabiv111__terminateEPFvvE
                0x0000355c       0x10 d:/APP/arm-gcc/bin/../lib/gcc/arm-none-eabi/14.2.1/thumb/v7e-m/nofp\libstdc++.a(eh_terminate.o)
                0x0000355c                __cxxabiv1::__terminate(void (*)())
 .text.unlikely._ZSt9terminatev
                0x0000356c       0x14 d:/APP/arm-gcc/bin/../lib/gcc/arm-none-eabi/14.2.1/thumb/v7e-m/nofp\libstdc++.a(eh_terminate.o)
                0x0000356c                std::terminate()
 .text._ZN10__cxxabiv112__unexpectedEPFvvE
                0x00003580        0x8 d:/APP/arm-gcc/bin/../lib/gcc/arm-none-eabi/14.2.1/thumb/v7e-m/nofp\libstdc++.a(eh_terminate.o)
                0x00003580                __cxxabiv1::__unexpected(void (*)())
 .text.unlikely._ZSt10unexpectedv
                0x00003588       0x14 d:/APP/arm-gcc/bin/../lib/gcc/arm-none-eabi/14.2.1/thumb/v7e-m/nofp\libstdc++.a(eh_terminate.o)
                0x00003588                std::unexpected()
 .text._ZSt13get_terminatev
                0x0000359c       0x10 d:/APP/arm-gcc/bin/../lib/gcc/arm-none-eabi/14.2.1/thumb/v7e-m/nofp\libstdc++.a(eh_terminate.o)
                0x0000359c                std::get_terminate()
 .text._ZSt14get_unexpectedv
                0x000035ac       0x10 d:/APP/arm-gcc/bin/../lib/gcc/arm-none-eabi/14.2.1/thumb/v7e-m/nofp\libstdc++.a(eh_terminate.o)
                0x000035ac                std::get_unexpected()
 .text._ZL23__gxx_exception_cleanup19_Unwind_Reason_CodeP21_Unwind_Control_Block
                0x000035bc       0x44 d:/APP/arm-gcc/bin/../lib/gcc/arm-none-eabi/14.2.1/thumb/v7e-m/nofp\libstdc++.a(eh_throw.o)
 .text.__cxa_init_primary_exception
                0x00003600       0x44 d:/APP/arm-gcc/bin/../lib/gcc/arm-none-eabi/14.2.1/thumb/v7e-m/nofp\libstdc++.a(eh_throw.o)
                0x00003600                __cxa_init_primary_exception
 .text.__cxa_throw
                0x00003644       0x34 d:/APP/arm-gcc/bin/../lib/gcc/arm-none-eabi/14.2.1/thumb/v7e-m/nofp\libstdc++.a(eh_throw.o)
                0x00003644                __cxa_throw
 .text.__cxa_rethrow
                0x00003678       0x70 d:/APP/arm-gcc/bin/../lib/gcc/arm-none-eabi/14.2.1/thumb/v7e-m/nofp\libstdc++.a(eh_throw.o)
                0x00003678                __cxa_rethrow
 .text._ZSt15get_new_handlerv
                0x000036e8       0x10 d:/APP/arm-gcc/bin/../lib/gcc/arm-none-eabi/14.2.1/thumb/v7e-m/nofp\libstdc++.a(new_handler.o)
                0x000036e8                std::get_new_handler()
 .text._ZN10__cxxabiv120__si_class_type_infoD2Ev
                0x000036f8       0x14 d:/APP/arm-gcc/bin/../lib/gcc/arm-none-eabi/14.2.1/thumb/v7e-m/nofp\libstdc++.a(si_class_type_info.o)
                0x000036f8                __cxxabiv1::__si_class_type_info::~__si_class_type_info()
                0x000036f8                __cxxabiv1::__si_class_type_info::~__si_class_type_info()
 .text._ZN10__cxxabiv120__si_class_type_infoD0Ev
                0x0000370c       0x1c d:/APP/arm-gcc/bin/../lib/gcc/arm-none-eabi/14.2.1/thumb/v7e-m/nofp\libstdc++.a(si_class_type_info.o)
                0x0000370c                __cxxabiv1::__si_class_type_info::~__si_class_type_info()
 .text._ZNK10__cxxabiv120__si_class_type_info20__do_find_public_srcEiPKvPKNS_17__class_type_infoES2_
                0x00003728       0x3c d:/APP/arm-gcc/bin/../lib/gcc/arm-none-eabi/14.2.1/thumb/v7e-m/nofp\libstdc++.a(si_class_type_info.o)
                0x00003728                __cxxabiv1::__si_class_type_info::__do_find_public_src(int, void const*, __cxxabiv1::__class_type_info const*, void const*) const
 .text._ZNK10__cxxabiv120__si_class_type_info12__do_dyncastEiNS_17__class_type_info10__sub_kindEPKS1_PKvS4_S6_RNS1_16__dyncast_resultE
                0x00003764       0x84 d:/APP/arm-gcc/bin/../lib/gcc/arm-none-eabi/14.2.1/thumb/v7e-m/nofp\libstdc++.a(si_class_type_info.o)
                0x00003764                __cxxabiv1::__si_class_type_info::__do_dyncast(int, __cxxabiv1::__class_type_info::__sub_kind, __cxxabiv1::__class_type_info const*, void const*, __cxxabiv1::__class_type_info const*, void const*, __cxxabiv1::__class_type_info::__dyncast_result&) const
 .text._ZNK10__cxxabiv120__si_class_type_info11__do_upcastEPKNS_17__class_type_infoEPKvRNS1_15__upcast_resultE
                0x000037e8       0x2c d:/APP/arm-gcc/bin/../lib/gcc/arm-none-eabi/14.2.1/thumb/v7e-m/nofp\libstdc++.a(si_class_type_info.o)
                0x000037e8                __cxxabiv1::__si_class_type_info::__do_upcast(__cxxabiv1::__class_type_info const*, void const*, __cxxabiv1::__class_type_info::__upcast_result&) const
 .text._ZNSt9type_infoD2Ev
                0x00003814        0x4 d:/APP/arm-gcc/bin/../lib/gcc/arm-none-eabi/14.2.1/thumb/v7e-m/nofp\libstdc++.a(tinfo.o)
                0x00003814                std::type_info::~type_info()
                0x00003814                std::type_info::~type_info()
 .text._ZNKSt9type_info14__is_pointer_pEv
                0x00003818        0x4 d:/APP/arm-gcc/bin/../lib/gcc/arm-none-eabi/14.2.1/thumb/v7e-m/nofp\libstdc++.a(tinfo.o)
                0x00003818                std::type_info::__is_pointer_p() const
                0x00003818                std::type_info::__is_function_p() const
 .text._ZNKSt9type_infoeqERKS_
                0x0000381c       0x2c d:/APP/arm-gcc/bin/../lib/gcc/arm-none-eabi/14.2.1/thumb/v7e-m/nofp\libstdc++.a(tinfo.o)
                0x0000381c                std::type_info::operator==(std::type_info const&) const
                0x0000381c                std::type_info::__equal(std::type_info const&) const
 .text._ZN9__gnu_cxx27__verbose_terminate_handlerEv
                0x00003848      0x108 d:/APP/arm-gcc/bin/../lib/gcc/arm-none-eabi/14.2.1/thumb/v7e-m/nofp\libstdc++.a(vterminate.o)
                0x00003848                __gnu_cxx::__verbose_terminate_handler()
 .text._ZNK10__cxxabiv117__class_type_info11__do_upcastEPKS0_PPv
                0x00003950       0x34 d:/APP/arm-gcc/bin/../lib/gcc/arm-none-eabi/14.2.1/thumb/v7e-m/nofp\libstdc++.a(class_type_info.o)
                0x00003950                __cxxabiv1::__class_type_info::__do_upcast(__cxxabiv1::__class_type_info const*, void**) const
 .text._ZNK10__cxxabiv117__class_type_info20__do_find_public_srcEiPKvPKS0_S2_
                0x00003984        0xc d:/APP/arm-gcc/bin/../lib/gcc/arm-none-eabi/14.2.1/thumb/v7e-m/nofp\libstdc++.a(class_type_info.o)
                0x00003984                __cxxabiv1::__class_type_info::__do_find_public_src(int, void const*, __cxxabiv1::__class_type_info const*, void const*) const
 .text._ZN10__cxxabiv117__class_type_infoD2Ev
                0x00003990       0x14 d:/APP/arm-gcc/bin/../lib/gcc/arm-none-eabi/14.2.1/thumb/v7e-m/nofp\libstdc++.a(class_type_info.o)
                0x00003990                __cxxabiv1::__class_type_info::~__class_type_info()
                0x00003990                __cxxabiv1::__class_type_info::~__class_type_info()
 .text._ZN10__cxxabiv117__class_type_infoD0Ev
                0x000039a4       0x1c d:/APP/arm-gcc/bin/../lib/gcc/arm-none-eabi/14.2.1/thumb/v7e-m/nofp\libstdc++.a(class_type_info.o)
                0x000039a4                __cxxabiv1::__class_type_info::~__class_type_info()
 .text._ZNK10__cxxabiv117__class_type_info12__do_dyncastEiNS0_10__sub_kindEPKS0_PKvS3_S5_RNS0_16__dyncast_resultE
                0x000039c0       0x44 d:/APP/arm-gcc/bin/../lib/gcc/arm-none-eabi/14.2.1/thumb/v7e-m/nofp\libstdc++.a(class_type_info.o)
                0x000039c0                __cxxabiv1::__class_type_info::__do_dyncast(int, __cxxabiv1::__class_type_info::__sub_kind, __cxxabiv1::__class_type_info const*, void const*, __cxxabiv1::__class_type_info const*, void const*, __cxxabiv1::__class_type_info::__dyncast_result&) const
 .text._ZNK10__cxxabiv117__class_type_info11__do_upcastEPKS0_PKvRNS0_15__upcast_resultE
                0x00003a04       0x1c d:/APP/arm-gcc/bin/../lib/gcc/arm-none-eabi/14.2.1/thumb/v7e-m/nofp\libstdc++.a(class_type_info.o)
                0x00003a04                __cxxabiv1::__class_type_info::__do_upcast(__cxxabiv1::__class_type_info const*, void const*, __cxxabiv1::__class_type_info::__upcast_result&) const
 .text._ZNK10__cxxabiv117__class_type_info10__do_catchEPKSt9type_infoPPvj
                0x00003a20       0x2c d:/APP/arm-gcc/bin/../lib/gcc/arm-none-eabi/14.2.1/thumb/v7e-m/nofp\libstdc++.a(class_type_info.o)
                0x00003a20                __cxxabiv1::__class_type_info::__do_catch(std::type_info const*, void**, unsigned int) const
 .text.d_make_comp
                0x00003a4c       0xf8 d:/APP/arm-gcc/bin/../lib/gcc/arm-none-eabi/14.2.1/thumb/v7e-m/nofp\libstdc++.a(cp-demangle.o)
 .text.d_number
                0x00003b44       0x70 d:/APP/arm-gcc/bin/../lib/gcc/arm-none-eabi/14.2.1/thumb/v7e-m/nofp\libstdc++.a(cp-demangle.o)
 .text.d_call_offset
                0x00003bb4       0x50 d:/APP/arm-gcc/bin/../lib/gcc/arm-none-eabi/14.2.1/thumb/v7e-m/nofp\libstdc++.a(cp-demangle.o)
 .text.d_discriminator
                0x00003c04       0x48 d:/APP/arm-gcc/bin/../lib/gcc/arm-none-eabi/14.2.1/thumb/v7e-m/nofp\libstdc++.a(cp-demangle.o)
 .text.d_count_templates_scopes
                0x00003c4c       0xfc d:/APP/arm-gcc/bin/../lib/gcc/arm-none-eabi/14.2.1/thumb/v7e-m/nofp\libstdc++.a(cp-demangle.o)
 .text.d_pack_length
                0x00003d48       0x20 d:/APP/arm-gcc/bin/../lib/gcc/arm-none-eabi/14.2.1/thumb/v7e-m/nofp\libstdc++.a(cp-demangle.o)
 .text.d_index_template_argument.part.0
                0x00003d68       0x1c d:/APP/arm-gcc/bin/../lib/gcc/arm-none-eabi/14.2.1/thumb/v7e-m/nofp\libstdc++.a(cp-demangle.o)
 .text.d_growable_string_callback_adapter
                0x00003d84       0x78 d:/APP/arm-gcc/bin/../lib/gcc/arm-none-eabi/14.2.1/thumb/v7e-m/nofp\libstdc++.a(cp-demangle.o)
 .text.next_is_type_qual.isra.0
                0x00003dfc       0x40 d:/APP/arm-gcc/bin/../lib/gcc/arm-none-eabi/14.2.1/thumb/v7e-m/nofp\libstdc++.a(cp-demangle.o)
 .text.d_append_char
                0x00003e3c       0x44 d:/APP/arm-gcc/bin/../lib/gcc/arm-none-eabi/14.2.1/thumb/v7e-m/nofp\libstdc++.a(cp-demangle.o)
 .text.d_lookup_template_argument
                0x00003e80       0x34 d:/APP/arm-gcc/bin/../lib/gcc/arm-none-eabi/14.2.1/thumb/v7e-m/nofp\libstdc++.a(cp-demangle.o)
 .text.d_find_pack
                0x00003eb4       0x94 d:/APP/arm-gcc/bin/../lib/gcc/arm-none-eabi/14.2.1/thumb/v7e-m/nofp\libstdc++.a(cp-demangle.o)
 .text.d_append_string
                0x00003f48       0x70 d:/APP/arm-gcc/bin/../lib/gcc/arm-none-eabi/14.2.1/thumb/v7e-m/nofp\libstdc++.a(cp-demangle.o)
 .text.d_template_param
                0x00003fb8       0x5c d:/APP/arm-gcc/bin/../lib/gcc/arm-none-eabi/14.2.1/thumb/v7e-m/nofp\libstdc++.a(cp-demangle.o)
 .text.d_append_num
                0x00004014       0x84 d:/APP/arm-gcc/bin/../lib/gcc/arm-none-eabi/14.2.1/thumb/v7e-m/nofp\libstdc++.a(cp-demangle.o)
 .text.d_source_name
                0x00004098       0xdc d:/APP/arm-gcc/bin/../lib/gcc/arm-none-eabi/14.2.1/thumb/v7e-m/nofp\libstdc++.a(cp-demangle.o)
 .text.d_substitution
                0x00004174      0x184 d:/APP/arm-gcc/bin/../lib/gcc/arm-none-eabi/14.2.1/thumb/v7e-m/nofp\libstdc++.a(cp-demangle.o)
 .text.d_maybe_module_name
                0x000042f8       0x60 d:/APP/arm-gcc/bin/../lib/gcc/arm-none-eabi/14.2.1/thumb/v7e-m/nofp\libstdc++.a(cp-demangle.o)
 .text.d_type   0x00004358      0x838 d:/APP/arm-gcc/bin/../lib/gcc/arm-none-eabi/14.2.1/thumb/v7e-m/nofp\libstdc++.a(cp-demangle.o)
 .text.d_parmlist
                0x00004b90       0x9c d:/APP/arm-gcc/bin/../lib/gcc/arm-none-eabi/14.2.1/thumb/v7e-m/nofp\libstdc++.a(cp-demangle.o)
 .text.d_bare_function_type
                0x00004c2c       0x48 d:/APP/arm-gcc/bin/../lib/gcc/arm-none-eabi/14.2.1/thumb/v7e-m/nofp\libstdc++.a(cp-demangle.o)
 .text.d_function_type
                0x00004c74       0x8c d:/APP/arm-gcc/bin/../lib/gcc/arm-none-eabi/14.2.1/thumb/v7e-m/nofp\libstdc++.a(cp-demangle.o)
 .text.d_template_parm
                0x00004d00       0x94 d:/APP/arm-gcc/bin/../lib/gcc/arm-none-eabi/14.2.1/thumb/v7e-m/nofp\libstdc++.a(cp-demangle.o)
 .text.d_template_head
                0x00004d94       0x3c d:/APP/arm-gcc/bin/../lib/gcc/arm-none-eabi/14.2.1/thumb/v7e-m/nofp\libstdc++.a(cp-demangle.o)
 .text.d_operator_name
                0x00004dd0      0x100 d:/APP/arm-gcc/bin/../lib/gcc/arm-none-eabi/14.2.1/thumb/v7e-m/nofp\libstdc++.a(cp-demangle.o)
 .text.d_unqualified_name
                0x00004ed0      0x3fc d:/APP/arm-gcc/bin/../lib/gcc/arm-none-eabi/14.2.1/thumb/v7e-m/nofp\libstdc++.a(cp-demangle.o)
 .text.d_expression_1
                0x000052cc      0x4ec d:/APP/arm-gcc/bin/../lib/gcc/arm-none-eabi/14.2.1/thumb/v7e-m/nofp\libstdc++.a(cp-demangle.o)
 .text.d_exprlist
                0x000057b8       0x74 d:/APP/arm-gcc/bin/../lib/gcc/arm-none-eabi/14.2.1/thumb/v7e-m/nofp\libstdc++.a(cp-demangle.o)
 .text.d_cv_qualifiers
                0x0000582c      0x154 d:/APP/arm-gcc/bin/../lib/gcc/arm-none-eabi/14.2.1/thumb/v7e-m/nofp\libstdc++.a(cp-demangle.o)
 .text.d_template_args_1
                0x00005980       0x94 d:/APP/arm-gcc/bin/../lib/gcc/arm-none-eabi/14.2.1/thumb/v7e-m/nofp\libstdc++.a(cp-demangle.o)
 .text.d_prefix
                0x00005a14       0xc0 d:/APP/arm-gcc/bin/../lib/gcc/arm-none-eabi/14.2.1/thumb/v7e-m/nofp\libstdc++.a(cp-demangle.o)
 .text.d_name   0x00005ad4      0x320 d:/APP/arm-gcc/bin/../lib/gcc/arm-none-eabi/14.2.1/thumb/v7e-m/nofp\libstdc++.a(cp-demangle.o)
 .text.d_encoding.part.0
                0x00005df4      0x138 d:/APP/arm-gcc/bin/../lib/gcc/arm-none-eabi/14.2.1/thumb/v7e-m/nofp\libstdc++.a(cp-demangle.o)
 .text.d_special_name
                0x00005f2c      0x49c d:/APP/arm-gcc/bin/../lib/gcc/arm-none-eabi/14.2.1/thumb/v7e-m/nofp\libstdc++.a(cp-demangle.o)
 .text.d_expr_primary
                0x000063c8      0x11c d:/APP/arm-gcc/bin/../lib/gcc/arm-none-eabi/14.2.1/thumb/v7e-m/nofp\libstdc++.a(cp-demangle.o)
 .text.d_template_arg
                0x000064e4       0x58 d:/APP/arm-gcc/bin/../lib/gcc/arm-none-eabi/14.2.1/thumb/v7e-m/nofp\libstdc++.a(cp-demangle.o)
 .text.d_print_comp_inner
                0x0000653c     0x2b8c d:/APP/arm-gcc/bin/../lib/gcc/arm-none-eabi/14.2.1/thumb/v7e-m/nofp\libstdc++.a(cp-demangle.o)
 .text.d_print_comp
                0x000090c8       0x5c d:/APP/arm-gcc/bin/../lib/gcc/arm-none-eabi/14.2.1/thumb/v7e-m/nofp\libstdc++.a(cp-demangle.o)
 .text.d_print_mod
                0x00009124      0x738 d:/APP/arm-gcc/bin/../lib/gcc/arm-none-eabi/14.2.1/thumb/v7e-m/nofp\libstdc++.a(cp-demangle.o)
 .text.d_print_function_type
                0x0000985c      0x260 d:/APP/arm-gcc/bin/../lib/gcc/arm-none-eabi/14.2.1/thumb/v7e-m/nofp\libstdc++.a(cp-demangle.o)
 .text.d_print_mod_list
                0x00009abc      0x2b8 d:/APP/arm-gcc/bin/../lib/gcc/arm-none-eabi/14.2.1/thumb/v7e-m/nofp\libstdc++.a(cp-demangle.o)
 .text.d_print_array_type
                0x00009d74      0x1d4 d:/APP/arm-gcc/bin/../lib/gcc/arm-none-eabi/14.2.1/thumb/v7e-m/nofp\libstdc++.a(cp-demangle.o)
 .text.d_print_expr_op
                0x00009f48       0x7c d:/APP/arm-gcc/bin/../lib/gcc/arm-none-eabi/14.2.1/thumb/v7e-m/nofp\libstdc++.a(cp-demangle.o)
 .text.d_demangle_callback.constprop.0
                0x00009fc4      0x380 d:/APP/arm-gcc/bin/../lib/gcc/arm-none-eabi/14.2.1/thumb/v7e-m/nofp\libstdc++.a(cp-demangle.o)
 .text.d_print_subexpr
                0x0000a344      0x114 d:/APP/arm-gcc/bin/../lib/gcc/arm-none-eabi/14.2.1/thumb/v7e-m/nofp\libstdc++.a(cp-demangle.o)
 .text.d_maybe_print_fold_expression
                0x0000a458      0x288 d:/APP/arm-gcc/bin/../lib/gcc/arm-none-eabi/14.2.1/thumb/v7e-m/nofp\libstdc++.a(cp-demangle.o)
 .text.d_maybe_print_designated_init
                0x0000a6e0      0x1fc d:/APP/arm-gcc/bin/../lib/gcc/arm-none-eabi/14.2.1/thumb/v7e-m/nofp\libstdc++.a(cp-demangle.o)
 .text.__cxa_demangle
                0x0000a8dc       0xc0 d:/APP/arm-gcc/bin/../lib/gcc/arm-none-eabi/14.2.1/thumb/v7e-m/nofp\libstdc++.a(cp-demangle.o)
                0x0000a8dc                __cxa_demangle
 .text.__cxa_end_cleanup
                0x0000a99c        0xc d:/APP/arm-gcc/bin/../lib/gcc/arm-none-eabi/14.2.1/thumb/v7e-m/nofp\libstdc++.a(eh_arm.o)
                0x0000a99c                __cxa_end_cleanup
 .text.__cxa_type_match
                0x0000a9a8       0xb0 d:/APP/arm-gcc/bin/../lib/gcc/arm-none-eabi/14.2.1/thumb/v7e-m/nofp\libstdc++.a(eh_arm.o)
                0x0000a9a8                __cxa_type_match
 .text.__cxa_begin_cleanup
                0x0000aa58       0x64 d:/APP/arm-gcc/bin/../lib/gcc/arm-none-eabi/14.2.1/thumb/v7e-m/nofp\libstdc++.a(eh_arm.o)
                0x0000aa58                __cxa_begin_cleanup
 .text.__gnu_end_cleanup
                0x0000aabc       0x70 d:/APP/arm-gcc/bin/../lib/gcc/arm-none-eabi/14.2.1/thumb/v7e-m/nofp\libstdc++.a(eh_arm.o)
                0x0000aabc                __gnu_end_cleanup
 .text.__cxa_begin_catch
                0x0000ab2c       0x7c d:/APP/arm-gcc/bin/../lib/gcc/arm-none-eabi/14.2.1/thumb/v7e-m/nofp\libstdc++.a(eh_catch.o)
                0x0000ab2c                __cxa_begin_catch
 .text.__cxa_end_catch
                0x0000aba8       0x8c d:/APP/arm-gcc/bin/../lib/gcc/arm-none-eabi/14.2.1/thumb/v7e-m/nofp\libstdc++.a(eh_catch.o)
                0x0000aba8                __cxa_end_catch
 .text.__cxa_get_globals_fast
                0x0000ac34        0x8 d:/APP/arm-gcc/bin/../lib/gcc/arm-none-eabi/14.2.1/thumb/v7e-m/nofp\libstdc++.a(eh_globals.o)
                0x0000ac34                __cxa_get_globals_fast
 .text.__cxa_get_globals
                0x0000ac3c        0x8 d:/APP/arm-gcc/bin/../lib/gcc/arm-none-eabi/14.2.1/thumb/v7e-m/nofp\libstdc++.a(eh_globals.o)
                0x0000ac3c                __cxa_get_globals
 .text._ZL28read_encoded_value_with_basehjPKhPj
                0x0000ac44       0xc0 d:/APP/arm-gcc/bin/../lib/gcc/arm-none-eabi/14.2.1/thumb/v7e-m/nofp\libstdc++.a(eh_personality.o)
 .text._ZL21base_of_encoded_valuehP15_Unwind_Context
                0x0000ad04       0x44 d:/APP/arm-gcc/bin/../lib/gcc/arm-none-eabi/14.2.1/thumb/v7e-m/nofp\libstdc++.a(eh_personality.o)
 .text._ZL17parse_lsda_headerP15_Unwind_ContextPKhP16lsda_header_info
                0x0000ad48       0x90 d:/APP/arm-gcc/bin/../lib/gcc/arm-none-eabi/14.2.1/thumb/v7e-m/nofp\libstdc++.a(eh_personality.o)
 .text.__gxx_personality_v0
                0x0000add8      0x474 d:/APP/arm-gcc/bin/../lib/gcc/arm-none-eabi/14.2.1/thumb/v7e-m/nofp\libstdc++.a(eh_personality.o)
                0x0000add8                __gxx_personality_v0
 .text.__cxa_current_exception_type
                0x0000b24c       0x1c d:/APP/arm-gcc/bin/../lib/gcc/arm-none-eabi/14.2.1/thumb/v7e-m/nofp\libstdc++.a(eh_type.o)
                0x0000b24c                __cxa_current_exception_type
 .text.unlikely._ZN10__cxxabiv1L24__is_gxx_exception_classEPc
                0x0000b268       0x3a d:/APP/arm-gcc/bin/../lib/gcc/arm-none-eabi/14.2.1/thumb/v7e-m/nofp\libstdc++.a(eh_call.o)
 .text.unlikely.__cxa_call_terminate
                0x0000b2a2       0x1e d:/APP/arm-gcc/bin/../lib/gcc/arm-none-eabi/14.2.1/thumb/v7e-m/nofp\libstdc++.a(eh_call.o)
                0x0000b2a2                __cxa_call_terminate
 .text.unlikely.__cxa_call_unexpected
                0x0000b2c0       0xd8 d:/APP/arm-gcc/bin/../lib/gcc/arm-none-eabi/14.2.1/thumb/v7e-m/nofp\libstdc++.a(eh_call.o)
                0x0000b2c0                __cxa_call_unexpected
 .text.selfrel_offset31
                0x0000b398       0x14 d:/APP/arm-gcc/bin/../lib/gcc/arm-none-eabi/14.2.1/thumb/v7e-m/nofp\libgcc.a(unwind-arm.o)
 .text.search_EIT_table
                0x0000b3ac       0x68 d:/APP/arm-gcc/bin/../lib/gcc/arm-none-eabi/14.2.1/thumb/v7e-m/nofp\libgcc.a(unwind-arm.o)
 .text.__gnu_unwind_get_pr_addr
                0x0000b414       0x28 d:/APP/arm-gcc/bin/../lib/gcc/arm-none-eabi/14.2.1/thumb/v7e-m/nofp\libgcc.a(unwind-arm.o)
 .text.get_eit_entry
                0x0000b43c       0x98 d:/APP/arm-gcc/bin/../lib/gcc/arm-none-eabi/14.2.1/thumb/v7e-m/nofp\libgcc.a(unwind-arm.o)
 .text.restore_non_core_regs
                0x0000b4d4       0x58 d:/APP/arm-gcc/bin/../lib/gcc/arm-none-eabi/14.2.1/thumb/v7e-m/nofp\libgcc.a(unwind-arm.o)
 .text._Unwind_decode_typeinfo_ptr.constprop.0
                0x0000b52c        0xc d:/APP/arm-gcc/bin/../lib/gcc/arm-none-eabi/14.2.1/thumb/v7e-m/nofp\libgcc.a(unwind-arm.o)
 .text._Unwind_DebugHook
                0x0000b538        0x4 d:/APP/arm-gcc/bin/../lib/gcc/arm-none-eabi/14.2.1/thumb/v7e-m/nofp\libgcc.a(unwind-arm.o)
 .text.unwind_phase2
                0x0000b53c       0x3c d:/APP/arm-gcc/bin/../lib/gcc/arm-none-eabi/14.2.1/thumb/v7e-m/nofp\libgcc.a(unwind-arm.o)
 .text.unwind_phase2_forced
                0x0000b578       0xdc d:/APP/arm-gcc/bin/../lib/gcc/arm-none-eabi/14.2.1/thumb/v7e-m/nofp\libgcc.a(unwind-arm.o)
 .text.__gnu_Unwind_RaiseException
                0x0000b654       0x6c d:/APP/arm-gcc/bin/../lib/gcc/arm-none-eabi/14.2.1/thumb/v7e-m/nofp\libgcc.a(unwind-arm.o)
                0x0000b654                __gnu_Unwind_RaiseException
 .text.__gnu_Unwind_ForcedUnwind
                0x0000b6c0       0x10 d:/APP/arm-gcc/bin/../lib/gcc/arm-none-eabi/14.2.1/thumb/v7e-m/nofp\libgcc.a(unwind-arm.o)
                0x0000b6c0                __gnu_Unwind_ForcedUnwind
 .text.__gnu_Unwind_Resume
                0x0000b6d0       0x44 d:/APP/arm-gcc/bin/../lib/gcc/arm-none-eabi/14.2.1/thumb/v7e-m/nofp\libgcc.a(unwind-arm.o)
                0x0000b6d0                __gnu_Unwind_Resume
 .text.__gnu_Unwind_Resume_or_Rethrow
                0x0000b714       0x1c d:/APP/arm-gcc/bin/../lib/gcc/arm-none-eabi/14.2.1/thumb/v7e-m/nofp\libgcc.a(unwind-arm.o)
                0x0000b714                __gnu_Unwind_Resume_or_Rethrow
 .text._Unwind_Complete
                0x0000b730        0x4 d:/APP/arm-gcc/bin/../lib/gcc/arm-none-eabi/14.2.1/thumb/v7e-m/nofp\libgcc.a(unwind-arm.o)
                0x0000b730                _Unwind_Complete
 .text._Unwind_DeleteException
                0x0000b734        0xc d:/APP/arm-gcc/bin/../lib/gcc/arm-none-eabi/14.2.1/thumb/v7e-m/nofp\libgcc.a(unwind-arm.o)
                0x0000b734                _Unwind_DeleteException
 .text._Unwind_VRS_Get
                0x0000b740       0x34 d:/APP/arm-gcc/bin/../lib/gcc/arm-none-eabi/14.2.1/thumb/v7e-m/nofp\libgcc.a(unwind-arm.o)
                0x0000b740                _Unwind_VRS_Get
 .text._Unwind_GetGR
                0x0000b774       0x1c d:/APP/arm-gcc/bin/../lib/gcc/arm-none-eabi/14.2.1/thumb/v7e-m/nofp\libgcc.a(unwind-arm.o)
 .text._Unwind_VRS_Set
                0x0000b790       0x34 d:/APP/arm-gcc/bin/../lib/gcc/arm-none-eabi/14.2.1/thumb/v7e-m/nofp\libgcc.a(unwind-arm.o)
                0x0000b790                _Unwind_VRS_Set
 .text._Unwind_SetGR
                0x0000b7c4       0x18 d:/APP/arm-gcc/bin/../lib/gcc/arm-none-eabi/14.2.1/thumb/v7e-m/nofp\libgcc.a(unwind-arm.o)
 .text.__gnu_Unwind_Backtrace
                0x0000b7dc       0x90 d:/APP/arm-gcc/bin/../lib/gcc/arm-none-eabi/14.2.1/thumb/v7e-m/nofp\libgcc.a(unwind-arm.o)
                0x0000b7dc                __gnu_Unwind_Backtrace
 .text.__gnu_unwind_pr_common
                0x0000b86c      0x2a8 d:/APP/arm-gcc/bin/../lib/gcc/arm-none-eabi/14.2.1/thumb/v7e-m/nofp\libgcc.a(unwind-arm.o)
 .text.__aeabi_unwind_cpp_pr0
                0x0000bb14        0x8 d:/APP/arm-gcc/bin/../lib/gcc/arm-none-eabi/14.2.1/thumb/v7e-m/nofp\libgcc.a(unwind-arm.o)
                0x0000bb14                __aeabi_unwind_cpp_pr0
 .text.__aeabi_unwind_cpp_pr1
                0x0000bb1c        0x8 d:/APP/arm-gcc/bin/../lib/gcc/arm-none-eabi/14.2.1/thumb/v7e-m/nofp\libgcc.a(unwind-arm.o)
                0x0000bb1c                __aeabi_unwind_cpp_pr1
 .text.__aeabi_unwind_cpp_pr2
                0x0000bb24        0x8 d:/APP/arm-gcc/bin/../lib/gcc/arm-none-eabi/14.2.1/thumb/v7e-m/nofp\libgcc.a(unwind-arm.o)
                0x0000bb24                __aeabi_unwind_cpp_pr2
 .text._Unwind_VRS_Pop
                0x0000bb2c      0x2ec d:/APP/arm-gcc/bin/../lib/gcc/arm-none-eabi/14.2.1/thumb/v7e-m/nofp\libgcc.a(unwind-arm.o)
                0x0000bb2c                _Unwind_VRS_Pop
 .text.next_unwind_byte
                0x0000be18       0x38 d:/APP/arm-gcc/bin/../lib/gcc/arm-none-eabi/14.2.1/thumb/v7e-m/nofp\libgcc.a(pr-support.o)
 .text._Unwind_GetGR.constprop.0
                0x0000be50       0x1c d:/APP/arm-gcc/bin/../lib/gcc/arm-none-eabi/14.2.1/thumb/v7e-m/nofp\libgcc.a(pr-support.o)
 .text.unwind_UCB_from_context
                0x0000be6c        0x4 d:/APP/arm-gcc/bin/../lib/gcc/arm-none-eabi/14.2.1/thumb/v7e-m/nofp\libgcc.a(pr-support.o)
 .text.__gnu_unwind_execute
                0x0000be70      0x300 d:/APP/arm-gcc/bin/../lib/gcc/arm-none-eabi/14.2.1/thumb/v7e-m/nofp\libgcc.a(pr-support.o)
                0x0000be70                __gnu_unwind_execute
 .text.__gnu_unwind_frame
                0x0000c170       0x2c d:/APP/arm-gcc/bin/../lib/gcc/arm-none-eabi/14.2.1/thumb/v7e-m/nofp\libgcc.a(pr-support.o)
                0x0000c170                __gnu_unwind_frame
 .text._Unwind_GetRegionStart
                0x0000c19c        0xc d:/APP/arm-gcc/bin/../lib/gcc/arm-none-eabi/14.2.1/thumb/v7e-m/nofp\libgcc.a(pr-support.o)
                0x0000c19c                _Unwind_GetRegionStart
 .text._Unwind_GetLanguageSpecificData
                0x0000c1a8       0x14 d:/APP/arm-gcc/bin/../lib/gcc/arm-none-eabi/14.2.1/thumb/v7e-m/nofp\libgcc.a(pr-support.o)
                0x0000c1a8                _Unwind_GetLanguageSpecificData
 .text.unlikely._Unwind_GetDataRelBase
                0x0000c1bc        0x6 d:/APP/arm-gcc/bin/../lib/gcc/arm-none-eabi/14.2.1/thumb/v7e-m/nofp\libgcc.a(pr-support.o)
                0x0000c1bc                _Unwind_GetDataRelBase
 .text.unlikely._Unwind_GetTextRelBase
                0x0000c1c2        0x6 d:/APP/arm-gcc/bin/../lib/gcc/arm-none-eabi/14.2.1/thumb/v7e-m/nofp\libgcc.a(pr-support.o)
                0x0000c1c2                _Unwind_GetTextRelBase
 .text.abort    0x0000c1c8       0x10 d:/APP/arm-gcc/bin/../lib/gcc/arm-none-eabi/14.2.1/thumb/v7e-m/nofp\libg.a(libc_a-abort.o)
                0x0000c1c8                abort
 .text.getenv   0x0000c1d8       0x1c d:/APP/arm-gcc/bin/../lib/gcc/arm-none-eabi/14.2.1/thumb/v7e-m/nofp\libg.a(libc_a-getenv.o)
                0x0000c1d8                getenv
 .text._findenv_r
                0x0000c1f4       0x80 d:/APP/arm-gcc/bin/../lib/gcc/arm-none-eabi/14.2.1/thumb/v7e-m/nofp\libg.a(libc_a-getenv_r.o)
                0x0000c1f4                _findenv_r
 .text.malloc   0x0000c274       0x10 d:/APP/arm-gcc/bin/../lib/gcc/arm-none-eabi/14.2.1/thumb/v7e-m/nofp\libg.a(libc_a-malloc.o)
                0x0000c274                malloc
 .text.free     0x0000c284       0x10 d:/APP/arm-gcc/bin/../lib/gcc/arm-none-eabi/14.2.1/thumb/v7e-m/nofp\libg.a(libc_a-malloc.o)
                0x0000c284                free
 .text._malloc_r
                0x0000c294      0x598 d:/APP/arm-gcc/bin/../lib/gcc/arm-none-eabi/14.2.1/thumb/v7e-m/nofp\libg.a(libc_a-mallocr.o)
                0x0000c294                _malloc_r
 .text.__malloc_lock
                0x0000c82c        0xc d:/APP/arm-gcc/bin/../lib/gcc/arm-none-eabi/14.2.1/thumb/v7e-m/nofp\libg.a(libc_a-mlock.o)
                0x0000c82c                __malloc_lock
 .text.__malloc_unlock
                0x0000c838        0xc d:/APP/arm-gcc/bin/../lib/gcc/arm-none-eabi/14.2.1/thumb/v7e-m/nofp\libg.a(libc_a-mlock.o)
                0x0000c838                __malloc_unlock
 .text.realloc  0x0000c844       0x18 d:/APP/arm-gcc/bin/../lib/gcc/arm-none-eabi/14.2.1/thumb/v7e-m/nofp\libg.a(libc_a-realloc.o)
                0x0000c844                realloc
 .text._realloc_r
                0x0000c85c      0x348 d:/APP/arm-gcc/bin/../lib/gcc/arm-none-eabi/14.2.1/thumb/v7e-m/nofp\libg.a(libc_a-reallocr.o)
                0x0000c85c                _realloc_r
 .text._strtoul_l.isra.0
                0x0000cba4      0x134 d:/APP/arm-gcc/bin/../lib/gcc/arm-none-eabi/14.2.1/thumb/v7e-m/nofp\libg.a(libc_a-strtoul.o)
 .text.strtoul  0x0000ccd8       0x18 d:/APP/arm-gcc/bin/../lib/gcc/arm-none-eabi/14.2.1/thumb/v7e-m/nofp\libg.a(libc_a-strtoul.o)
                0x0000ccd8                strtoul
 .text.__cxa_atexit
                0x0000ccf0        0xc d:/APP/arm-gcc/bin/../lib/gcc/arm-none-eabi/14.2.1/thumb/v7e-m/nofp\libg.a(libc_a-cxa_atexit.o)
                0x0000ccf0                __cxa_atexit
 .text.stdio_exit_handler
                0x0000ccfc       0x18 d:/APP/arm-gcc/bin/../lib/gcc/arm-none-eabi/14.2.1/thumb/v7e-m/nofp\libg.a(libc_a-findfp.o)
 .text.cleanup_stdio
                0x0000cd14       0x40 d:/APP/arm-gcc/bin/../lib/gcc/arm-none-eabi/14.2.1/thumb/v7e-m/nofp\libg.a(libc_a-findfp.o)
 .text.global_stdio_init.part.0
                0x0000cd54       0xf0 d:/APP/arm-gcc/bin/../lib/gcc/arm-none-eabi/14.2.1/thumb/v7e-m/nofp\libg.a(libc_a-findfp.o)
 .text.__sinit  0x0000ce44       0x3c d:/APP/arm-gcc/bin/../lib/gcc/arm-none-eabi/14.2.1/thumb/v7e-m/nofp\libg.a(libc_a-findfp.o)
                0x0000ce44                __sinit
 .text.__sfp_lock_acquire
                0x0000ce80        0xc d:/APP/arm-gcc/bin/../lib/gcc/arm-none-eabi/14.2.1/thumb/v7e-m/nofp\libg.a(libc_a-findfp.o)
                0x0000ce80                __sfp_lock_acquire
 .text.__sfp_lock_release
                0x0000ce8c        0xc d:/APP/arm-gcc/bin/../lib/gcc/arm-none-eabi/14.2.1/thumb/v7e-m/nofp\libg.a(libc_a-findfp.o)
                0x0000ce8c                __sfp_lock_release
 .text.fputc    0x0000ce98       0x58 d:/APP/arm-gcc/bin/../lib/gcc/arm-none-eabi/14.2.1/thumb/v7e-m/nofp\libg.a(libc_a-fputc.o)
                0x0000ce98                fputc
 .text._fputs_r
                0x0000cef0       0xa8 d:/APP/arm-gcc/bin/../lib/gcc/arm-none-eabi/14.2.1/thumb/v7e-m/nofp\libg.a(libc_a-fputs.o)
                0x0000cef0                _fputs_r
 .text.fputs    0x0000cf98       0x18 d:/APP/arm-gcc/bin/../lib/gcc/arm-none-eabi/14.2.1/thumb/v7e-m/nofp\libg.a(libc_a-fputs.o)
                0x0000cf98                fputs
 .text.__sfvwrite_r
                0x0000cfb0      0x2d8 d:/APP/arm-gcc/bin/../lib/gcc/arm-none-eabi/14.2.1/thumb/v7e-m/nofp\libg.a(libc_a-fvwrite.o)
                0x0000cfb0                __sfvwrite_r
 .text._fwalk_sglue
                0x0000d288       0x44 d:/APP/arm-gcc/bin/../lib/gcc/arm-none-eabi/14.2.1/thumb/v7e-m/nofp\libg.a(libc_a-fwalk.o)
                0x0000d288                _fwalk_sglue
 .text._fwrite_r
                0x0000d2cc       0xd8 d:/APP/arm-gcc/bin/../lib/gcc/arm-none-eabi/14.2.1/thumb/v7e-m/nofp\libg.a(libc_a-fwrite.o)
                0x0000d2cc                _fwrite_r
 .text.fwrite   0x0000d3a4       0x20 d:/APP/arm-gcc/bin/../lib/gcc/arm-none-eabi/14.2.1/thumb/v7e-m/nofp\libg.a(libc_a-fwrite.o)
                0x0000d3a4                fwrite
 .text._putc_r  0x0000d3c4       0x78 d:/APP/arm-gcc/bin/../lib/gcc/arm-none-eabi/14.2.1/thumb/v7e-m/nofp\libg.a(libc_a-putc.o)
                0x0000d3c4                _putc_r
 .text.sprintf  0x0000d43c       0x44 d:/APP/arm-gcc/bin/../lib/gcc/arm-none-eabi/14.2.1/thumb/v7e-m/nofp\libg.a(libc_a-sprintf.o)
                0x0000d43c                sprintf
 .text.__sread  0x0000d480       0x24 d:/APP/arm-gcc/bin/../lib/gcc/arm-none-eabi/14.2.1/thumb/v7e-m/nofp\libg.a(libc_a-stdio.o)
                0x0000d480                __sread
 .text.__swrite
                0x0000d4a4       0x40 d:/APP/arm-gcc/bin/../lib/gcc/arm-none-eabi/14.2.1/thumb/v7e-m/nofp\libg.a(libc_a-stdio.o)
                0x0000d4a4                __swrite
 .text.__sseek  0x0000d4e4       0x24 d:/APP/arm-gcc/bin/../lib/gcc/arm-none-eabi/14.2.1/thumb/v7e-m/nofp\libg.a(libc_a-stdio.o)
                0x0000d4e4                __sseek
 .text.__sclose
                0x0000d508        0x8 d:/APP/arm-gcc/bin/../lib/gcc/arm-none-eabi/14.2.1/thumb/v7e-m/nofp\libg.a(libc_a-stdio.o)
                0x0000d508                __sclose
 .text.__swbuf_r
                0x0000d510       0xac d:/APP/arm-gcc/bin/../lib/gcc/arm-none-eabi/14.2.1/thumb/v7e-m/nofp\libg.a(libc_a-wbuf.o)
                0x0000d510                __swbuf_r
 .text.__swsetup_r
                0x0000d5bc       0xfc d:/APP/arm-gcc/bin/../lib/gcc/arm-none-eabi/14.2.1/thumb/v7e-m/nofp\libg.a(libc_a-wsetup.o)
                0x0000d5bc                __swsetup_r
 .text.memcmp   0x0000d6b8       0x5c d:/APP/arm-gcc/bin/../lib/gcc/arm-none-eabi/14.2.1/thumb/v7e-m/nofp\libg.a(libc_a-memcmp.o)
                0x0000d6b8                memcmp
 .text.memmove  0x0000d714       0xf8 d:/APP/arm-gcc/bin/../lib/gcc/arm-none-eabi/14.2.1/thumb/v7e-m/nofp\libg.a(libc_a-memmove.o)
                0x0000d714                memmove
 .text.memset   0x0000d80c       0x9c d:/APP/arm-gcc/bin/../lib/gcc/arm-none-eabi/14.2.1/thumb/v7e-m/nofp\libg.a(libc_a-memset.o)
                0x0000d80c                memset
 .text.strchr   0x0000d8a8       0xd0 d:/APP/arm-gcc/bin/../lib/gcc/arm-none-eabi/14.2.1/thumb/v7e-m/nofp\libg.a(libc_a-strchr.o)
                0x0000d8a8                strchr
 .text.strncmp  0x0000d978       0x78 d:/APP/arm-gcc/bin/../lib/gcc/arm-none-eabi/14.2.1/thumb/v7e-m/nofp\libg.a(libc_a-strncmp.o)
                0x0000d978                strncmp
 .text.raise    0x0000d9f0       0x58 d:/APP/arm-gcc/bin/../lib/gcc/arm-none-eabi/14.2.1/thumb/v7e-m/nofp\libg.a(libc_a-signal.o)
                0x0000d9f0                raise
 .text._close_r
                0x0000da48       0x24 d:/APP/arm-gcc/bin/../lib/gcc/arm-none-eabi/14.2.1/thumb/v7e-m/nofp\libg.a(libc_a-closer.o)
                0x0000da48                _close_r
 .text._lseek_r
                0x0000da6c       0x2c d:/APP/arm-gcc/bin/../lib/gcc/arm-none-eabi/14.2.1/thumb/v7e-m/nofp\libg.a(libc_a-lseekr.o)
                0x0000da6c                _lseek_r
 .text._read_r  0x0000da98       0x2c d:/APP/arm-gcc/bin/../lib/gcc/arm-none-eabi/14.2.1/thumb/v7e-m/nofp\libg.a(libc_a-readr.o)
                0x0000da98                _read_r
 .text._kill_r  0x0000dac4       0x2c d:/APP/arm-gcc/bin/../lib/gcc/arm-none-eabi/14.2.1/thumb/v7e-m/nofp\libg.a(libc_a-signalr.o)
                0x0000dac4                _kill_r
 .text._getpid_r
                0x0000daf0        0x4 d:/APP/arm-gcc/bin/../lib/gcc/arm-none-eabi/14.2.1/thumb/v7e-m/nofp\libg.a(libc_a-signalr.o)
                0x0000daf0                _getpid_r
 .text._sbrk_r  0x0000daf4       0x24 d:/APP/arm-gcc/bin/../lib/gcc/arm-none-eabi/14.2.1/thumb/v7e-m/nofp\libg.a(libc_a-sbrkr.o)
                0x0000daf4                _sbrk_r
 .text._write_r
                0x0000db18       0x2c d:/APP/arm-gcc/bin/../lib/gcc/arm-none-eabi/14.2.1/thumb/v7e-m/nofp\libg.a(libc_a-writer.o)
                0x0000db18                _write_r
 .text.__libc_init_array
                0x0000db44       0x50 d:/APP/arm-gcc/bin/../lib/gcc/arm-none-eabi/14.2.1/thumb/v7e-m/nofp\libg.a(libc_a-init.o)
                0x0000db44                __libc_init_array
 .text.__retarget_lock_init_recursive
                0x0000db94        0x4 d:/APP/arm-gcc/bin/../lib/gcc/arm-none-eabi/14.2.1/thumb/v7e-m/nofp\libg.a(libc_a-lock.o)
                0x0000db94                __retarget_lock_init_recursive
 .text.__retarget_lock_close_recursive
                0x0000db98        0x4 d:/APP/arm-gcc/bin/../lib/gcc/arm-none-eabi/14.2.1/thumb/v7e-m/nofp\libg.a(libc_a-lock.o)
                0x0000db98                __retarget_lock_close_recursive
 .text.__retarget_lock_acquire_recursive
                0x0000db9c        0x4 d:/APP/arm-gcc/bin/../lib/gcc/arm-none-eabi/14.2.1/thumb/v7e-m/nofp\libg.a(libc_a-lock.o)
                0x0000db9c                __retarget_lock_acquire_recursive
 .text.__retarget_lock_release_recursive
                0x0000dba0        0x4 d:/APP/arm-gcc/bin/../lib/gcc/arm-none-eabi/14.2.1/thumb/v7e-m/nofp\libg.a(libc_a-lock.o)
                0x0000dba0                __retarget_lock_release_recursive
 .text.sysconf  0x0000dba4       0x1c d:/APP/arm-gcc/bin/../lib/gcc/arm-none-eabi/14.2.1/thumb/v7e-m/nofp\libg.a(libc_a-sysconf.o)
                0x0000dba4                sysconf
 .text.__register_exitproc
                0x0000dbc0       0x80 d:/APP/arm-gcc/bin/../lib/gcc/arm-none-eabi/14.2.1/thumb/v7e-m/nofp\libg.a(libc_a-__atexit.o)
                0x0000dbc0                __register_exitproc
 .text.startup.register_fini
                0x0000dc40       0x14 d:/APP/arm-gcc/bin/../lib/gcc/arm-none-eabi/14.2.1/thumb/v7e-m/nofp\libg.a(libc_a-__call_atexit.o)
 .text.atexit   0x0000dc54        0xc d:/APP/arm-gcc/bin/../lib/gcc/arm-none-eabi/14.2.1/thumb/v7e-m/nofp\libg.a(libc_a-atexit.o)
                0x0000dc54                atexit
 .text.__env_lock
                0x0000dc60        0xc d:/APP/arm-gcc/bin/../lib/gcc/arm-none-eabi/14.2.1/thumb/v7e-m/nofp\libg.a(libc_a-envlock.o)
                0x0000dc60                __env_lock
 .text.__env_unlock
                0x0000dc6c        0xc d:/APP/arm-gcc/bin/../lib/gcc/arm-none-eabi/14.2.1/thumb/v7e-m/nofp\libg.a(libc_a-envlock.o)
                0x0000dc6c                __env_unlock
 .text._malloc_trim_r
                0x0000dc78       0xb8 d:/APP/arm-gcc/bin/../lib/gcc/arm-none-eabi/14.2.1/thumb/v7e-m/nofp\libg.a(libc_a-freer.o)
                0x0000dc78                _malloc_trim_r
 .text._free_r  0x0000dd30      0x1f0 d:/APP/arm-gcc/bin/../lib/gcc/arm-none-eabi/14.2.1/thumb/v7e-m/nofp\libg.a(libc_a-freer.o)
                0x0000dd30                _free_r
 .text._svfprintf_r
                0x0000df20     0x2210 d:/APP/arm-gcc/bin/../lib/gcc/arm-none-eabi/14.2.1/thumb/v7e-m/nofp\libg.a(libc_a-svfprintf.o)
                0x0000df20                _svfprintf_r
 .text.__ssprint_r
                0x00010130       0x58 d:/APP/arm-gcc/bin/../lib/gcc/arm-none-eabi/14.2.1/thumb/v7e-m/nofp\libg.a(libc_a-ssprint_r.o)
                0x00010130                __ssprint_r
 .text._fclose_r
                0x00010188       0xc0 d:/APP/arm-gcc/bin/../lib/gcc/arm-none-eabi/14.2.1/thumb/v7e-m/nofp\libg.a(libc_a-fclose.o)
                0x00010188                _fclose_r
 .text.__sflush_r
                0x00010248      0x124 d:/APP/arm-gcc/bin/../lib/gcc/arm-none-eabi/14.2.1/thumb/v7e-m/nofp\libg.a(libc_a-fflush.o)
                0x00010248                __sflush_r
 .text._fflush_r
                0x0001036c       0x54 d:/APP/arm-gcc/bin/../lib/gcc/arm-none-eabi/14.2.1/thumb/v7e-m/nofp\libg.a(libc_a-fflush.o)
                0x0001036c                _fflush_r
 .text.__smakebuf_r
                0x000103c0       0xd0 d:/APP/arm-gcc/bin/../lib/gcc/arm-none-eabi/14.2.1/thumb/v7e-m/nofp\libg.a(libc_a-makebuf.o)
                0x000103c0                __smakebuf_r
 .text.strncpy  0x00010490       0x68 d:/APP/arm-gcc/bin/../lib/gcc/arm-none-eabi/14.2.1/thumb/v7e-m/nofp\libg.a(libc_a-strncpy.o)
                0x00010490                strncpy
 .text.__locale_mb_cur_max
                0x000104f8        0xc d:/APP/arm-gcc/bin/../lib/gcc/arm-none-eabi/14.2.1/thumb/v7e-m/nofp\libg.a(libc_a-locale.o)
                0x000104f8                __locale_mb_cur_max
 .text._localeconv_r
                0x00010504        0x8 d:/APP/arm-gcc/bin/../lib/gcc/arm-none-eabi/14.2.1/thumb/v7e-m/nofp\libg.a(libc_a-localeconv.o)
                0x00010504                _localeconv_r
 .text._fstat_r
                0x0001050c       0x2c d:/APP/arm-gcc/bin/../lib/gcc/arm-none-eabi/14.2.1/thumb/v7e-m/nofp\libg.a(libc_a-fstatr.o)
                0x0001050c                _fstat_r
 .text._isatty_r
                0x00010538       0x24 d:/APP/arm-gcc/bin/../lib/gcc/arm-none-eabi/14.2.1/thumb/v7e-m/nofp\libg.a(libc_a-isattyr.o)
                0x00010538                _isatty_r
 .text.__errno  0x0001055c        0xc d:/APP/arm-gcc/bin/../lib/gcc/arm-none-eabi/14.2.1/thumb/v7e-m/nofp\libg.a(libc_a-errno.o)
                0x0001055c                __errno
 .text.__libc_fini_array
                0x00010568       0x28 d:/APP/arm-gcc/bin/../lib/gcc/arm-none-eabi/14.2.1/thumb/v7e-m/nofp\libg.a(libc_a-fini.o)
                0x00010568                __libc_fini_array
 .text.frexp    0x00010590       0x6c d:/APP/arm-gcc/bin/../lib/gcc/arm-none-eabi/14.2.1/thumb/v7e-m/nofp\libg.a(libm_a-s_frexp.o)
                0x00010590                frexp
 .text.quorem   0x000105fc      0x12c d:/APP/arm-gcc/bin/../lib/gcc/arm-none-eabi/14.2.1/thumb/v7e-m/nofp\libg.a(libc_a-dtoa.o)
 .text._dtoa_r  0x00010728     0x1044 d:/APP/arm-gcc/bin/../lib/gcc/arm-none-eabi/14.2.1/thumb/v7e-m/nofp\libg.a(libc_a-dtoa.o)
                0x00010728                _dtoa_r
 .text.__ascii_mbtowc
                0x0001176c       0x2c d:/APP/arm-gcc/bin/../lib/gcc/arm-none-eabi/14.2.1/thumb/v7e-m/nofp\libg.a(libc_a-mbtowc_r.o)
                0x0001176c                __ascii_mbtowc
 .text._Balloc  0x00011798       0x4c d:/APP/arm-gcc/bin/../lib/gcc/arm-none-eabi/14.2.1/thumb/v7e-m/nofp\libg.a(libc_a-mprec.o)
                0x00011798                _Balloc
 .text._Bfree   0x000117e4       0x14 d:/APP/arm-gcc/bin/../lib/gcc/arm-none-eabi/14.2.1/thumb/v7e-m/nofp\libg.a(libc_a-mprec.o)
                0x000117e4                _Bfree
 .text.__multadd
                0x000117f8       0xa0 d:/APP/arm-gcc/bin/../lib/gcc/arm-none-eabi/14.2.1/thumb/v7e-m/nofp\libg.a(libc_a-mprec.o)
                0x000117f8                __multadd
 .text.__hi0bits
                0x00011898       0x54 d:/APP/arm-gcc/bin/../lib/gcc/arm-none-eabi/14.2.1/thumb/v7e-m/nofp\libg.a(libc_a-mprec.o)
                0x00011898                __hi0bits
 .text.__lo0bits