Archive member included to satisfy reference by file (symbol)

d:/APP/arm-gcc/bin/../lib/gcc/arm-none-eabi/14.2.1/thumb/v7e-m/nofp\libstdc++.a(atexit_arm.o)
                              CMakeFiles/TEST.efl.dir/app/source/main.cpp.obj (__aeabi_atexit)
d:/APP/arm-gcc/bin/../lib/gcc/arm-none-eabi/14.2.1/thumb/v7e-m/nofp\libstdc++.a(del_ops.o)
                              CMakeFiles/TEST.efl.dir/Libraries/MillisTaskManager/MillisTaskManager.cpp.obj (operator delete(void*, unsigned int))
d:/APP/arm-gcc/bin/../lib/gcc/arm-none-eabi/14.2.1/thumb/v7e-m/nofp\libstdc++.a(new_op.o)
                              CMakeFiles/TEST.efl.dir/Libraries/MillisTaskManager/MillisTaskManager.cpp.obj (operator new(unsigned int))
d:/APP/arm-gcc/bin/../lib/gcc/arm-none-eabi/14.2.1/thumb/v7e-m/nofp\libstdc++.a(bad_alloc.o)
                              d:/APP/arm-gcc/bin/../lib/gcc/arm-none-eabi/14.2.1/thumb/v7e-m/nofp\libstdc++.a(new_op.o) (vtable for std::bad_alloc)
d:/APP/arm-gcc/bin/../lib/gcc/arm-none-eabi/14.2.1/thumb/v7e-m/nofp\libstdc++.a(del_op.o)
                              d:/APP/arm-gcc/bin/../lib/gcc/arm-none-eabi/14.2.1/thumb/v7e-m/nofp\libstdc++.a(del_ops.o) (operator delete(void*))
d:/APP/arm-gcc/bin/../lib/gcc/arm-none-eabi/14.2.1/thumb/v7e-m/nofp\libstdc++.a(eh_alloc.o)
                              d:/APP/arm-gcc/bin/../lib/gcc/arm-none-eabi/14.2.1/thumb/v7e-m/nofp\libstdc++.a(new_op.o) (__cxa_allocate_exception)
d:/APP/arm-gcc/bin/../lib/gcc/arm-none-eabi/14.2.1/thumb/v7e-m/nofp\libstdc++.a(eh_exception.o)
                              d:/APP/arm-gcc/bin/../lib/gcc/arm-none-eabi/14.2.1/thumb/v7e-m/nofp\libstdc++.a(bad_alloc.o) (std::exception::~exception())
d:/APP/arm-gcc/bin/../lib/gcc/arm-none-eabi/14.2.1/thumb/v7e-m/nofp\libstdc++.a(eh_terminate.o)
                              d:/APP/arm-gcc/bin/../lib/gcc/arm-none-eabi/14.2.1/thumb/v7e-m/nofp\libstdc++.a(eh_alloc.o) (std::terminate())
d:/APP/arm-gcc/bin/../lib/gcc/arm-none-eabi/14.2.1/thumb/v7e-m/nofp\libstdc++.a(eh_throw.o)
                              d:/APP/arm-gcc/bin/../lib/gcc/arm-none-eabi/14.2.1/thumb/v7e-m/nofp\libstdc++.a(new_op.o) (__cxa_throw)
d:/APP/arm-gcc/bin/../lib/gcc/arm-none-eabi/14.2.1/thumb/v7e-m/nofp\libstdc++.a(eh_unex_handler.o)
                              d:/APP/arm-gcc/bin/../lib/gcc/arm-none-eabi/14.2.1/thumb/v7e-m/nofp\libstdc++.a(eh_terminate.o) (__cxxabiv1::__unexpected_handler)
d:/APP/arm-gcc/bin/../lib/gcc/arm-none-eabi/14.2.1/thumb/v7e-m/nofp\libstdc++.a(new_handler.o)
                              d:/APP/arm-gcc/bin/../lib/gcc/arm-none-eabi/14.2.1/thumb/v7e-m/nofp\libstdc++.a(new_op.o) (std::get_new_handler())
d:/APP/arm-gcc/bin/../lib/gcc/arm-none-eabi/14.2.1/thumb/v7e-m/nofp\libstdc++.a(si_class_type_info.o)
                              d:/APP/arm-gcc/bin/../lib/gcc/arm-none-eabi/14.2.1/thumb/v7e-m/nofp\libstdc++.a(bad_alloc.o) (vtable for __cxxabiv1::__si_class_type_info)
d:/APP/arm-gcc/bin/../lib/gcc/arm-none-eabi/14.2.1/thumb/v7e-m/nofp\libstdc++.a(tinfo.o)
                              d:/APP/arm-gcc/bin/../lib/gcc/arm-none-eabi/14.2.1/thumb/v7e-m/nofp\libstdc++.a(si_class_type_info.o) (std::type_info::__is_pointer_p() const)
d:/APP/arm-gcc/bin/../lib/gcc/arm-none-eabi/14.2.1/thumb/v7e-m/nofp\libstdc++.a(vterminate.o)
                              d:/APP/arm-gcc/bin/../lib/gcc/arm-none-eabi/14.2.1/thumb/v7e-m/nofp\libstdc++.a(eh_terminate.o) (__gnu_cxx::__verbose_terminate_handler())
d:/APP/arm-gcc/bin/../lib/gcc/arm-none-eabi/14.2.1/thumb/v7e-m/nofp\libstdc++.a(class_type_info.o)
                              d:/APP/arm-gcc/bin/../lib/gcc/arm-none-eabi/14.2.1/thumb/v7e-m/nofp\libstdc++.a(si_class_type_info.o) (__cxxabiv1::__class_type_info::__do_upcast(__cxxabiv1::__class_type_info const*, void**) const)
d:/APP/arm-gcc/bin/../lib/gcc/arm-none-eabi/14.2.1/thumb/v7e-m/nofp\libstdc++.a(cp-demangle.o)
                              d:/APP/arm-gcc/bin/../lib/gcc/arm-none-eabi/14.2.1/thumb/v7e-m/nofp\libstdc++.a(vterminate.o) (__cxa_demangle)
d:/APP/arm-gcc/bin/../lib/gcc/arm-none-eabi/14.2.1/thumb/v7e-m/nofp\libstdc++.a(eh_arm.o)
                              d:/APP/arm-gcc/bin/../lib/gcc/arm-none-eabi/14.2.1/thumb/v7e-m/nofp\libstdc++.a(vterminate.o) (__cxa_end_cleanup)
d:/APP/arm-gcc/bin/../lib/gcc/arm-none-eabi/14.2.1/thumb/v7e-m/nofp\libstdc++.a(eh_catch.o)
                              d:/APP/arm-gcc/bin/../lib/gcc/arm-none-eabi/14.2.1/thumb/v7e-m/nofp\libstdc++.a(eh_terminate.o) (__cxa_begin_catch)
d:/APP/arm-gcc/bin/../lib/gcc/arm-none-eabi/14.2.1/thumb/v7e-m/nofp\libstdc++.a(eh_globals.o)
                              d:/APP/arm-gcc/bin/../lib/gcc/arm-none-eabi/14.2.1/thumb/v7e-m/nofp\libstdc++.a(eh_catch.o) (__cxa_get_globals_fast)
d:/APP/arm-gcc/bin/../lib/gcc/arm-none-eabi/14.2.1/thumb/v7e-m/nofp\libstdc++.a(eh_personality.o)
                              d:/APP/arm-gcc/bin/../lib/gcc/arm-none-eabi/14.2.1/thumb/v7e-m/nofp\libstdc++.a(eh_terminate.o) (__gxx_personality_v0)
[...]
Memory Configuration

Name             Origin             Length             Attributes
FLASH            0x00000000         0x00080000         xr
OTP_DATA         0x03000c00         0x000003c0         xr
OTP_LOCK         0x03000fc0         0x0000003c         xr
RAM              0x1fff8000         0x0002f000         xrw
RET_RAM          0x200f0000         0x00001000         xrw
*default*        0x00000000         0xffffffff

Linker script and memory map

LOAD d:/APP/arm-gcc/bin/../lib/gcc/arm-none-eabi/14.2.1/thumb/v7e-m/nofp/crti.o
LOAD d:/APP/arm-gcc/bin/../lib/gcc/arm-none-eabi/14.2.1/thumb/v7e-m/nofp/crtbegin.o
LOAD d:/APP/arm-gcc/bin/../lib/gcc/arm-none-eabi/14.2.1/thumb/v7e-m/nofp/crt0.o
LOAD CMakeFiles/TEST.efl.dir/CMSIS/Device/HDSC/hc32f4xx/Source/syscalls.c.obj
LOAD CMakeFiles/TEST.efl.dir/CMSIS/Device/HDSC/hc32f4xx/Source/system_hc32f460.c.obj
LOAD CMakeFiles/TEST.efl.dir/Driver/src/hc32_ll.c.obj
LOAD CMakeFiles/TEST.efl.dir/Driver/src/hc32_ll_adc.c.obj
LOAD CMakeFiles/TEST.efl.dir/Driver/src/hc32_ll_aes.c.obj
LOAD CMakeFiles/TEST.efl.dir/Driver/src/hc32_ll_aos.c.obj
LOAD CMakeFiles/TEST.efl.dir/Driver/src/hc32_ll_can.c.obj
LOAD CMakeFiles/TEST.efl.dir/Driver/src/hc32_ll_clk.c.obj
LOAD CMakeFiles/TEST.efl.dir/Driver/src/hc32_ll_cmp.c.obj
LOAD CMakeFiles/TEST.efl.dir/Driver/src/hc32_ll_crc.c.obj
LOAD CMakeFiles/TEST.efl.dir/Driver/src/hc32_ll_dbgc.c.obj
LOAD CMakeFiles/TEST.efl.dir/Driver/src/hc32_ll_dcu.c.obj
LOAD CMakeFiles/TEST.efl.dir/Driver/src/hc32_ll_dma.c.obj
LOAD CMakeFiles/TEST.efl.dir/Driver/src/hc32_ll_efm.c.obj
LOAD CMakeFiles/TEST.efl.dir/Driver/src/hc32_ll_emb.c.obj
LOAD CMakeFiles/TEST.efl.dir/Driver/src/hc32_ll_event_port.c.obj
LOAD CMakeFiles/TEST.efl.dir/Driver/src/hc32_ll_fcg.c.obj
LOAD CMakeFiles/TEST.efl.dir/Driver/src/hc32_ll_fcm.c.obj
LOAD CMakeFiles/TEST.efl.dir/Driver/src/hc32_ll_gpio.c.obj
LOAD CMakeFiles/TEST.efl.dir/Driver/src/hc32_ll_hash.c.obj
LOAD CMakeFiles/TEST.efl.dir/Driver/src/hc32_ll_i2c.c.obj
LOAD CMakeFiles/TEST.efl.dir/Driver/src/hc32_ll_i2s.c.obj
LOAD CMakeFiles/TEST.efl.dir/Driver/src/hc32_ll_icg.c.obj
LOAD CMakeFiles/TEST.efl.dir/Driver/src/hc32_ll_interrupts.c.obj
LOAD CMakeFiles/TEST.efl.dir/Driver/src/hc32_ll_keyscan.c.obj
LOAD CMakeFiles/TEST.efl.dir/Driver/src/hc32_ll_mpu.c.obj
LOAD CMakeFiles/TEST.efl.dir/Driver/src/hc32_ll_ots.c.obj
LOAD CMakeFiles/TEST.efl.dir/Driver/src/hc32_ll_pwc.c.obj
LOAD CMakeFiles/TEST.efl.dir/Driver/src/hc32_ll_qspi.c.obj
LOAD CMakeFiles/TEST.efl.dir/Driver/src/hc32_ll_rmu.c.obj
LOAD CMakeFiles/TEST.efl.dir/Driver/src/hc32_ll_rtc.c.obj
LOAD CMakeFiles/TEST.efl.dir/Driver/src/hc32_ll_sdioc.c.obj
LOAD CMakeFiles/TEST.efl.dir/Driver/src/hc32_ll_spi.c.obj
LOAD CMakeFiles/TEST.efl.dir/Driver/src/hc32_ll_sram.c.obj
LOAD CMakeFiles/TEST.efl.dir/Driver/src/hc32_ll_swdt.c.obj
LOAD CMakeFiles/TEST.efl.dir/Driver/src/hc32_ll_tmr0.c.obj
LOAD CMakeFiles/TEST.efl.dir/Driver/src/hc32_ll_tmr4.c.obj
LOAD CMakeFiles/TEST.efl.dir/Driver/src/hc32_ll_tmr6.c.obj
LOAD CMakeFiles/TEST.efl.dir/Driver/src/hc32_ll_tmra.c.obj
LOAD CMakeFiles/TEST.efl.dir/Driver/src/hc32_ll_trng.c.obj
LOAD CMakeFiles/TEST.efl.dir/Driver/src/hc32_ll_usart.c.obj
LOAD CMakeFiles/TEST.efl.dir/Driver/src/hc32_ll_utility.c.obj
LOAD CMakeFiles/TEST.efl.dir/Driver/src/hc32_ll_wdt.c.obj
LOAD CMakeFiles/TEST.efl.dir/Driver/src/hc32f460_ll_interrupts_share.c.obj
LOAD CMakeFiles/TEST.efl.dir/Libraries/MillisTaskManager/MillisTaskManager.cpp.obj
LOAD CMakeFiles/TEST.efl.dir/app/source/main.cpp.obj
LOAD CMakeFiles/TEST.efl.dir/bsp/ev_hc32f460_lqfp100_v2/ev_hc32f460_lqfp100_v2.c.obj
LOAD CMakeFiles/TEST.efl.dir/CMSIS/Device/HDSC/hc32f4xx/Source/GCC/startup_hc32f460.S.obj
LOAD d:/APP/arm-gcc/bin/../lib/gcc/arm-none-eabi/14.2.1/thumb/v7e-m/nofp\libstdc++.a
LOAD d:/APP/arm-gcc/bin/../lib/gcc/arm-none-eabi/14.2.1/thumb/v7e-m/nofp\libm.a
START GROUP
LOAD d:/APP/arm-gcc/bin/../lib/gcc/arm-none-eabi/14.2.1/thumb/v7e-m/nofp\libgcc.a
LOAD d:/APP/arm-gcc/bin/../lib/gcc/arm-none-eabi/14.2.1/thumb/v7e-m/nofp\libg.a
LOAD d:/APP/arm-gcc/bin/../lib/gcc/arm-none-eabi/14.2.1/thumb/v7e-m/nofp\libc.a
END GROUP
START GROUP
LOAD d:/APP/arm-gcc/bin/../lib/gcc/arm-none-eabi/14.2.1/thumb/v7e-m/nofp\libgcc.a
LOAD d:/APP/arm-gcc/bin/../lib/gcc/arm-none-eabi/14.2.1/thumb/v7e-m/nofp\libc.a
LOAD d:/APP/arm-gcc/bin/../lib/gcc/arm-none-eabi/14.2.1/thumb/v7e-m/nofp\libnosys.a
END GROUP
LOAD d:/APP/arm-gcc/bin/../lib/gcc/arm-none-eabi/14.2.1/thumb/v7e-m/nofp/crtend.o
LOAD d:/APP/arm-gcc/bin/../lib/gcc/arm-none-eabi/14.2.1/thumb/v7e-m/nofp/crtn.o
                0x03000c00                        __OTP_DATA_BASE = 0x3000c00
                0x03000fc0                        __OTP_LOCK_BASE = 0x3000fc0
                0x03000c00                        __OTP_DATA_B0_START = 0x3000c00
                0x03000fc0                        __OTP_LOCK_B0_START = 0x3000fc0
                0x00000000                        __OTP_DATA_B0_OFFSET = (__OTP_DATA_B0_START - __OTP_DATA_BASE)
                0x00000000                        __OTP_LOCK_B0_OFFSET = (__OTP_LOCK_B0_START - __OTP_LOCK_BASE)
                0x03000c40                        __OTP_DATA_B1_START = 0x3000c40
                0x03000fc4                        __OTP_LOCK_B1_START = 0x3000fc4
                0x00000040                        __OTP_DATA_B1_OFFSET = (__OTP_DATA_B1_START - __OTP_DATA_BASE)
                0x00000004                        __OTP_LOCK_B1_OFFSET = (__OTP_LOCK_B1_START - __OTP_LOCK_BASE)

.vectors        0x00000000      0x280
                0x00000000                        . = ALIGN (0x4)
 *(.vectors)
 .vectors       0x00000000      0x280 CMakeFiles/TEST.efl.dir/CMSIS/Device/HDSC/hc32f4xx/Source/GCC/startup_hc32f460.S.obj
                0x00000000                __Vectors
                0x00000280                __Vectors_End
                0x00000280                        . = ALIGN (0x4)

.icg_sec        0x00000400       0x20
 *(.icg_sec)
 .icg_sec       0x00000400       0x20 CMakeFiles/TEST.efl.dir/Driver/src/hc32_ll_icg.c.obj
                0x00000400                u32ICGValue

.text           0x00000440    0x1316c
                0x00000440                        . = ALIGN (0x4)
 *(.text)
 .text          0x00000440      0x378 d:/APP/arm-gcc/bin/../lib/gcc/arm-none-eabi/14.2.1/thumb/v7e-m/nofp\libgcc.a(_arm_addsubdf3.o)
                0x00000440                __aeabi_drsub
                0x00000448                __aeabi_dsub
                0x00000448                __subdf3
                0x0000044c                __aeabi_dadd
                0x0000044c                __adddf3
                0x000006c4                __floatunsidf
                0x000006c4                __aeabi_ui2d
                0x000006e4                __floatsidf
                0x000006e4                __aeabi_i2d
                0x00000708                __aeabi_f2d
                0x00000708                __extendsfdf2
                0x0000074c                __floatundidf
                0x0000074c                __aeabi_ul2d
                0x0000075c                __floatdidf
                0x0000075c                __aeabi_l2d
 .text          0x000007b8      0x424 d:/APP/arm-gcc/bin/../lib/gcc/arm-none-eabi/14.2.1/thumb/v7e-m/nofp\libgcc.a(_arm_muldivdf3.o)
                0x000007b8                __aeabi_dmul
                0x000007b8                __muldf3
                0x00000a0c                __divdf3
                0x00000a0c                __aeabi_ddiv
 .text          0x00000bdc      0x1ac d:/APP/arm-gcc/bin/../lib/gcc/arm-none-eabi/14.2.1/thumb/v7e-m/nofp\libgcc.a(libunwind.o)
                0x00000bdc                __restore_core_regs
                0x00000bdc                restore_core_regs
                0x00000bf4                __gnu_Unwind_Restore_VFP
                0x00000bfc                __gnu_Unwind_Save_VFP
                0x00000c04                __gnu_Unwind_Restore_VFP_D
                0x00000c0c                __gnu_Unwind_Save_VFP_D
                0x00000c14                __gnu_Unwind_Restore_VFP_D_16_to_31
                0x00000c1c                __gnu_Unwind_Save_VFP_D_16_to_31
                0x00000c24                __gnu_Unwind_Restore_WMMXD
                0x00000c68                __gnu_Unwind_Save_WMMXD
                0x00000cac                __gnu_Unwind_Restore_WMMXC
                0x00000cc0                __gnu_Unwind_Save_WMMXC
                0x00000cd4                ___Unwind_RaiseException
                0x00000cd4                _Unwind_RaiseException
                0x00000cf8                _Unwind_Resume
                0x00000cf8                ___Unwind_Resume
                0x00000d1c                _Unwind_Resume_or_Rethrow
                0x00000d1c                ___Unwind_Resume_or_Rethrow
                0x00000d40                _Unwind_ForcedUnwind
                0x00000d40                ___Unwind_ForcedUnwind
                0x00000d64                ___Unwind_Backtrace
                0x00000d64                _Unwind_Backtrace
 *fill*         0x00000d88       0x18 
 .text          0x00000da0      0x2e0 d:/APP/arm-gcc/bin/../lib/gcc/arm-none-eabi/14.2.1/thumb/v7e-m/nofp\libg.a(libc_a-strcmp.o)
                0x00000da0                strcmp
 .text          0x00001080       0xa0 d:/APP/arm-gcc/bin/../lib/gcc/arm-none-eabi/14.2.1/thumb/v7e-m/nofp\libg.a(libc_a-memchr.o)
                0x00001080                memchr
 .text          0x00001120      0x134 d:/APP/arm-gcc/bin/../lib/gcc/arm-none-eabi/14.2.1/thumb/v7e-m/nofp\libg.a(libc_a-memcpy.o)
                0x00001120                memcpy
 *fill*         0x00001254       0x2c 
 .text          0x00001280       0xd8 d:/APP/arm-gcc/bin/../lib/gcc/arm-none-eabi/14.2.1/thumb/v7e-m/nofp\libg.a(libc_a-strlen.o)
                0x00001280                strlen
 .text          0x00001358      0x110 d:/APP/arm-gcc/bin/../lib/gcc/arm-none-eabi/14.2.1/thumb/v7e-m/nofp\libgcc.a(_arm_cmpdf2.o)
                0x00001358                __gtdf2
                0x00001358                __gedf2
                0x00001360                __ltdf2
                0x00001360                __ledf2
                0x00001368                __nedf2
                0x00001368                __eqdf2
                0x00001368                __cmpdf2
                0x000013e4                __aeabi_cdrcmple
                0x000013f4                __aeabi_cdcmpeq
                0x000013f4                __aeabi_cdcmple
                0x00001404                __aeabi_dcmpeq
                0x00001418                __aeabi_dcmplt
                0x0000142c                __aeabi_dcmple
                0x00001440                __aeabi_dcmpge
                0x00001454                __aeabi_dcmpgt
 .text          0x00001468       0x2c d:/APP/arm-gcc/bin/../lib/gcc/arm-none-eabi/14.2.1/thumb/v7e-m/nofp\libgcc.a(_arm_unorddf2.o)
                0x00001468                __unorddf2
                0x00001468                __aeabi_dcmpun
 .text          0x00001494       0x50 d:/APP/arm-gcc/bin/../lib/gcc/arm-none-eabi/14.2.1/thumb/v7e-m/nofp\libgcc.a(_arm_fixdfsi.o)
                0x00001494                __aeabi_d2iz
                0x00001494                __fixdfsi
 *(.text*)
 .text.deregister_tm_clones
                0x000014e4       0x1c d:/APP/arm-gcc/bin/../lib/gcc/arm-none-eabi/14.2.1/thumb/v7e-m/nofp/crtbegin.o
 .text.register_tm_clones
                0x00001500       0x24 d:/APP/arm-gcc/bin/../lib/gcc/arm-none-eabi/14.2.1/thumb/v7e-m/nofp/crtbegin.o
 .text.__do_global_dtors_aux
                0x00001524       0x28 d:/APP/arm-gcc/bin/../lib/gcc/arm-none-eabi/14.2.1/thumb/v7e-m/nofp/crtbegin.o
 .text.frame_dummy
                0x0000154c       0x24 d:/APP/arm-gcc/bin/../lib/gcc/arm-none-eabi/14.2.1/thumb/v7e-m/nofp/crtbegin.o
 .text._close   0x00001570        0x6 CMakeFiles/TEST.efl.dir/CMSIS/Device/HDSC/hc32f4xx/Source/syscalls.c.obj
                0x00001570                _close
 .text._isatty  0x00001576        0x4 CMakeFiles/TEST.efl.dir/CMSIS/Device/HDSC/hc32f4xx/Source/syscalls.c.obj
                0x00001576                _isatty
 .text._lseek   0x0000157a        0x6 CMakeFiles/TEST.efl.dir/CMSIS/Device/HDSC/hc32f4xx/Source/syscalls.c.obj
                0x0000157a                _lseek
 .text._read    0x00001580        0x6 CMakeFiles/TEST.efl.dir/CMSIS/Device/HDSC/hc32f4xx/Source/syscalls.c.obj
                0x00001580                _read
 .text._write   0x00001586        0xe CMakeFiles/TEST.efl.dir/CMSIS/Device/HDSC/hc32f4xx/Source/syscalls.c.obj
                0x00001586                _write
 .text._exit    0x00001594        0x2 CMakeFiles/TEST.efl.dir/CMSIS/Device/HDSC/hc32f4xx/Source/syscalls.c.obj
                0x00001594                _exit
 .text._kill    0x00001596        0x6 CMakeFiles/TEST.efl.dir/CMSIS/Device/HDSC/hc32f4xx/Source/syscalls.c.obj
                0x00001596                _kill
 .text._getpid  0x0000159c        0x4 CMakeFiles/TEST.efl.dir/CMSIS/Device/HDSC/hc32f4xx/Source/syscalls.c.obj
                0x0000159c                _getpid
 .text._sbrk    0x000015a0       0x10 CMakeFiles/TEST.efl.dir/CMSIS/Device/HDSC/hc32f4xx/Source/syscalls.c.obj
                0x000015a0                _sbrk
 .text.SystemCoreClockUpdate
                0x000015b0       0xbc CMakeFiles/TEST.efl.dir/CMSIS/Device/HDSC/hc32f4xx/Source/system_hc32f460.c.obj
                0x000015b0                SystemCoreClockUpdate
 .text.SystemInit
                0x0000166c       0x14 CMakeFiles/TEST.efl.dir/CMSIS/Device/HDSC/hc32f4xx/Source/system_hc32f460.c.obj
                0x0000166c                SystemInit
 .text.LL_PERIPH_WE
                0x00001680       0x8c CMakeFiles/TEST.efl.dir/Driver/src/hc32_ll.c.obj
                0x00001680                LL_PERIPH_WE
 .text.LL_PERIPH_WP
                0x0000170c       0x90 CMakeFiles/TEST.efl.dir/Driver/src/hc32_ll.c.obj
                0x0000170c                LL_PERIPH_WP
 .text.AOS_SetTriggerEventSrc
                0x0000179c       0x10 CMakeFiles/TEST.efl.dir/Driver/src/hc32_ll_aos.c.obj
                0x0000179c                AOS_SetTriggerEventSrc
 .text.SetSysClockSrc
                0x000017ac       0x80 CMakeFiles/TEST.efl.dir/Driver/src/hc32_ll_clk.c.obj
 .text.SetSysClockDiv
                0x0000182c       0x84 CMakeFiles/TEST.efl.dir/Driver/src/hc32_ll_clk.c.obj
 .text.CLK_XtalStructInit
                0x000018b0       0x1e CMakeFiles/TEST.efl.dir/Driver/src/hc32_ll_clk.c.obj
                0x000018b0                CLK_XtalStructInit
 .text.CLK_PLLStructInit
                0x000018ce       0x36 CMakeFiles/TEST.efl.dir/Driver/src/hc32_ll_clk.c.obj
                0x000018ce                CLK_PLLStructInit
 .text.CLK_GetStableStatus
                0x00001904       0x14 CMakeFiles/TEST.efl.dir/Driver/src/hc32_ll_clk.c.obj
                0x00001904                CLK_GetStableStatus
 .text.CLK_WaitStable
                0x00001918       0x30 CMakeFiles/TEST.efl.dir/Driver/src/hc32_ll_clk.c.obj
 .text.CLK_XtalCmd
                0x00001948       0x60 CMakeFiles/TEST.efl.dir/Driver/src/hc32_ll_clk.c.obj
                0x00001948                CLK_XtalCmd
 .text.CLK_XtalInit
                0x000019a8       0x40 CMakeFiles/TEST.efl.dir/Driver/src/hc32_ll_clk.c.obj
                0x000019a8                CLK_XtalInit
 .text.CLK_PLLCmd
                0x000019e8       0x60 CMakeFiles/TEST.efl.dir/Driver/src/hc32_ll_clk.c.obj
                0x000019e8                CLK_PLLCmd
 .text.CLK_PLLInit
                0x00001a48       0x40 CMakeFiles/TEST.efl.dir/Driver/src/hc32_ll_clk.c.obj
                0x00001a48                CLK_PLLInit
 .text.CLK_SetSysClockSrc
                0x00001a88        0xc CMakeFiles/TEST.efl.dir/Driver/src/hc32_ll_clk.c.obj
                0x00001a88                CLK_SetSysClockSrc
 .text.CLK_SetClockDiv
                0x00001a94       0x14 CMakeFiles/TEST.efl.dir/Driver/src/hc32_ll_clk.c.obj
                0x00001a94                CLK_SetClockDiv
 .text.DMA_Cmd  0x00001aa8        0x4 CMakeFiles/TEST.efl.dir/Driver/src/hc32_ll_dma.c.obj
                0x00001aa8                DMA_Cmd
 .text.DMA_ClearTransCompleteStatus
                0x00001aac        0x4 CMakeFiles/TEST.efl.dir/Driver/src/hc32_ll_dma.c.obj
                0x00001aac                DMA_ClearTransCompleteStatus
 .text.DMA_ChCmd
                0x00001ab0      0x15c CMakeFiles/TEST.efl.dir/Driver/src/hc32_ll_dma.c.obj
                0x00001ab0                DMA_ChCmd
 .text.DMA_SetSrcAddr
                0x00001c0c       0x36 CMakeFiles/TEST.efl.dir/Driver/src/hc32_ll_dma.c.obj
                0x00001c0c                DMA_SetSrcAddr
 .text.DMA_SetDestAddr
                0x00001c42       0x36 CMakeFiles/TEST.efl.dir/Driver/src/hc32_ll_dma.c.obj
                0x00001c42                DMA_SetDestAddr
 .text.DMA_SetTransCount
                0x00001c78       0x50 CMakeFiles/TEST.efl.dir/Driver/src/hc32_ll_dma.c.obj
                0x00001c78                DMA_SetTransCount
 .text.DMA_StructInit
                0x00001cc8       0x20 CMakeFiles/TEST.efl.dir/Driver/src/hc32_ll_dma.c.obj
                0x00001cc8                DMA_StructInit
 .text.DMA_Init
                0x00001ce8       0x6a CMakeFiles/TEST.efl.dir/Driver/src/hc32_ll_dma.c.obj
                0x00001ce8                DMA_Init
 *fill*         0x00001d52        0x2 
 .text.EFM_SetWaitCycle
                0x00001d54       0x54 CMakeFiles/TEST.efl.dir/Driver/src/hc32_ll_efm.c.obj
                0x00001d54                EFM_SetWaitCycle
 .text.EFM_CacheRamReset
                0x00001da8        0xc CMakeFiles/TEST.efl.dir/Driver/src/hc32_ll_efm.c.obj
                0x00001da8                EFM_CacheRamReset
 .text.EFM_CacheCmd
                0x00001db4        0xc CMakeFiles/TEST.efl.dir/Driver/src/hc32_ll_efm.c.obj
                0x00001db4                EFM_CacheCmd
 .text.FCG_Fcg0PeriphClockCmd
                0x00001dc0       0x20 CMakeFiles/TEST.efl.dir/Driver/src/hc32_ll_fcg.c.obj
                0x00001dc0                FCG_Fcg0PeriphClockCmd
 .text.FCG_Fcg1PeriphClockCmd
                0x00001de0       0x20 CMakeFiles/TEST.efl.dir/Driver/src/hc32_ll_fcg.c.obj
                0x00001de0                FCG_Fcg1PeriphClockCmd
 .text.GPIO_Init
                0x00001e00       0xb4 CMakeFiles/TEST.efl.dir/Driver/src/hc32_ll_gpio.c.obj
                0x00001e00                GPIO_Init
 .text.GPIO_StructInit
                0x00001eb4       0x20 CMakeFiles/TEST.efl.dir/Driver/src/hc32_ll_gpio.c.obj
                0x00001eb4                GPIO_StructInit
 .text.GPIO_SetFunc
                0x00001ed4       0x54 CMakeFiles/TEST.efl.dir/Driver/src/hc32_ll_gpio.c.obj
                0x00001ed4                GPIO_SetFunc
 .text.GPIO_SetReadWaitCycle
                0x00001f28       0x1c CMakeFiles/TEST.efl.dir/Driver/src/hc32_ll_gpio.c.obj
                0x00001f28                GPIO_SetReadWaitCycle
 .text.GPIO_SetPins
                0x00001f44       0x14 CMakeFiles/TEST.efl.dir/Driver/src/hc32_ll_gpio.c.obj
                0x00001f44                GPIO_SetPins
 .text.GPIO_ResetPins
                0x00001f58       0x14 CMakeFiles/TEST.efl.dir/Driver/src/hc32_ll_gpio.c.obj
                0x00001f58                GPIO_ResetPins
 .text.GPIO_AnalogCmd
                0x00001f6c       0x68 CMakeFiles/TEST.efl.dir/Driver/src/hc32_ll_gpio.c.obj
                0x00001f6c                GPIO_AnalogCmd
 .text.INTC_IrqSignIn
                0x00001fd4       0x80 CMakeFiles/TEST.efl.dir/Driver/src/hc32_ll_interrupts.c.obj
                0x00001fd4                INTC_IrqSignIn
 .text.IRQ000_Handler
                0x00002054       0x14 CMakeFiles/TEST.efl.dir/Driver/src/hc32_ll_interrupts.c.obj
                0x00002054                IRQ000_Handler
 .text.IRQ001_Handler
                0x00002068       0x14 CMakeFiles/TEST.efl.dir/Driver/src/hc32_ll_interrupts.c.obj
                0x00002068                IRQ001_Handler
 .text.IRQ002_Handler
                0x0000207c       0x14 CMakeFiles/TEST.efl.dir/Driver/src/hc32_ll_interrupts.c.obj
                0x0000207c                IRQ002_Handler
 .text.IRQ003_Handler
                0x00002090       0x14 CMakeFiles/TEST.efl.dir/Driver/src/hc32_ll_interrupts.c.obj
                0x00002090                IRQ003_Handler
 .text.IRQ004_Handler
                0x000020a4       0x14 CMakeFiles/TEST.efl.dir/Driver/src/hc32_ll_interrupts.c.obj
                0x000020a4                IRQ004_Handler
 .text.IRQ005_Handler
                0x000020b8       0x14 CMakeFiles/TEST.efl.dir/Driver/src/hc32_ll_interrupts.c.obj
                0x000020b8                IRQ005_Handler
 .text.IRQ006_Handler
                0x000020cc       0x14 CMakeFiles/TEST.efl.dir/Driver/src/hc32_ll_interrupts.c.obj
                0x000020cc                IRQ006_Handler
 .text.IRQ007_Handler
                0x000020e0       0x14 CMakeFiles/TEST.efl.dir/Driver/src/hc32_ll_interrupts.c.obj
                0x000020e0                IRQ007_Handler
 .text.IRQ008_Handler
                0x000020f4       0x14 CMakeFiles/TEST.efl.dir/Driver/src/hc32_ll_interrupts.c.obj
                0x000020f4                IRQ008_Handler
 .text.IRQ009_Handler
                0x00002108       0x14 CMakeFiles/TEST.efl.dir/Driver/src/hc32_ll_interrupts.c.obj
                0x00002108                IRQ009_Handler
 .text.IRQ010_Handler
                0x0000211c       0x14 CMakeFiles/TEST.efl.dir/Driver/src/hc32_ll_interrupts.c.obj
                0x0000211c                IRQ010_Handler
 .text.IRQ011_Handler
                0x00002130       0x14 CMakeFiles/TEST.efl.dir/Driver/src/hc32_ll_interrupts.c.obj
                0x00002130                IRQ011_Handler
 .text.IRQ012_Handler
                0x00002144       0x14 CMakeFiles/TEST.efl.dir/Driver/src/hc32_ll_interrupts.c.obj
                0x00002144                IRQ012_Handler
 .text.IRQ013_Handler
                0x00002158       0x14 CMakeFiles/TEST.efl.dir/Driver/src/hc32_ll_interrupts.c.obj
                0x00002158                IRQ013_Handler
 .text.IRQ014_Handler
                0x0000216c       0x14 CMakeFiles/TEST.efl.dir/Driver/src/hc32_ll_interrupts.c.obj
                0x0000216c                IRQ014_Handler
 .text.IRQ015_Handler
                0x00002180       0x14 CMakeFiles/TEST.efl.dir/Driver/src/hc32_ll_interrupts.c.obj
                0x00002180                IRQ015_Handler
 .text.IRQ016_Handler
                0x00002194       0x14 CMakeFiles/TEST.efl.dir/Driver/src/hc32_ll_interrupts.c.obj
                0x00002194                IRQ016_Handler
 .text.IRQ017_Handler
                0x000021a8       0x14 CMakeFiles/TEST.efl.dir/Driver/src/hc32_ll_interrupts.c.obj
                0x000021a8                IRQ017_Handler
 .text.IRQ018_Handler
                0x000021bc       0x14 CMakeFiles/TEST.efl.dir/Driver/src/hc32_ll_interrupts.c.obj
                0x000021bc                IRQ018_Handler
 .text.IRQ019_Handler
                0x000021d0       0x14 CMakeFiles/TEST.efl.dir/Driver/src/hc32_ll_interrupts.c.obj
                0x000021d0                IRQ019_Handler
 .text.IRQ020_Handler
                0x000021e4       0x14 CMakeFiles/TEST.efl.dir/Driver/src/hc32_ll_interrupts.c.obj
                0x000021e4                IRQ020_Handler
 .text.IRQ021_Handler
                0x000021f8       0x14 CMakeFiles/TEST.efl.dir/Driver/src/hc32_ll_interrupts.c.obj
                0x000021f8                IRQ021_Handler
 .text.IRQ022_Handler
                0x0000220c       0x14 CMakeFiles/TEST.efl.dir/Driver/src/hc32_ll_interrupts.c.obj
                0x0000220c                IRQ022_Handler
 .text.IRQ023_Handler
                0x00002220       0x14 CMakeFiles/TEST.efl.dir/Driver/src/hc32_ll_interrupts.c.obj
                0x00002220                IRQ023_Handler
 .text.IRQ024_Handler
                0x00002234       0x14 CMakeFiles/TEST.efl.dir/Driver/src/hc32_ll_interrupts.c.obj
                0x00002234                IRQ024_Handler
 .text.IRQ025_Handler
                0x00002248       0x14 CMakeFiles/TEST.efl.dir/Driver/src/hc32_ll_interrupts.c.obj
                0x00002248                IRQ025_Handler
 .text.IRQ026_Handler
                0x0000225c       0x14 CMakeFiles/TEST.efl.dir/Driver/src/hc32_ll_interrupts.c.obj
                0x0000225c                IRQ026_Handler
 .text.IRQ027_Handler
                0x00002270       0x14 CMakeFiles/TEST.efl.dir/Driver/src/hc32_ll_interrupts.c.obj
                0x00002270                IRQ027_Handler
 .text.IRQ028_Handler
                0x00002284       0x14 CMakeFiles/TEST.efl.dir/Driver/src/hc32_ll_interrupts.c.obj
                0x00002284                IRQ028_Handler
 .text.IRQ029_Handler
                0x00002298       0x14 CMakeFiles/TEST.efl.dir/Driver/src/hc32_ll_interrupts.c.obj
                0x00002298                IRQ029_Handler
 .text.IRQ030_Handler
                0x000022ac       0x14 CMakeFiles/TEST.efl.dir/Driver/src/hc32_ll_interrupts.c.obj
                0x000022ac                IRQ030_Handler
 .text.IRQ031_Handler
                0x000022c0       0x14 CMakeFiles/TEST.efl.dir/Driver/src/hc32_ll_interrupts.c.obj
                0x000022c0                IRQ031_Handler
 .text.IRQ032_Handler
                0x000022d4       0x14 CMakeFiles/TEST.efl.dir/Driver/src/hc32_ll_interrupts.c.obj
                0x000022d4                IRQ032_Handler
 .text.IRQ033_Handler
                0x000022e8       0x14 CMakeFiles/TEST.efl.dir/Driver/src/hc32_ll_interrupts.c.obj
                0x000022e8                IRQ033_Handler
 .text.IRQ034_Handler
                0x000022fc       0x14 CMakeFiles/TEST.efl.dir/Driver/src/hc32_ll_interrupts.c.obj
                0x000022fc                IRQ034_Handler
 .text.IRQ035_Handler
                0x00002310       0x14 CMakeFiles/TEST.efl.dir/Driver/src/hc32_ll_interrupts.c.obj
                0x00002310                IRQ035_Handler
 .text.IRQ036_Handler
                0x00002324       0x14 CMakeFiles/TEST.efl.dir/Driver/src/hc32_ll_interrupts.c.obj
                0x00002324                IRQ036_Handler
 .text.IRQ037_Handler
                0x00002338       0x14 CMakeFiles/TEST.efl.dir/Driver/src/hc32_ll_interrupts.c.obj
                0x00002338                IRQ037_Handler
 .text.IRQ038_Handler
                0x0000234c       0x14 CMakeFiles/TEST.efl.dir/Driver/src/hc32_ll_interrupts.c.obj
                0x0000234c                IRQ038_Handler
 .text.IRQ039_Handler
                0x00002360       0x14 CMakeFiles/TEST.efl.dir/Driver/src/hc32_ll_interrupts.c.obj
                0x00002360                IRQ039_Handler
 .text.IRQ040_Handler
                0x00002374       0x14 CMakeFiles/TEST.efl.dir/Driver/src/hc32_ll_interrupts.c.obj
                0x00002374                IRQ040_Handler
 .text.IRQ041_Handler
                0x00002388       0x14 CMakeFiles/TEST.efl.dir/Driver/src/hc32_ll_interrupts.c.obj
                0x00002388                IRQ041_Handler
 .text.IRQ042_Handler
                0x0000239c       0x14 CMakeFiles/TEST.efl.dir/Driver/src/hc32_ll_interrupts.c.obj
                0x0000239c                IRQ042_Handler
 .text.IRQ043_Handler
                0x000023b0       0x14 CMakeFiles/TEST.efl.dir/Driver/src/hc32_ll_interrupts.c.obj
                0x000023b0                IRQ043_Handler
 .text.IRQ044_Handler
                0x000023c4       0x14 CMakeFiles/TEST.efl.dir/Driver/src/hc32_ll_interrupts.c.obj
                0x000023c4                IRQ044_Handler
 .text.IRQ045_Handler
                0x000023d8       0x14 CMakeFiles/TEST.efl.dir/Driver/src/hc32_ll_interrupts.c.obj
                0x000023d8                IRQ045_Handler
 .text.IRQ046_Handler
                0x000023ec       0x14 CMakeFiles/TEST.efl.dir/Driver/src/hc32_ll_interrupts.c.obj
                0x000023ec                IRQ046_Handler
 .text.IRQ047_Handler
                0x00002400       0x14 CMakeFiles/TEST.efl.dir/Driver/src/hc32_ll_interrupts.c.obj
                0x00002400                IRQ047_Handler
 .text.IRQ048_Handler
                0x00002414       0x14 CMakeFiles/TEST.efl.dir/Driver/src/hc32_ll_interrupts.c.obj
                0x00002414                IRQ048_Handler
 .text.IRQ049_Handler
                0x00002428       0x14 CMakeFiles/TEST.efl.dir/Driver/src/hc32_ll_interrupts.c.obj
                0x00002428                IRQ049_Handler
 .text.IRQ050_Handler
                0x0000243c       0x14 CMakeFiles/TEST.efl.dir/Driver/src/hc32_ll_interrupts.c.obj
                0x0000243c                IRQ050_Handler
 .text.IRQ051_Handler
                0x00002450       0x14 CMakeFiles/TEST.efl.dir/Driver/src/hc32_ll_interrupts.c.obj
                0x00002450                IRQ051_Handler
 .text.IRQ052_Handler
                0x00002464       0x14 CMakeFiles/TEST.efl.dir/Driver/src/hc32_ll_interrupts.c.obj
                0x00002464                IRQ052_Handler
 .text.IRQ053_Handler
                0x00002478       0x14 CMakeFiles/TEST.efl.dir/Driver/src/hc32_ll_interrupts.c.obj
                0x00002478                IRQ053_Handler
 .text.IRQ054_Handler
                0x0000248c       0x14 CMakeFiles/TEST.efl.dir/Driver/src/hc32_ll_interrupts.c.obj
                0x0000248c                IRQ054_Handler
 .text.IRQ055_Handler
                0x000024a0       0x14 CMakeFiles/TEST.efl.dir/Driver/src/hc32_ll_interrupts.c.obj
                0x000024a0                IRQ055_Handler
 .text.IRQ056_Handler
                0x000024b4       0x14 CMakeFiles/TEST.efl.dir/Driver/src/hc32_ll_interrupts.c.obj
                0x000024b4                IRQ056_Handler
 .text.IRQ057_Handler
                0x000024c8       0x14 CMakeFiles/TEST.efl.dir/Driver/src/hc32_ll_interrupts.c.obj
                0x000024c8                IRQ057_Handler
 .text.IRQ058_Handler
                0x000024dc       0x14 CMakeFiles/TEST.efl.dir/Driver/src/hc32_ll_interrupts.c.obj
                0x000024dc                IRQ058_Handler
 .text.IRQ059_Handler
                0x000024f0       0x14 CMakeFiles/TEST.efl.dir/Driver/src/hc32_ll_interrupts.c.obj
                0x000024f0                IRQ059_Handler
 .text.IRQ060_Handler
                0x00002504       0x14 CMakeFiles/TEST.efl.dir/Driver/src/hc32_ll_interrupts.c.obj
                0x00002504                IRQ060_Handler
 .text.IRQ061_Handler
                0x00002518       0x14 CMakeFiles/TEST.efl.dir/Driver/src/hc32_ll_interrupts.c.obj
                0x00002518                IRQ061_Handler
 .text.IRQ062_Handler
                0x0000252c       0x14 CMakeFiles/TEST.efl.dir/Driver/src/hc32_ll_interrupts.c.obj
                0x0000252c                IRQ062_Handler
 .text.IRQ063_Handler
                0x00002540       0x14 CMakeFiles/TEST.efl.dir/Driver/src/hc32_ll_interrupts.c.obj
                0x00002540                IRQ063_Handler
 .text.IRQ064_Handler
                0x00002554       0x14 CMakeFiles/TEST.efl.dir/Driver/src/hc32_ll_interrupts.c.obj
                0x00002554                IRQ064_Handler
 .text.IRQ065_Handler
                0x00002568       0x14 CMakeFiles/TEST.efl.dir/Driver/src/hc32_ll_interrupts.c.obj
                0x00002568                IRQ065_Handler
 .text.IRQ066_Handler
                0x0000257c       0x14 CMakeFiles/TEST.efl.dir/Driver/src/hc32_ll_interrupts.c.obj
                0x0000257c                IRQ066_Handler
 .text.IRQ067_Handler
                0x00002590       0x14 CMakeFiles/TEST.efl.dir/Driver/src/hc32_ll_interrupts.c.obj
                0x00002590                IRQ067_Handler
 .text.IRQ068_Handler
                0x000025a4       0x14 CMakeFiles/TEST.efl.dir/Driver/src/hc32_ll_interrupts.c.obj
                0x000025a4                IRQ068_Handler
 .text.IRQ069_Handler
                0x000025b8       0x14 CMakeFiles/TEST.efl.dir/Driver/src/hc32_ll_interrupts.c.obj
                0x000025b8                IRQ069_Handler
 .text.IRQ070_Handler
                0x000025cc       0x14 CMakeFiles/TEST.efl.dir/Driver/src/hc32_ll_interrupts.c.obj
                0x000025cc                IRQ070_Handler
 .text.IRQ071_Handler
                0x000025e0       0x14 CMakeFiles/TEST.efl.dir/Driver/src/hc32_ll_interrupts.c.obj
                0x000025e0                IRQ071_Handler
 .text.IRQ072_Handler
                0x000025f4       0x14 CMakeFiles/TEST.efl.dir/Driver/src/hc32_ll_interrupts.c.obj
                0x000025f4                IRQ072_Handler
 .text.IRQ073_Handler
                0x00002608       0x14 CMakeFiles/TEST.efl.dir/Driver/src/hc32_ll_interrupts.c.obj
                0x00002608                IRQ073_Handler
 .text.IRQ074_Handler
                0x0000261c       0x14 CMakeFiles/TEST.efl.dir/Driver/src/hc32_ll_interrupts.c.obj
                0x0000261c                IRQ074_Handler
 .text.IRQ075_Handler
                0x00002630       0x14 CMakeFiles/TEST.efl.dir/Driver/src/hc32_ll_interrupts.c.obj
                0x00002630                IRQ075_Handler
 .text.IRQ076_Handler
                0x00002644       0x14 CMakeFiles/TEST.efl.dir/Driver/src/hc32_ll_interrupts.c.obj
                0x00002644                IRQ076_Handler
 .text.IRQ077_Handler
                0x00002658       0x14 CMakeFiles/TEST.efl.dir/Driver/src/hc32_ll_interrupts.c.obj
                0x00002658                IRQ077_Handler
 .text.IRQ078_Handler
                0x0000266c       0x14 CMakeFiles/TEST.efl.dir/Driver/src/hc32_ll_interrupts.c.obj
                0x0000266c                IRQ078_Handler
 .text.IRQ079_Handler
                0x00002680       0x14 CMakeFiles/TEST.efl.dir/Driver/src/hc32_ll_interrupts.c.obj
                0x00002680                IRQ079_Handler
 .text.IRQ080_Handler
                0x00002694       0x14 CMakeFiles/TEST.efl.dir/Driver/src/hc32_ll_interrupts.c.obj
                0x00002694                IRQ080_Handler
 .text.IRQ081_Handler
                0x000026a8       0x14 CMakeFiles/TEST.efl.dir/Driver/src/hc32_ll_interrupts.c.obj
                0x000026a8                IRQ081_Handler
 .text.IRQ082_Handler
                0x000026bc       0x14 CMakeFiles/TEST.efl.dir/Driver/src/hc32_ll_interrupts.c.obj
                0x000026bc                IRQ082_Handler
 .text.IRQ083_Handler
                0x000026d0       0x14 CMakeFiles/TEST.efl.dir/Driver/src/hc32_ll_interrupts.c.obj
                0x000026d0                IRQ083_Handler
 .text.IRQ084_Handler
                0x000026e4       0x14 CMakeFiles/TEST.efl.dir/Driver/src/hc32_ll_interrupts.c.obj
                0x000026e4                IRQ084_Handler
 .text.IRQ085_Handler
                0x000026f8       0x14 CMakeFiles/TEST.efl.dir/Driver/src/hc32_ll_interrupts.c.obj
                0x000026f8                IRQ085_Handler
 .text.IRQ086_Handler
                0x0000270c       0x14 CMakeFiles/TEST.efl.dir/Driver/src/hc32_ll_interrupts.c.obj
                0x0000270c                IRQ086_Handler
 .text.IRQ087_Handler
                0x00002720       0x14 CMakeFiles/TEST.efl.dir/Driver/src/hc32_ll_interrupts.c.obj
                0x00002720                IRQ087_Handler
 .text.IRQ088_Handler
                0x00002734       0x14 CMakeFiles/TEST.efl.dir/Driver/src/hc32_ll_interrupts.c.obj
                0x00002734                IRQ088_Handler
 .text.IRQ089_Handler
                0x00002748       0x14 CMakeFiles/TEST.efl.dir/Driver/src/hc32_ll_interrupts.c.obj
                0x00002748                IRQ089_Handler
 .text.IRQ090_Handler
                0x0000275c       0x14 CMakeFiles/TEST.efl.dir/Driver/src/hc32_ll_interrupts.c.obj
                0x0000275c                IRQ090_Handler
 .text.IRQ091_Handler
                0x00002770       0x14 CMakeFiles/TEST.efl.dir/Driver/src/hc32_ll_interrupts.c.obj
                0x00002770                IRQ091_Handler
 .text.IRQ092_Handler
                0x00002784       0x14 CMakeFiles/TEST.efl.dir/Driver/src/hc32_ll_interrupts.c.obj
                0x00002784                IRQ092_Handler
 .text.IRQ093_Handler
                0x00002798       0x14 CMakeFiles/TEST.efl.dir/Driver/src/hc32_ll_interrupts.c.obj
                0x00002798                IRQ093_Handler
 .text.IRQ094_Handler
                0x000027ac       0x14 CMakeFiles/TEST.efl.dir/Driver/src/hc32_ll_interrupts.c.obj
                0x000027ac                IRQ094_Handler
 .text.IRQ095_Handler
                0x000027c0       0x14 CMakeFiles/TEST.efl.dir/Driver/src/hc32_ll_interrupts.c.obj
                0x000027c0                IRQ095_Handler
 .text.IRQ096_Handler
                0x000027d4       0x14 CMakeFiles/TEST.efl.dir/Driver/src/hc32_ll_interrupts.c.obj
                0x000027d4                IRQ096_Handler
 .text.IRQ097_Handler
                0x000027e8       0x14 CMakeFiles/TEST.efl.dir/Driver/src/hc32_ll_interrupts.c.obj
                0x000027e8                IRQ097_Handler
 .text.IRQ098_Handler
                0x000027fc       0x14 CMakeFiles/TEST.efl.dir/Driver/src/hc32_ll_interrupts.c.obj
                0x000027fc                IRQ098_Handler
 .text.IRQ099_Handler
                0x00002810       0x14 CMakeFiles/TEST.efl.dir/Driver/src/hc32_ll_interrupts.c.obj
                0x00002810                IRQ099_Handler
 .text.IRQ100_Handler
                0x00002824       0x14 CMakeFiles/TEST.efl.dir/Driver/src/hc32_ll_interrupts.c.obj
                0x00002824                IRQ100_Handler
 .text.IRQ101_Handler
                0x00002838       0x14 CMakeFiles/TEST.efl.dir/Driver/src/hc32_ll_interrupts.c.obj
                0x00002838                IRQ101_Handler
 .text.IRQ102_Handler
                0x0000284c       0x14 CMakeFiles/TEST.efl.dir/Driver/src/hc32_ll_interrupts.c.obj
                0x0000284c                IRQ102_Handler
 .text.IRQ103_Handler
                0x00002860       0x14 CMakeFiles/TEST.efl.dir/Driver/src/hc32_ll_interrupts.c.obj
                0x00002860                IRQ103_Handler
 .text.IRQ104_Handler
                0x00002874       0x14 CMakeFiles/TEST.efl.dir/Driver/src/hc32_ll_interrupts.c.obj
                0x00002874                IRQ104_Handler
 .text.IRQ105_Handler
                0x00002888       0x14 CMakeFiles/TEST.efl.dir/Driver/src/hc32_ll_interrupts.c.obj
                0x00002888                IRQ105_Handler
 .text.IRQ106_Handler
                0x0000289c       0x14 CMakeFiles/TEST.efl.dir/Driver/src/hc32_ll_interrupts.c.obj
                0x0000289c                IRQ106_Handler
 .text.IRQ107_Handler
                0x000028b0       0x14 CMakeFiles/TEST.efl.dir/Driver/src/hc32_ll_interrupts.c.obj
                0x000028b0                IRQ107_Handler
 .text.IRQ108_Handler
                0x000028c4       0x14 CMakeFiles/TEST.efl.dir/Driver/src/hc32_ll_interrupts.c.obj
                0x000028c4                IRQ108_Handler
 .text.IRQ109_Handler
                0x000028d8       0x14 CMakeFiles/TEST.efl.dir/Driver/src/hc32_ll_interrupts.c.obj
                0x000028d8                IRQ109_Handler
 .text.IRQ110_Handler
                0x000028ec       0x14 CMakeFiles/TEST.efl.dir/Driver/src/hc32_ll_interrupts.c.obj
                0x000028ec                IRQ110_Handler
 .text.IRQ111_Handler
                0x00002900       0x14 CMakeFiles/TEST.efl.dir/Driver/src/hc32_ll_interrupts.c.obj
                0x00002900                IRQ111_Handler
 .text.IRQ112_Handler
                0x00002914       0x14 CMakeFiles/TEST.efl.dir/Driver/src/hc32_ll_interrupts.c.obj
                0x00002914                IRQ112_Handler
 .text.IRQ113_Handler
                0x00002928       0x14 CMakeFiles/TEST.efl.dir/Driver/src/hc32_ll_interrupts.c.obj
                0x00002928                IRQ113_Handler
 .text.IRQ114_Handler
                0x0000293c       0x14 CMakeFiles/TEST.efl.dir/Driver/src/hc32_ll_interrupts.c.obj
                0x0000293c                IRQ114_Handler
 .text.IRQ115_Handler
                0x00002950       0x14 CMakeFiles/TEST.efl.dir/Driver/src/hc32_ll_interrupts.c.obj
                0x00002950                IRQ115_Handler
 .text.IRQ116_Handler
                0x00002964       0x14 CMakeFiles/TEST.efl.dir/Driver/src/hc32_ll_interrupts.c.obj
                0x00002964                IRQ116_Handler
 .text.IRQ117_Handler
                0x00002978       0x14 CMakeFiles/TEST.efl.dir/Driver/src/hc32_ll_interrupts.c.obj
                0x00002978                IRQ117_Handler
 .text.IRQ118_Handler
                0x0000298c       0x14 CMakeFiles/TEST.efl.dir/Driver/src/hc32_ll_interrupts.c.obj
                0x0000298c                IRQ118_Handler
 .text.IRQ119_Handler
                0x000029a0       0x14 CMakeFiles/TEST.efl.dir/Driver/src/hc32_ll_interrupts.c.obj
                0x000029a0                IRQ119_Handler
 .text.IRQ120_Handler
                0x000029b4       0x14 CMakeFiles/TEST.efl.dir/Driver/src/hc32_ll_interrupts.c.obj
                0x000029b4                IRQ120_Handler
 .text.IRQ121_Handler
                0x000029c8       0x14 CMakeFiles/TEST.efl.dir/Driver/src/hc32_ll_interrupts.c.obj
                0x000029c8                IRQ121_Handler
 .text.IRQ122_Handler
                0x000029dc       0x14 CMakeFiles/TEST.efl.dir/Driver/src/hc32_ll_interrupts.c.obj
                0x000029dc                IRQ122_Handler
 .text.IRQ123_Handler
                0x000029f0       0x14 CMakeFiles/TEST.efl.dir/Driver/src/hc32_ll_interrupts.c.obj
                0x000029f0                IRQ123_Handler
 .text.IRQ124_Handler
                0x00002a04       0x14 CMakeFiles/TEST.efl.dir/Driver/src/hc32_ll_interrupts.c.obj
                0x00002a04                IRQ124_Handler
 .text.IRQ125_Handler
                0x00002a18       0x14 CMakeFiles/TEST.efl.dir/Driver/src/hc32_ll_interrupts.c.obj
                0x00002a18                IRQ125_Handler
 .text.IRQ126_Handler
                0x00002a2c       0x14 CMakeFiles/TEST.efl.dir/Driver/src/hc32_ll_interrupts.c.obj
                0x00002a2c                IRQ126_Handler
 .text.IRQ127_Handler
                0x00002a40       0x14 CMakeFiles/TEST.efl.dir/Driver/src/hc32_ll_interrupts.c.obj
                0x00002a40                IRQ127_Handler
 .text.PWC_HighSpeedToHighPerformance
                0x00002a54       0x28 CMakeFiles/TEST.efl.dir/Driver/src/hc32_ll_pwc.c.obj
                0x00002a54                PWC_HighSpeedToHighPerformance
 .text.SPI_Init
                0x00002a7c       0x90 CMakeFiles/TEST.efl.dir/Driver/src/hc32_ll_spi.c.obj
                0x00002a7c                SPI_Init
 .text.SPI_StructInit
                0x00002b0c       0x2a CMakeFiles/TEST.efl.dir/Driver/src/hc32_ll_spi.c.obj
                0x00002b0c                SPI_StructInit
 .text.SPI_Cmd  0x00002b36       0x18 CMakeFiles/TEST.efl.dir/Driver/src/hc32_ll_spi.c.obj
                0x00002b36                SPI_Cmd
 *fill*         0x00002b4e        0x2 
 .text.SRAM_SetWaitCycle
                0x00002b50       0x68 CMakeFiles/TEST.efl.dir/Driver/src/hc32_ll_sram.c.obj
                0x00002b50                SRAM_SetWaitCycle
 .text.SysTick_Init
                0x00002bb8       0x44 CMakeFiles/TEST.efl.dir/Driver/src/hc32_ll_utility.c.obj
                0x00002bb8                SysTick_Init
 .text.SysTick_Handler
                0x00002bfc       0x10 CMakeFiles/TEST.efl.dir/Driver/src/hc32_ll_utility.c.obj
                0x00002bfc                SysTick_Handler
 .text.millis   0x00002c0c        0xc CMakeFiles/TEST.efl.dir/Driver/src/hc32_ll_utility.c.obj
                0x00002c0c                millis
 .text.delay_ms
                0x00002c18       0x14 CMakeFiles/TEST.efl.dir/Driver/src/hc32_ll_utility.c.obj
                0x00002c18                delay_ms
 .text.delay_us
                0x00002c2c       0x50 CMakeFiles/TEST.efl.dir/Driver/src/hc32_ll_utility.c.obj
                0x00002c2c                delay_us
 .text._ZN17MillisTaskManagerC2Eb
                0x00002c7c        0xa CMakeFiles/TEST.efl.dir/Libraries/MillisTaskManager/MillisTaskManager.cpp.obj
                0x00002c7c                MillisTaskManager::MillisTaskManager(bool)
                0x00002c7c                MillisTaskManager::MillisTaskManager(bool)
 .text._ZN17MillisTaskManagerD2Ev
                0x00002c86       0x18 CMakeFiles/TEST.efl.dir/Libraries/MillisTaskManager/MillisTaskManager.cpp.obj
                0x00002c86                MillisTaskManager::~MillisTaskManager()
                0x00002c86                MillisTaskManager::~MillisTaskManager()
 .text._ZN17MillisTaskManager4FindEPFvvE
                0x00002c9e       0x10 CMakeFiles/TEST.efl.dir/Libraries/MillisTaskManager/MillisTaskManager.cpp.obj
                0x00002c9e                MillisTaskManager::Find(void (*)())
 .text._ZN17MillisTaskManager8RegisterEPFvvEmb
                0x00002cae       0x4c CMakeFiles/TEST.efl.dir/Libraries/MillisTaskManager/MillisTaskManager.cpp.obj
                0x00002cae                MillisTaskManager::Register(void (*)(), unsigned long, bool)
 .text._ZN17MillisTaskManager12GetTickElapsEmm
                0x00002cfa        0xc CMakeFiles/TEST.efl.dir/Libraries/MillisTaskManager/MillisTaskManager.cpp.obj
                0x00002cfa                MillisTaskManager::GetTickElaps(unsigned long, unsigned long)
 .text._ZN17MillisTaskManager7RunningEm
                0x00002d06       0x3a CMakeFiles/TEST.efl.dir/Libraries/MillisTaskManager/MillisTaskManager.cpp.obj
                0x00002d06                MillisTaskManager::Running(unsigned long)
 .text.__NVIC_EnableIRQ
                0x00002d40       0x1c CMakeFiles/TEST.efl.dir/app/source/main.cpp.obj
 .text._ZL16DMA_ReloadConfigv
                0x00002d5c       0x50 CMakeFiles/TEST.efl.dir/app/source/main.cpp.obj
 .text._ZL7dmaSendv
                0x00002dac       0x40 CMakeFiles/TEST.efl.dir/app/source/main.cpp.obj
 .text._ZL9led_blinkv
                0x00002dec       0x1c CMakeFiles/TEST.efl.dir/app/source/main.cpp.obj
 .text._ZL10SPI_Configv
                0x00002e08      0x1a4 CMakeFiles/TEST.efl.dir/app/source/main.cpp.obj
 .text._ZL25DMA_TransCompleteCallbackv
                0x00002fac       0x1c CMakeFiles/TEST.efl.dir/app/source/main.cpp.obj
 .text._Z41__static_initialization_and_destruction_0v
                0x00002fc8       0x24 CMakeFiles/TEST.efl.dir/app/source/main.cpp.obj
 .text.main     0x00002fec       0x58 CMakeFiles/TEST.efl.dir/app/source/main.cpp.obj
                0x00002fec                main
 .text._GLOBAL__sub_I_task
                0x00003044        0x8 CMakeFiles/TEST.efl.dir/app/source/main.cpp.obj
 .text.BSP_CLK_Init
                0x0000304c       0xd0 CMakeFiles/TEST.efl.dir/bsp/ev_hc32f460_lqfp100_v2/ev_hc32f460_lqfp100_v2.c.obj
                0x0000304c                BSP_CLK_Init
 .text.BSP_LED_Init
                0x0000311c       0x38 CMakeFiles/TEST.efl.dir/bsp/ev_hc32f460_lqfp100_v2/ev_hc32f460_lqfp100_v2.c.obj
                0x0000311c                BSP_LED_Init
 .text.BSP_LED_On
                0x00003154       0x34 CMakeFiles/TEST.efl.dir/bsp/ev_hc32f460_lqfp100_v2/ev_hc32f460_lqfp100_v2.c.obj
                0x00003154                BSP_LED_On
 .text.BSP_LED_Off
                0x00003188       0x34 CMakeFiles/TEST.efl.dir/bsp/ev_hc32f460_lqfp100_v2/ev_hc32f460_lqfp100_v2.c.obj
                0x00003188                BSP_LED_Off
 .text.Reset_Handler
                0x000031bc       0xc0 CMakeFiles/TEST.efl.dir/CMSIS/Device/HDSC/hc32f4xx/Source/GCC/startup_hc32f460.S.obj
                0x000031bc                Reset_Handler
 .text.Default_Handler
                0x0000327c        0x4 CMakeFiles/TEST.efl.dir/CMSIS/Device/HDSC/hc32f4xx/Source/GCC/startup_hc32f460.S.obj
                0x0000327c                IRQ132_Handler
                0x0000327c                DebugMon_Handler
                0x0000327c                HardFault_Handler
                0x0000327c                IRQ139_Handler
                0x0000327c                IRQ138_Handler
                0x0000327c                PendSV_Handler
                0x0000327c                NMI_Handler
                0x0000327c                UsageFault_Handler
                0x0000327c                IRQ133_Handler
                0x0000327c                IRQ130_Handler
                0x0000327c                IRQ134_Handler
                0x0000327c                IRQ129_Handler
                0x0000327c                IRQ142_Handler
                0x0000327c                IRQ140_Handler
                0x0000327c                MemManage_Handler
                0x0000327c                IRQ143_Handler
                0x0000327c                SVC_Handler
                0x0000327c                IRQ128_Handler
                0x0000327c                IRQ136_Handler
                0x0000327c                IRQ131_Handler
                0x0000327c                IRQ141_Handler
                0x0000327c                IRQ137_Handler
                0x0000327c                BusFault_Handler
                0x0000327c                IRQ135_Handler
 .text.__aeabi_atexit
                0x00003280        0xc d:/APP/arm-gcc/bin/../lib/gcc/arm-none-eabi/14.2.1/thumb/v7e-m/nofp\libstdc++.a(atexit_arm.o)
                0x00003280                __aeabi_atexit
 .text._ZdlPvj  0x0000328c        0x4 d:/APP/arm-gcc/bin/../lib/gcc/arm-none-eabi/14.2.1/thumb/v7e-m/nofp\libstdc++.a(del_ops.o)
                0x0000328c                operator delete(void*, unsigned int)
 .text._Znwj    0x00003290       0x3c d:/APP/arm-gcc/bin/../lib/gcc/arm-none-eabi/14.2.1/thumb/v7e-m/nofp\libstdc++.a(new_op.o)
                0x00003290                operator new(unsigned int)
 .text._ZNKSt9bad_alloc4whatEv
                0x000032cc        0x8 d:/APP/arm-gcc/bin/../lib/gcc/arm-none-eabi/14.2.1/thumb/v7e-m/nofp\libstdc++.a(bad_alloc.o)
                0x000032cc                std::bad_alloc::what() const
 .text._ZNSt9bad_allocD2Ev
                0x000032d4       0x14 d:/APP/arm-gcc/bin/../lib/gcc/arm-none-eabi/14.2.1/thumb/v7e-m/nofp\libstdc++.a(bad_alloc.o)
                0x000032d4                std::bad_alloc::~bad_alloc()
                0x000032d4                std::bad_alloc::~bad_alloc()
 .text._ZNSt9bad_allocD0Ev
                0x000032e8       0x1c d:/APP/arm-gcc/bin/../lib/gcc/arm-none-eabi/14.2.1/thumb/v7e-m/nofp\libstdc++.a(bad_alloc.o)
                0x000032e8                std::bad_alloc::~bad_alloc()
 .text._ZdlPv   0x00003304        0x4 d:/APP/arm-gcc/bin/../lib/gcc/arm-none-eabi/14.2.1/thumb/v7e-m/nofp\libstdc++.a(del_op.o)
                0x00003304                operator delete(void*)
 .text._ZN12_GLOBAL__N_14pool4freeEPv.constprop.0
                0x00003308       0x8c d:/APP/arm-gcc/bin/../lib/gcc/arm-none-eabi/14.2.1/thumb/v7e-m/nofp\libstdc++.a(eh_alloc.o)
 .text._ZN12_GLOBAL__N_14pool8allocateEj.constprop.0
                0x00003394       0x5c d:/APP/arm-gcc/bin/../lib/gcc/arm-none-eabi/14.2.1/thumb/v7e-m/nofp\libstdc++.a(eh_alloc.o)
 .text.__cxa_allocate_exception
                0x000033f0       0x30 d:/APP/arm-gcc/bin/../lib/gcc/arm-none-eabi/14.2.1/thumb/v7e-m/nofp\libstdc++.a(eh_alloc.o)
                0x000033f0                __cxa_allocate_exception
 .text.__cxa_free_exception
                0x00003420       0x20 d:/APP/arm-gcc/bin/../lib/gcc/arm-none-eabi/14.2.1/thumb/v7e-m/nofp\libstdc++.a(eh_alloc.o)
                0x00003420                __cxa_free_exception
 .text.startup._GLOBAL__sub_I__ZN9__gnu_cxx9__freeresEv
                0x00003440       0xf0 d:/APP/arm-gcc/bin/../lib/gcc/arm-none-eabi/14.2.1/thumb/v7e-m/nofp\libstdc++.a(eh_alloc.o)
 .text._ZNSt9exceptionD2Ev
                0x00003530        0x4 d:/APP/arm-gcc/bin/../lib/gcc/arm-none-eabi/14.2.1/thumb/v7e-m/nofp\libstdc++.a(eh_exception.o)
                0x00003530                std::exception::~exception()
                0x00003530                std::exception::~exception()
 .text._ZNSt13bad_exceptionD2Ev
                0x00003534        0x4 d:/APP/arm-gcc/bin/../lib/gcc/arm-none-eabi/14.2.1/thumb/v7e-m/nofp\libstdc++.a(eh_exception.o)
                0x00003534                std::bad_exception::~bad_exception()
                0x00003534                std::bad_exception::~bad_exception()
 .text._ZNKSt13bad_exception4whatEv
                0x00003538        0x8 d:/APP/arm-gcc/bin/../lib/gcc/arm-none-eabi/14.2.1/thumb/v7e-m/nofp\libstdc++.a(eh_exception.o)
                0x00003538                std::bad_exception::what() const
                0x00003538                transaction clone for std::bad_exception::what() const
 .text._ZNSt13bad_exceptionD0Ev
                0x00003540       0x10 d:/APP/arm-gcc/bin/../lib/gcc/arm-none-eabi/14.2.1/thumb/v7e-m/nofp\libstdc++.a(eh_exception.o)
                0x00003540                std::bad_exception::~bad_exception()
 .text._ZN10__cxxabiv111__terminateEPFvvE
                0x00003550       0x10 d:/APP/arm-gcc/bin/../lib/gcc/arm-none-eabi/14.2.1/thumb/v7e-m/nofp\libstdc++.a(eh_terminate.o)
                0x00003550                __cxxabiv1::__terminate(void (*)())
 .text.unlikely._ZSt9terminatev
                0x00003560       0x14 d:/APP/arm-gcc/bin/../lib/gcc/arm-none-eabi/14.2.1/thumb/v7e-m/nofp\libstdc++.a(eh_terminate.o)
                0x00003560                std::terminate()
 .text._ZN10__cxxabiv112__unexpectedEPFvvE
                0x00003574        0x8 d:/APP/arm-gcc/bin/../lib/gcc/arm-none-eabi/14.2.1/thumb/v7e-m/nofp\libstdc++.a(eh_terminate.o)
                0x00003574                __cxxabiv1::__unexpected(void (*)())
 .text.unlikely._ZSt10unexpectedv
                0x0000357c       0x14 d:/APP/arm-gcc/bin/../lib/gcc/arm-none-eabi/14.2.1/thumb/v7e-m/nofp\libstdc++.a(eh_terminate.o)
                0x0000357c                std::unexpected()
 .text._ZSt13get_terminatev
                0x00003590       0x10 d:/APP/arm-gcc/bin/../lib/gcc/arm-none-eabi/14.2.1/thumb/v7e-m/nofp\libstdc++.a(eh_terminate.o)
                0x00003590                std::get_terminate()
 .text._ZSt14get_unexpectedv
                0x000035a0       0x10 d:/APP/arm-gcc/bin/../lib/gcc/arm-none-eabi/14.2.1/thumb/v7e-m/nofp\libstdc++.a(eh_terminate.o)
                0x000035a0                std::get_unexpected()
 .text._ZL23__gxx_exception_cleanup19_Unwind_Reason_CodeP21_Unwind_Control_Block
                0x000035b0       0x44 d:/APP/arm-gcc/bin/../lib/gcc/arm-none-eabi/14.2.1/thumb/v7e-m/nofp\libstdc++.a(eh_throw.o)
 .text.__cxa_init_primary_exception
                0x000035f4       0x44 d:/APP/arm-gcc/bin/../lib/gcc/arm-none-eabi/14.2.1/thumb/v7e-m/nofp\libstdc++.a(eh_throw.o)
                0x000035f4                __cxa_init_primary_exception
 .text.__cxa_throw
                0x00003638       0x34 d:/APP/arm-gcc/bin/../lib/gcc/arm-none-eabi/14.2.1/thumb/v7e-m/nofp\libstdc++.a(eh_throw.o)
                0x00003638                __cxa_throw
 .text.__cxa_rethrow
                0x0000366c       0x70 d:/APP/arm-gcc/bin/../lib/gcc/arm-none-eabi/14.2.1/thumb/v7e-m/nofp\libstdc++.a(eh_throw.o)
                0x0000366c                __cxa_rethrow
 .text._ZSt15get_new_handlerv
                0x000036dc       0x10 d:/APP/arm-gcc/bin/../lib/gcc/arm-none-eabi/14.2.1/thumb/v7e-m/nofp\libstdc++.a(new_handler.o)
                0x000036dc                std::get_new_handler()
 .text._ZN10__cxxabiv120__si_class_type_infoD2Ev
                0x000036ec       0x14 d:/APP/arm-gcc/bin/../lib/gcc/arm-none-eabi/14.2.1/thumb/v7e-m/nofp\libstdc++.a(si_class_type_info.o)
                0x000036ec                __cxxabiv1::__si_class_type_info::~__si_class_type_info()
                0x000036ec                __cxxabiv1::__si_class_type_info::~__si_class_type_info()
 .text._ZN10__cxxabiv120__si_class_type_infoD0Ev
                0x00003700       0x1c d:/APP/arm-gcc/bin/../lib/gcc/arm-none-eabi/14.2.1/thumb/v7e-m/nofp\libstdc++.a(si_class_type_info.o)
                0x00003700                __cxxabiv1::__si_class_type_info::~__si_class_type_info()
 .text._ZNK10__cxxabiv120__si_class_type_info20__do_find_public_srcEiPKvPKNS_17__class_type_infoES2_
                0x0000371c       0x3c d:/APP/arm-gcc/bin/../lib/gcc/arm-none-eabi/14.2.1/thumb/v7e-m/nofp\libstdc++.a(si_class_type_info.o)
                0x0000371c                __cxxabiv1::__si_class_type_info::__do_find_public_src(int, void const*, __cxxabiv1::__class_type_info const*, void const*) const
 .text._ZNK10__cxxabiv120__si_class_type_info12__do_dyncastEiNS_17__class_type_info10__sub_kindEPKS1_PKvS4_S6_RNS1_16__dyncast_resultE
                0x00003758       0x84 d:/APP/arm-gcc/bin/../lib/gcc/arm-none-eabi/14.2.1/thumb/v7e-m/nofp\libstdc++.a(si_class_type_info.o)
                0x00003758                __cxxabiv1::__si_class_type_info::__do_dyncast(int, __cxxabiv1::__class_type_info::__sub_kind, __cxxabiv1::__class_type_info const*, void const*, __cxxabiv1::__class_type_info const*, void const*, __cxxabiv1::__class_type_info::__dyncast_result&) const
 .text._ZNK10__cxxabiv120__si_class_type_info11__do_upcastEPKNS_17__class_type_infoEPKvRNS1_15__upcast_resultE
                0x000037dc       0x2c d:/APP/arm-gcc/bin/../lib/gcc/arm-none-eabi/14.2.1/thumb/v7e-m/nofp\libstdc++.a(si_class_type_info.o)
                0x000037dc                __cxxabiv1::__si_class_type_info::__do_upcast(__cxxabiv1::__class_type_info const*, void const*, __cxxabiv1::__class_type_info::__upcast_result&) const
 .text._ZNSt9type_infoD2Ev
                0x00003808        0x4 d:/APP/arm-gcc/bin/../lib/gcc/arm-none-eabi/14.2.1/thumb/v7e-m/nofp\libstdc++.a(tinfo.o)
                0x00003808                std::type_info::~type_info()
                0x00003808                std::type_info::~type_info()
 .text._ZNKSt9type_info14__is_pointer_pEv
                0x0000380c        0x4 d:/APP/arm-gcc/bin/../lib/gcc/arm-none-eabi/14.2.1/thumb/v7e-m/nofp\libstdc++.a(tinfo.o)
                0x0000380c                std::type_info::__is_pointer_p() const
                0x0000380c                std::type_info::__is_function_p() const
 .text._ZNKSt9type_infoeqERKS_
                0x00003810       0x2c d:/APP/arm-gcc/bin/../lib/gcc/arm-none-eabi/14.2.1/thumb/v7e-m/nofp\libstdc++.a(tinfo.o)
                0x00003810                std::type_info::operator==(std::type_info const&) const
                0x00003810                std::type_info::__equal(std::type_info const&) const
 .text._ZN9__gnu_cxx27__verbose_terminate_handlerEv
                0x0000383c      0x108 d:/APP/arm-gcc/bin/../lib/gcc/arm-none-eabi/14.2.1/thumb/v7e-m/nofp\libstdc++.a(vterminate.o)
                0x0000383c                __gnu_cxx::__verbose_terminate_handler()
 .text._ZNK10__cxxabiv117__class_type_info11__do_upcastEPKS0_PPv
                0x00003944       0x34 d:/APP/arm-gcc/bin/../lib/gcc/arm-none-eabi/14.2.1/thumb/v7e-m/nofp\libstdc++.a(class_type_info.o)
                0x00003944                __cxxabiv1::__class_type_info::__do_upcast(__cxxabiv1::__class_type_info const*, void**) const
 .text._ZNK10__cxxabiv117__class_type_info20__do_find_public_srcEiPKvPKS0_S2_
                0x00003978        0xc d:/APP/arm-gcc/bin/../lib/gcc/arm-none-eabi/14.2.1/thumb/v7e-m/nofp\libstdc++.a(class_type_info.o)
                0x00003978                __cxxabiv1::__class_type_info::__do_find_public_src(int, void const*, __cxxabiv1::__class_type_info const*, void const*) const
 .text._ZN10__cxxabiv117__class_type_infoD2Ev
                0x00003984       0x14 d:/APP/arm-gcc/bin/../lib/gcc/arm-none-eabi/14.2.1/thumb/v7e-m/nofp\libstdc++.a(class_type_info.o)
                0x00003984                __cxxabiv1::__class_type_info::~__class_type_info()
                0x00003984                __cxxabiv1::__class_type_info::~__class_type_info()
 .text._ZN10__cxxabiv117__class_type_infoD0Ev
                0x00003998       0x1c d:/APP/arm-gcc/bin/../lib/gcc/arm-none-eabi/14.2.1/thumb/v7e-m/nofp\libstdc++.a(class_type_info.o)
                0x00003998                __cxxabiv1::__class_type_info::~__class_type_info()
 .text._ZNK10__cxxabiv117__class_type_info12__do_dyncastEiNS0_10__sub_kindEPKS0_PKvS3_S5_RNS0_16__dyncast_resultE
                0x000039b4       0x44 d:/APP/arm-gcc/bin/../lib/gcc/arm-none-eabi/14.2.1/thumb/v7e-m/nofp\libstdc++.a(class_type_info.o)
                0x000039b4                __cxxabiv1::__class_type_info::__do_dyncast(int, __cxxabiv1::__class_type_info::__sub_kind, __cxxabiv1::__class_type_info const*, void const*, __cxxabiv1::__class_type_info const*, void const*, __cxxabiv1::__class_type_info::__dyncast_result&) const
 .text._ZNK10__cxxabiv117__class_type_info11__do_upcastEPKS0_PKvRNS0_15__upcast_resultE
                0x000039f8       0x1c d:/APP/arm-gcc/bin/../lib/gcc/arm-none-eabi/14.2.1/thumb/v7e-m/nofp\libstdc++.a(class_type_info.o)
                0x000039f8                __cxxabiv1::__class_type_info::__do_upcast(__cxxabiv1::__class_type_info const*, void const*, __cxxabiv1::__class_type_info::__upcast_result&) const
 .text._ZNK10__cxxabiv117__class_type_info10__do_catchEPKSt9type_infoPPvj
                0x00003a14       0x2c d:/APP/arm-gcc/bin/../lib/gcc/arm-none-eabi/14.2.1/thumb/v7e-m/nofp\libstdc++.a(class_type_info.o)
                0x00003a14                __cxxabiv1::__class_type_info::__do_catch(std::type_info const*, void**, unsigned int) const
 .text.d_make_comp
                0x00003a40       0xf8 d:/APP/arm-gcc/bin/../lib/gcc/arm-none-eabi/14.2.1/thumb/v7e-m/nofp\libstdc++.a(cp-demangle.o)
 .text.d_number
                0x00003b38       0x70 d:/APP/arm-gcc/bin/../lib/gcc/arm-none-eabi/14.2.1/thumb/v7e-m/nofp\libstdc++.a(cp-demangle.o)
 .text.d_call_offset
                0x00003ba8       0x50 d:/APP/arm-gcc/bin/../lib/gcc/arm-none-eabi/14.2.1/thumb/v7e-m/nofp\libstdc++.a(cp-demangle.o)
 .text.d_discriminator
                0x00003bf8       0x48 d:/APP/arm-gcc/bin/../lib/gcc/arm-none-eabi/14.2.1/thumb/v7e-m/nofp\libstdc++.a(cp-demangle.o)
 .text.d_count_templates_scopes
                0x00003c40       0xfc d:/APP/arm-gcc/bin/../lib/gcc/arm-none-eabi/14.2.1/thumb/v7e-m/nofp\libstdc++.a(cp-demangle.o)
 .text.d_pack_length
                0x00003d3c       0x20 d:/APP/arm-gcc/bin/../lib/gcc/arm-none-eabi/14.2.1/thumb/v7e-m/nofp\libstdc++.a(cp-demangle.o)
 .text.d_index_template_argument.part.0
                0x00003d5c       0x1c d:/APP/arm-gcc/bin/../lib/gcc/arm-none-eabi/14.2.1/thumb/v7e-m/nofp\libstdc++.a(cp-demangle.o)
 .text.d_growable_string_callback_adapter
                0x00003d78       0x78 d:/APP/arm-gcc/bin/../lib/gcc/arm-none-eabi/14.2.1/thumb/v7e-m/nofp\libstdc++.a(cp-demangle.o)
 .text.next_is_type_qual.isra.0
                0x00003df0       0x40 d:/APP/arm-gcc/bin/../lib/gcc/arm-none-eabi/14.2.1/thumb/v7e-m/nofp\libstdc++.a(cp-demangle.o)
 .text.d_append_char
                0x00003e30       0x44 d:/APP/arm-gcc/bin/../lib/gcc/arm-none-eabi/14.2.1/thumb/v7e-m/nofp\libstdc++.a(cp-demangle.o)
 .text.d_lookup_template_argument
                0x00003e74       0x34 d:/APP/arm-gcc/bin/../lib/gcc/arm-none-eabi/14.2.1/thumb/v7e-m/nofp\libstdc++.a(cp-demangle.o)
 .text.d_find_pack
                0x00003ea8       0x94 d:/APP/arm-gcc/bin/../lib/gcc/arm-none-eabi/14.2.1/thumb/v7e-m/nofp\libstdc++.a(cp-demangle.o)
 .text.d_append_string
                0x00003f3c       0x70 d:/APP/arm-gcc/bin/../lib/gcc/arm-none-eabi/14.2.1/thumb/v7e-m/nofp\libstdc++.a(cp-demangle.o)
 .text.d_template_param
                0x00003fac       0x5c d:/APP/arm-gcc/bin/../lib/gcc/arm-none-eabi/14.2.1/thumb/v7e-m/nofp\libstdc++.a(cp-demangle.o)
 .text.d_append_num
                0x00004008       0x84 d:/APP/arm-gcc/bin/../lib/gcc/arm-none-eabi/14.2.1/thumb/v7e-m/nofp\libstdc++.a(cp-demangle.o)
 .text.d_source_name
                0x0000408c       0xdc d:/APP/arm-gcc/bin/../lib/gcc/arm-none-eabi/14.2.1/thumb/v7e-m/nofp\libstdc++.a(cp-demangle.o)
 .text.d_substitution
                0x00004168      0x184 d:/APP/arm-gcc/bin/../lib/gcc/arm-none-eabi/14.2.1/thumb/v7e-m/nofp\libstdc++.a(cp-demangle.o)
 .text.d_maybe_module_name
                0x000042ec       0x60 d:/APP/arm-gcc/bin/../lib/gcc/arm-none-eabi/14.2.1/thumb/v7e-m/nofp\libstdc++.a(cp-demangle.o)
 .text.d_type   0x0000434c      0x838 d:/APP/arm-gcc/bin/../lib/gcc/arm-none-eabi/14.2.1/thumb/v7e-m/nofp\libstdc++.a(cp-demangle.o)
 .text.d_parmlist
                0x00004b84       0x9c d:/APP/arm-gcc/bin/../lib/gcc/arm-none-eabi/14.2.1/thumb/v7e-m/nofp\libstdc++.a(cp-demangle.o)
 .text.d_bare_function_type
                0x00004c20       0x48 d:/APP/arm-gcc/bin/../lib/gcc/arm-none-eabi/14.2.1/thumb/v7e-m/nofp\libstdc++.a(cp-demangle.o)
 .text.d_function_type
                0x00004c68       0x8c d:/APP/arm-gcc/bin/../lib/gcc/arm-none-eabi/14.2.1/thumb/v7e-m/nofp\libstdc++.a(cp-demangle.o)
 .text.d_template_parm
                0x00004cf4       0x94 d:/APP/arm-gcc/bin/../lib/gcc/arm-none-eabi/14.2.1/thumb/v7e-m/nofp\libstdc++.a(cp-demangle.o)
 .text.d_template_head
                0x00004d88       0x3c d:/APP/arm-gcc/bin/../lib/gcc/arm-none-eabi/14.2.1/thumb/v7e-m/nofp\libstdc++.a(cp-demangle.o)
 .text.d_operator_name
                0x00004dc4      0x100 d:/APP/arm-gcc/bin/../lib/gcc/arm-none-eabi/14.2.1/thumb/v7e-m/nofp\libstdc++.a(cp-demangle.o)
 .text.d_unqualified_name
                0x00004ec4      0x3fc d:/APP/arm-gcc/bin/../lib/gcc/arm-none-eabi/14.2.1/thumb/v7e-m/nofp\libstdc++.a(cp-demangle.o)
 .text.d_expression_1
                0x000052c0      0x4ec d:/APP/arm-gcc/bin/../lib/gcc/arm-none-eabi/14.2.1/thumb/v7e-m/nofp\libstdc++.a(cp-demangle.o)
 .text.d_exprlist
                0x000057ac       0x74 d:/APP/arm-gcc/bin/../lib/gcc/arm-none-eabi/14.2.1/thumb/v7e-m/nofp\libstdc++.a(cp-demangle.o)
 .text.d_cv_qualifiers
                0x00005820      0x154 d:/APP/arm-gcc/bin/../lib/gcc/arm-none-eabi/14.2.1/thumb/v7e-m/nofp\libstdc++.a(cp-demangle.o)
 .text.d_template_args_1
                0x00005974       0x94 d:/APP/arm-gcc/bin/../lib/gcc/arm-none-eabi/14.2.1/thumb/v7e-m/nofp\libstdc++.a(cp-demangle.o)
 .text.d_prefix
                0x00005a08       0xc0 d:/APP/arm-gcc/bin/../lib/gcc/arm-none-eabi/14.2.1/thumb/v7e-m/nofp\libstdc++.a(cp-demangle.o)
 .text.d_name   0x00005ac8      0x320 d:/APP/arm-gcc/bin/../lib/gcc/arm-none-eabi/14.2.1/thumb/v7e-m/nofp\libstdc++.a(cp-demangle.o)
 .text.d_encoding.part.0
                0x00005de8      0x138 d:/APP/arm-gcc/bin/../lib/gcc/arm-none-eabi/14.2.1/thumb/v7e-m/nofp\libstdc++.a(cp-demangle.o)
 .text.d_special_name
                0x00005f20      0x49c d:/APP/arm-gcc/bin/../lib/gcc/arm-none-eabi/14.2.1/thumb/v7e-m/nofp\libstdc++.a(cp-demangle.o)
 .text.d_expr_primary
                0x000063bc      0x11c d:/APP/arm-gcc/bin/../lib/gcc/arm-none-eabi/14.2.1/thumb/v7e-m/nofp\libstdc++.a(cp-demangle.o)
 .text.d_template_arg
                0x000064d8       0x58 d:/APP/arm-gcc/bin/../lib/gcc/arm-none-eabi/14.2.1/thumb/v7e-m/nofp\libstdc++.a(cp-demangle.o)
 .text.d_print_comp_inner
                0x00006530     0x2b8c d:/APP/arm-gcc/bin/../lib/gcc/arm-none-eabi/14.2.1/thumb/v7e-m/nofp\libstdc++.a(cp-demangle.o)
 .text.d_print_comp
                0x000090bc       0x5c d:/APP/arm-gcc/bin/../lib/gcc/arm-none-eabi/14.2.1/thumb/v7e-m/nofp\libstdc++.a(cp-demangle.o)
 .text.d_print_mod
                0x00009118      0x738 d:/APP/arm-gcc/bin/../lib/gcc/arm-none-eabi/14.2.1/thumb/v7e-m/nofp\libstdc++.a(cp-demangle.o)
 .text.d_print_function_type
                0x00009850      0x260 d:/APP/arm-gcc/bin/../lib/gcc/arm-none-eabi/14.2.1/thumb/v7e-m/nofp\libstdc++.a(cp-demangle.o)
 .text.d_print_mod_list
                0x00009ab0      0x2b8 d:/APP/arm-gcc/bin/../lib/gcc/arm-none-eabi/14.2.1/thumb/v7e-m/nofp\libstdc++.a(cp-demangle.o)
 .text.d_print_array_type
                0x00009d68      0x1d4 d:/APP/arm-gcc/bin/../lib/gcc/arm-none-eabi/14.2.1/thumb/v7e-m/nofp\libstdc++.a(cp-demangle.o)
 .text.d_print_expr_op
                0x00009f3c       0x7c d:/APP/arm-gcc/bin/../lib/gcc/arm-none-eabi/14.2.1/thumb/v7e-m/nofp\libstdc++.a(cp-demangle.o)
 .text.d_demangle_callback.constprop.0
                0x00009fb8      0x380 d:/APP/arm-gcc/bin/../lib/gcc/arm-none-eabi/14.2.1/thumb/v7e-m/nofp\libstdc++.a(cp-demangle.o)
 .text.d_print_subexpr
                0x0000a338      0x114 d:/APP/arm-gcc/bin/../lib/gcc/arm-none-eabi/14.2.1/thumb/v7e-m/nofp\libstdc++.a(cp-demangle.o)
 .text.d_maybe_print_fold_expression
                0x0000a44c      0x288 d:/APP/arm-gcc/bin/../lib/gcc/arm-none-eabi/14.2.1/thumb/v7e-m/nofp\libstdc++.a(cp-demangle.o)
 .text.d_maybe_print_designated_init
                0x0000a6d4      0x1fc d:/APP/arm-gcc/bin/../lib/gcc/arm-none-eabi/14.2.1/thumb/v7e-m/nofp\libstdc++.a(cp-demangle.o)
 .text.__cxa_demangle
                0x0000a8d0       0xc0 d:/APP/arm-gcc/bin/../lib/gcc/arm-none-eabi/14.2.1/thumb/v7e-m/nofp\libstdc++.a(cp-demangle.o)
                0x0000a8d0                __cxa_demangle
 .text.__cxa_end_cleanup
                0x0000a990        0xc d:/APP/arm-gcc/bin/../lib/gcc/arm-none-eabi/14.2.1/thumb/v7e-m/nofp\libstdc++.a(eh_arm.o)
                0x0000a990                __cxa_end_cleanup
 .text.__cxa_type_match
                0x0000a99c       0xb0 d:/APP/arm-gcc/bin/../lib/gcc/arm-none-eabi/14.2.1/thumb/v7e-m/nofp\libstdc++.a(eh_arm.o)
                0x0000a99c                __cxa_type_match
 .text.__cxa_begin_cleanup
                0x0000aa4c       0x64 d:/APP/arm-gcc/bin/../lib/gcc/arm-none-eabi/14.2.1/thumb/v7e-m/nofp\libstdc++.a(eh_arm.o)
                0x0000aa4c                __cxa_begin_cleanup
 .text.__gnu_end_cleanup
                0x0000aab0       0x70 d:/APP/arm-gcc/bin/../lib/gcc/arm-none-eabi/14.2.1/thumb/v7e-m/nofp\libstdc++.a(eh_arm.o)
                0x0000aab0                __gnu_end_cleanup
 .text.__cxa_begin_catch
                0x0000ab20       0x7c d:/APP/arm-gcc/bin/../lib/gcc/arm-none-eabi/14.2.1/thumb/v7e-m/nofp\libstdc++.a(eh_catch.o)
                0x0000ab20                __cxa_begin_catch
 .text.__cxa_end_catch
                0x0000ab9c       0x8c d:/APP/arm-gcc/bin/../lib/gcc/arm-none-eabi/14.2.1/thumb/v7e-m/nofp\libstdc++.a(eh_catch.o)
                0x0000ab9c                __cxa_end_catch
 .text.__cxa_get_globals_fast
                0x0000ac28        0x8 d:/APP/arm-gcc/bin/../lib/gcc/arm-none-eabi/14.2.1/thumb/v7e-m/nofp\libstdc++.a(eh_globals.o)
                0x0000ac28                __cxa_get_globals_fast
 .text.__cxa_get_globals
                0x0000ac30        0x8 d:/APP/arm-gcc/bin/../lib/gcc/arm-none-eabi/14.2.1/thumb/v7e-m/nofp\libstdc++.a(eh_globals.o)
                0x0000ac30                __cxa_get_globals
 .text._ZL28read_encoded_value_with_basehjPKhPj
                0x0000ac38       0xc0 d:/APP/arm-gcc/bin/../lib/gcc/arm-none-eabi/14.2.1/thumb/v7e-m/nofp\libstdc++.a(eh_personality.o)
 .text._ZL21base_of_encoded_valuehP15_Unwind_Context
                0x0000acf8       0x44 d:/APP/arm-gcc/bin/../lib/gcc/arm-none-eabi/14.2.1/thumb/v7e-m/nofp\libstdc++.a(eh_personality.o)
 .text._ZL17parse_lsda_headerP15_Unwind_ContextPKhP16lsda_header_info
                0x0000ad3c       0x90 d:/APP/arm-gcc/bin/../lib/gcc/arm-none-eabi/14.2.1/thumb/v7e-m/nofp\libstdc++.a(eh_personality.o)
 .text.__gxx_personality_v0
                0x0000adcc      0x474 d:/APP/arm-gcc/bin/../lib/gcc/arm-none-eabi/14.2.1/thumb/v7e-m/nofp\libstdc++.a(eh_personality.o)
                0x0000adcc                __gxx_personality_v0
 .text.__cxa_current_exception_type
                0x0000b240       0x1c d:/APP/arm-gcc/bin/../lib/gcc/arm-none-eabi/14.2.1/thumb/v7e-m/nofp\libstdc++.a(eh_type.o)
                0x0000b240                __cxa_current_exception_type
 .text.unlikely._ZN10__cxxabiv1L24__is_gxx_exception_classEPc
                0x0000b25c       0x3a d:/APP/arm-gcc/bin/../lib/gcc/arm-none-eabi/14.2.1/thumb/v7e-m/nofp\libstdc++.a(eh_call.o)
 .text.unlikely.__cxa_call_terminate
                0x0000b296       0x1e d:/APP/arm-gcc/bin/../lib/gcc/arm-none-eabi/14.2.1/thumb/v7e-m/nofp\libstdc++.a(eh_call.o)
                0x0000b296                __cxa_call_terminate
 .text.unlikely.__cxa_call_unexpected
                0x0000b2b4       0xd8 d:/APP/arm-gcc/bin/../lib/gcc/arm-none-eabi/14.2.1/thumb/v7e-m/nofp\libstdc++.a(eh_call.o)
                0x0000b2b4                __cxa_call_unexpected
 .text.selfrel_offset31
                0x0000b38c       0x14 d:/APP/arm-gcc/bin/../lib/gcc/arm-none-eabi/14.2.1/thumb/v7e-m/nofp\libgcc.a(unwind-arm.o)
 .text.search_EIT_table
                0x0000b3a0       0x68 d:/APP/arm-gcc/bin/../lib/gcc/arm-none-eabi/14.2.1/thumb/v7e-m/nofp\libgcc.a(unwind-arm.o)
 .text.__gnu_unwind_get_pr_addr
                0x0000b408       0x28 d:/APP/arm-gcc/bin/../lib/gcc/arm-none-eabi/14.2.1/thumb/v7e-m/nofp\libgcc.a(unwind-arm.o)
 .text.get_eit_entry
                0x0000b430       0x98 d:/APP/arm-gcc/bin/../lib/gcc/arm-none-eabi/14.2.1/thumb/v7e-m/nofp\libgcc.a(unwind-arm.o)
 .text.restore_non_core_regs
                0x0000b4c8       0x58 d:/APP/arm-gcc/bin/../lib/gcc/arm-none-eabi/14.2.1/thumb/v7e-m/nofp\libgcc.a(unwind-arm.o)
 .text._Unwind_decode_typeinfo_ptr.constprop.0
                0x0000b520        0xc d:/APP/arm-gcc/bin/../lib/gcc/arm-none-eabi/14.2.1/thumb/v7e-m/nofp\libgcc.a(unwind-arm.o)
 .text._Unwind_DebugHook
                0x0000b52c        0x4 d:/APP/arm-gcc/bin/../lib/gcc/arm-none-eabi/14.2.1/thumb/v7e-m/nofp\libgcc.a(unwind-arm.o)
 .text.unwind_phase2
                0x0000b530       0x3c d:/APP/arm-gcc/bin/../lib/gcc/arm-none-eabi/14.2.1/thumb/v7e-m/nofp\libgcc.a(unwind-arm.o)
 .text.unwind_phase2_forced
                0x0000b56c       0xdc d:/APP/arm-gcc/bin/../lib/gcc/arm-none-eabi/14.2.1/thumb/v7e-m/nofp\libgcc.a(unwind-arm.o)
 .text.__gnu_Unwind_RaiseException
                0x0000b648       0x6c d:/APP/arm-gcc/bin/../lib/gcc/arm-none-eabi/14.2.1/thumb/v7e-m/nofp\libgcc.a(unwind-arm.o)
                0x0000b648                __gnu_Unwind_RaiseException
 .text.__gnu_Unwind_ForcedUnwind
                0x0000b6b4       0x10 d:/APP/arm-gcc/bin/../lib/gcc/arm-none-eabi/14.2.1/thumb/v7e-m/nofp\libgcc.a(unwind-arm.o)
                0x0000b6b4                __gnu_Unwind_ForcedUnwind
 .text.__gnu_Unwind_Resume
                0x0000b6c4       0x44 d:/APP/arm-gcc/bin/../lib/gcc/arm-none-eabi/14.2.1/thumb/v7e-m/nofp\libgcc.a(unwind-arm.o)
                0x0000b6c4                __gnu_Unwind_Resume
 .text.__gnu_Unwind_Resume_or_Rethrow
                0x0000b708       0x1c d:/APP/arm-gcc/bin/../lib/gcc/arm-none-eabi/14.2.1/thumb/v7e-m/nofp\libgcc.a(unwind-arm.o)
                0x0000b708                __gnu_Unwind_Resume_or_Rethrow
 .text._Unwind_Complete
                0x0000b724        0x4 d:/APP/arm-gcc/bin/../lib/gcc/arm-none-eabi/14.2.1/thumb/v7e-m/nofp\libgcc.a(unwind-arm.o)
                0x0000b724                _Unwind_Complete
 .text._Unwind_DeleteException
                0x0000b728        0xc d:/APP/arm-gcc/bin/../lib/gcc/arm-none-eabi/14.2.1/thumb/v7e-m/nofp\libgcc.a(unwind-arm.o)
                0x0000b728                _Unwind_DeleteException
 .text._Unwind_VRS_Get
                0x0000b734       0x34 d:/APP/arm-gcc/bin/../lib/gcc/arm-none-eabi/14.2.1/thumb/v7e-m/nofp\libgcc.a(unwind-arm.o)
                0x0000b734                _Unwind_VRS_Get
 .text._Unwind_GetGR
                0x0000b768       0x1c d:/APP/arm-gcc/bin/../lib/gcc/arm-none-eabi/14.2.1/thumb/v7e-m/nofp\libgcc.a(unwind-arm.o)
 .text._Unwind_VRS_Set
                0x0000b784       0x34 d:/APP/arm-gcc/bin/../lib/gcc/arm-none-eabi/14.2.1/thumb/v7e-m/nofp\libgcc.a(unwind-arm.o)
                0x0000b784                _Unwind_VRS_Set
 .text._Unwind_SetGR
                0x0000b7b8       0x18 d:/APP/arm-gcc/bin/../lib/gcc/arm-none-eabi/14.2.1/thumb/v7e-m/nofp\libgcc.a(unwind-arm.o)
 .text.__gnu_Unwind_Backtrace
                0x0000b7d0       0x90 d:/APP/arm-gcc/bin/../lib/gcc/arm-none-eabi/14.2.1/thumb/v7e-m/nofp\libgcc.a(unwind-arm.o)
                0x0000b7d0                __gnu_Unwind_Backtrace
 .text.__gnu_unwind_pr_common
                0x0000b860      0x2a8 d:/APP/arm-gcc/bin/../lib/gcc/arm-none-eabi/14.2.1/thumb/v7e-m/nofp\libgcc.a(unwind-arm.o)
 .text.__aeabi_unwind_cpp_pr0
                0x0000bb08        0x8 d:/APP/arm-gcc/bin/../lib/gcc/arm-none-eabi/14.2.1/thumb/v7e-m/nofp\libgcc.a(unwind-arm.o)
                0x0000bb08                __aeabi_unwind_cpp_pr0
 .text.__aeabi_unwind_cpp_pr1
                0x0000bb10        0x8 d:/APP/arm-gcc/bin/../lib/gcc/arm-none-eabi/14.2.1/thumb/v7e-m/nofp\libgcc.a(unwind-arm.o)
                0x0000bb10                __aeabi_unwind_cpp_pr1
 .text.__aeabi_unwind_cpp_pr2
                0x0000bb18        0x8 d:/APP/arm-gcc/bin/../lib/gcc/arm-none-eabi/14.2.1/thumb/v7e-m/nofp\libgcc.a(unwind-arm.o)
                0x0000bb18                __aeabi_unwind_cpp_pr2
 .text._Unwind_VRS_Pop
                0x0000bb20      0x2ec d:/APP/arm-gcc/bin/../lib/gcc/arm-none-eabi/14.2.1/thumb/v7e-m/nofp\libgcc.a(unwind-arm.o)
                0x0000bb20                _Unwind_VRS_Pop
 .text.next_unwind_byte
                0x0000be0c       0x38 d:/APP/arm-gcc/bin/../lib/gcc/arm-none-eabi/14.2.1/thumb/v7e-m/nofp\libgcc.a(pr-support.o)
 .text._Unwind_GetGR.constprop.0
                0x0000be44       0x1c d:/APP/arm-gcc/bin/../lib/gcc/arm-none-eabi/14.2.1/thumb/v7e-m/nofp\libgcc.a(pr-support.o)
 .text.unwind_UCB_from_context
                0x0000be60        0x4 d:/APP/arm-gcc/bin/../lib/gcc/arm-none-eabi/14.2.1/thumb/v7e-m/nofp\libgcc.a(pr-support.o)
 .text.__gnu_unwind_execute
                0x0000be64      0x300 d:/APP/arm-gcc/bin/../lib/gcc/arm-none-eabi/14.2.1/thumb/v7e-m/nofp\libgcc.a(pr-support.o)
                0x0000be64                __gnu_unwind_execute
 .text.__gnu_unwind_frame
                0x0000c164       0x2c d:/APP/arm-gcc/bin/../lib/gcc/arm-none-eabi/14.2.1/thumb/v7e-m/nofp\libgcc.a(pr-support.o)
                0x0000c164                __gnu_unwind_frame
 .text._Unwind_GetRegionStart
                0x0000c190        0xc d:/APP/arm-gcc/bin/../lib/gcc/arm-none-eabi/14.2.1/thumb/v7e-m/nofp\libgcc.a(pr-support.o)
                0x0000c190                _Unwind_GetRegionStart
 .text._Unwind_GetLanguageSpecificData
                0x0000c19c       0x14 d:/APP/arm-gcc/bin/../lib/gcc/arm-none-eabi/14.2.1/thumb/v7e-m/nofp\libgcc.a(pr-support.o)
                0x0000c19c                _Unwind_GetLanguageSpecificData
 .text.unlikely._Unwind_GetDataRelBase
                0x0000c1b0        0x6 d:/APP/arm-gcc/bin/../lib/gcc/arm-none-eabi/14.2.1/thumb/v7e-m/nofp\libgcc.a(pr-support.o)
                0x0000c1b0                _Unwind_GetDataRelBase
 .text.unlikely._Unwind_GetTextRelBase
                0x0000c1b6        0x6 d:/APP/arm-gcc/bin/../lib/gcc/arm-none-eabi/14.2.1/thumb/v7e-m/nofp\libgcc.a(pr-support.o)
                0x0000c1b6                _Unwind_GetTextRelBase
 .text.abort    0x0000c1bc       0x10 d:/APP/arm-gcc/bin/../lib/gcc/arm-none-eabi/14.2.1/thumb/v7e-m/nofp\libg.a(libc_a-abort.o)
                0x0000c1bc                abort
 .text.getenv   0x0000c1cc       0x1c d:/APP/arm-gcc/bin/../lib/gcc/arm-none-eabi/14.2.1/thumb/v7e-m/nofp\libg.a(libc_a-getenv.o)
                0x0000c1cc                getenv
 .text._findenv_r
                0x0000c1e8       0x80 d:/APP/arm-gcc/bin/../lib/gcc/arm-none-eabi/14.2.1/thumb/v7e-m/nofp\libg.a(libc_a-getenv_r.o)
                0x0000c1e8                _findenv_r
 .text.malloc   0x0000c268       0x10 d:/APP/arm-gcc/bin/../lib/gcc/arm-none-eabi/14.2.1/thumb/v7e-m/nofp\libg.a(libc_a-malloc.o)
                0x0000c268                malloc
 .text.free     0x0000c278       0x10 d:/APP/arm-gcc/bin/../lib/gcc/arm-none-eabi/14.2.1/thumb/v7e-m/nofp\libg.a(libc_a-malloc.o)
                0x0000c278                free
 .text._malloc_r
                0x0000c288      0x598 d:/APP/arm-gcc/bin/../lib/gcc/arm-none-eabi/14.2.1/thumb/v7e-m/nofp\libg.a(libc_a-mallocr.o)
                0x0000c288                _malloc_r
 .text.__malloc_lock
                0x0000c820        0xc d:/APP/arm-gcc/bin/../lib/gcc/arm-none-eabi/14.2.1/thumb/v7e-m/nofp\libg.a(libc_a-mlock.o)
                0x0000c820                __malloc_lock
 .text.__malloc_unlock
                0x0000c82c        0xc d:/APP/arm-gcc/bin/../lib/gcc/arm-none-eabi/14.2.1/thumb/v7e-m/nofp\libg.a(libc_a-mlock.o)
                0x0000c82c                __malloc_unlock
 .text.realloc  0x0000c838       0x18 d:/APP/arm-gcc/bin/../lib/gcc/arm-none-eabi/14.2.1/thumb/v7e-m/nofp\libg.a(libc_a-realloc.o)
                0x0000c838                realloc
 .text._realloc_r
                0x0000c850      0x348 d:/APP/arm-gcc/bin/../lib/gcc/arm-none-eabi/14.2.1/thumb/v7e-m/nofp\libg.a(libc_a-reallocr.o)
                0x0000c850                _realloc_r
 .text._strtoul_l.isra.0
                0x0000cb98      0x134 d:/APP/arm-gcc/bin/../lib/gcc/arm-none-eabi/14.2.1/thumb/v7e-m/nofp\libg.a(libc_a-strtoul.o)
 .text.strtoul  0x0000cccc       0x18 d:/APP/arm-gcc/bin/../lib/gcc/arm-none-eabi/14.2.1/thumb/v7e-m/nofp\libg.a(libc_a-strtoul.o)
                0x0000cccc                strtoul
 .text.__cxa_atexit
                0x0000cce4        0xc d:/APP/arm-gcc/bin/../lib/gcc/arm-none-eabi/14.2.1/thumb/v7e-m/nofp\libg.a(libc_a-cxa_atexit.o)
                0x0000cce4                __cxa_atexit
 .text.stdio_exit_handler
                0x0000ccf0       0x18 d:/APP/arm-gcc/bin/../lib/gcc/arm-none-eabi/14.2.1/thumb/v7e-m/nofp\libg.a(libc_a-findfp.o)
 .text.cleanup_stdio
                0x0000cd08       0x40 d:/APP/arm-gcc/bin/../lib/gcc/arm-none-eabi/14.2.1/thumb/v7e-m/nofp\libg.a(libc_a-findfp.o)
 .text.global_stdio_init.part.0
                0x0000cd48       0xf0 d:/APP/arm-gcc/bin/../lib/gcc/arm-none-eabi/14.2.1/thumb/v7e-m/nofp\libg.a(libc_a-findfp.o)
 .text.__sinit  0x0000ce38       0x3c d:/APP/arm-gcc/bin/../lib/gcc/arm-none-eabi/14.2.1/thumb/v7e-m/nofp\libg.a(libc_a-findfp.o)
                0x0000ce38                __sinit
 .text.__sfp_lock_acquire
                0x0000ce74        0xc d:/APP/arm-gcc/bin/../lib/gcc/arm-none-eabi/14.2.1/thumb/v7e-m/nofp\libg.a(libc_a-findfp.o)
                0x0000ce74                __sfp_lock_acquire
 .text.__sfp_lock_release
                0x0000ce80        0xc d:/APP/arm-gcc/bin/../lib/gcc/arm-none-eabi/14.2.1/thumb/v7e-m/nofp\libg.a(libc_a-findfp.o)
                0x0000ce80                __sfp_lock_release
 .text.fputc    0x0000ce8c       0x58 d:/APP/arm-gcc/bin/../lib/gcc/arm-none-eabi/14.2.1/thumb/v7e-m/nofp\libg.a(libc_a-fputc.o)
                0x0000ce8c                fputc
 .text._fputs_r
                0x0000cee4       0xa8 d:/APP/arm-gcc/bin/../lib/gcc/arm-none-eabi/14.2.1/thumb/v7e-m/nofp\libg.a(libc_a-fputs.o)
                0x0000cee4                _fputs_r
 .text.fputs    0x0000cf8c       0x18 d:/APP/arm-gcc/bin/../lib/gcc/arm-none-eabi/14.2.1/thumb/v7e-m/nofp\libg.a(libc_a-fputs.o)
                0x0000cf8c                fputs
 .text.__sfvwrite_r
                0x0000cfa4      0x2d8 d:/APP/arm-gcc/bin/../lib/gcc/arm-none-eabi/14.2.1/thumb/v7e-m/nofp\libg.a(libc_a-fvwrite.o)
                0x0000cfa4                __sfvwrite_r
 .text._fwalk_sglue
                0x0000d27c       0x44 d:/APP/arm-gcc/bin/../lib/gcc/arm-none-eabi/14.2.1/thumb/v7e-m/nofp\libg.a(libc_a-fwalk.o)
                0x0000d27c                _fwalk_sglue
 .text._fwrite_r
                0x0000d2c0       0xd8 d:/APP/arm-gcc/bin/../lib/gcc/arm-none-eabi/14.2.1/thumb/v7e-m/nofp\libg.a(libc_a-fwrite.o)
                0x0000d2c0                _fwrite_r
 .text.fwrite   0x0000d398       0x20 d:/APP/arm-gcc/bin/../lib/gcc/arm-none-eabi/14.2.1/thumb/v7e-m/nofp\libg.a(libc_a-fwrite.o)
                0x0000d398                fwrite
 .text._putc_r  0x0000d3b8       0x78 d:/APP/arm-gcc/bin/../lib/gcc/arm-none-eabi/14.2.1/thumb/v7e-m/nofp\libg.a(libc_a-putc.o)
                0x0000d3b8                _putc_r
 .text.sprintf  0x0000d430       0x44 d:/APP/arm-gcc/bin/../lib/gcc/arm-none-eabi/14.2.1/thumb/v7e-m/nofp\libg.a(libc_a-sprintf.o)
                0x0000d430                sprintf
 .text.__sread  0x0000d474       0x24 d:/APP/arm-gcc/bin/../lib/gcc/arm-none-eabi/14.2.1/thumb/v7e-m/nofp\libg.a(libc_a-stdio.o)
                0x0000d474                __sread
 .text.__swrite
                0x0000d498       0x40 d:/APP/arm-gcc/bin/../lib/gcc/arm-none-eabi/14.2.1/thumb/v7e-m/nofp\libg.a(libc_a-stdio.o)
                0x0000d498                __swrite
 .text.__sseek  0x0000d4d8       0x24 d:/APP/arm-gcc/bin/../lib/gcc/arm-none-eabi/14.2.1/thumb/v7e-m/nofp\libg.a(libc_a-stdio.o)
                0x0000d4d8                __sseek
 .text.__sclose
                0x0000d4fc        0x8 d:/APP/arm-gcc/bin/../lib/gcc/arm-none-eabi/14.2.1/thumb/v7e-m/nofp\libg.a(libc_a-stdio.o)
                0x0000d4fc                __sclose
 .text.__swbuf_r
                0x0000d504       0xac d:/APP/arm-gcc/bin/../lib/gcc/arm-none-eabi/14.2.1/thumb/v7e-m/nofp\libg.a(libc_a-wbuf.o)
                0x0000d504                __swbuf_r
 .text.__swsetup_r
                0x0000d5b0       0xfc d:/APP/arm-gcc/bin/../lib/gcc/arm-none-eabi/14.2.1/thumb/v7e-m/nofp\libg.a(libc_a-wsetup.o)
                0x0000d5b0                __swsetup_r
 .text.memcmp   0x0000d6ac       0x5c d:/APP/arm-gcc/bin/../lib/gcc/arm-none-eabi/14.2.1/thumb/v7e-m/nofp\libg.a(libc_a-memcmp.o)
                0x0000d6ac                memcmp
 .text.memmove  0x0000d708       0xf8 d:/APP/arm-gcc/bin/../lib/gcc/arm-none-eabi/14.2.1/thumb/v7e-m/nofp\libg.a(libc_a-memmove.o)
                0x0000d708                memmove
 .text.memset   0x0000d800       0x9c d:/APP/arm-gcc/bin/../lib/gcc/arm-none-eabi/14.2.1/thumb/v7e-m/nofp\libg.a(libc_a-memset.o)
                0x0000d800                memset
 .text.strchr   0x0000d89c       0xd0 d:/APP/arm-gcc/bin/../lib/gcc/arm-none-eabi/14.2.1/thumb/v7e-m/nofp\libg.a(libc_a-strchr.o)
                0x0000d89c                strchr
 .text.strncmp  0x0000d96c       0x78 d:/APP/arm-gcc/bin/../lib/gcc/arm-none-eabi/14.2.1/thumb/v7e-m/nofp\libg.a(libc_a-strncmp.o)
                0x0000d96c                strncmp
 .text.raise    0x0000d9e4       0x58 d:/APP/arm-gcc/bin/../lib/gcc/arm-none-eabi/14.2.1/thumb/v7e-m/nofp\libg.a(libc_a-signal.o)
                0x0000d9e4                raise
 .text._close_r
                0x0000da3c       0x24 d:/APP/arm-gcc/bin/../lib/gcc/arm-none-eabi/14.2.1/thumb/v7e-m/nofp\libg.a(libc_a-closer.o)
                0x0000da3c                _close_r
 .text._lseek_r
                0x0000da60       0x2c d:/APP/arm-gcc/bin/../lib/gcc/arm-none-eabi/14.2.1/thumb/v7e-m/nofp\libg.a(libc_a-lseekr.o)
                0x0000da60                _lseek_r
 .text._read_r  0x0000da8c       0x2c d:/APP/arm-gcc/bin/../lib/gcc/arm-none-eabi/14.2.1/thumb/v7e-m/nofp\libg.a(libc_a-readr.o)
                0x0000da8c                _read_r
 .text._kill_r  0x0000dab8       0x2c d:/APP/arm-gcc/bin/../lib/gcc/arm-none-eabi/14.2.1/thumb/v7e-m/nofp\libg.a(libc_a-signalr.o)
                0x0000dab8                _kill_r
 .text._getpid_r
                0x0000dae4        0x4 d:/APP/arm-gcc/bin/../lib/gcc/arm-none-eabi/14.2.1/thumb/v7e-m/nofp\libg.a(libc_a-signalr.o)
                0x0000dae4                _getpid_r
 .text._sbrk_r  0x0000dae8       0x24 d:/APP/arm-gcc/bin/../lib/gcc/arm-none-eabi/14.2.1/thumb/v7e-m/nofp\libg.a(libc_a-sbrkr.o)
                0x0000dae8                _sbrk_r
 .text._write_r
                0x0000db0c       0x2c d:/APP/arm-gcc/bin/../lib/gcc/arm-none-eabi/14.2.1/thumb/v7e-m/nofp\libg.a(libc_a-writer.o)
                0x0000db0c                _write_r
 .text.__libc_init_array
                0x0000db38       0x50 d:/APP/arm-gcc/bin/../lib/gcc/arm-none-eabi/14.2.1/thumb/v7e-m/nofp\libg.a(libc_a-init.o)
                0x0000db38                __libc_init_array
 .text.__retarget_lock_init_recursive
                0x0000db88        0x4 d:/APP/arm-gcc/bin/../lib/gcc/arm-none-eabi/14.2.1/thumb/v7e-m/nofp\libg.a(libc_a-lock.o)
                0x0000db88                __retarget_lock_init_recursive
 .text.__retarget_lock_close_recursive
                0x0000db8c        0x4 d:/APP/arm-gcc/bin/../lib/gcc/arm-none-eabi/14.2.1/thumb/v7e-m/nofp\libg.a(libc_a-lock.o)
                0x0000db8c                __retarget_lock_close_recursive
 .text.__retarget_lock_acquire_recursive
                0x0000db90        0x4 d:/APP/arm-gcc/bin/../lib/gcc/arm-none-eabi/14.2.1/thumb/v7e-m/nofp\libg.a(libc_a-lock.o)
                0x0000db90                __retarget_lock_acquire_recursive
 .text.__retarget_lock_release_recursive
                0x0000db94        0x4 d:/APP/arm-gcc/bin/../lib/gcc/arm-none-eabi/14.2.1/thumb/v7e-m/nofp\libg.a(libc_a-lock.o)
                0x0000db94                __retarget_lock_release_recursive
 .text.sysconf  0x0000db98       0x1c d:/APP/arm-gcc/bin/../lib/gcc/arm-none-eabi/14.2.1/thumb/v7e-m/nofp\libg.a(libc_a-sysconf.o)
                0x0000db98                sysconf
 .text.__register_exitproc
                0x0000dbb4       0x80 d:/APP/arm-gcc/bin/../lib/gcc/arm-none-eabi/14.2.1/thumb/v7e-m/nofp\libg.a(libc_a-__atexit.o)
                0x0000dbb4                __register_exitproc
 .text.startup.register_fini
                0x0000dc34       0x14 d:/APP/arm-gcc/bin/../lib/gcc/arm-none-eabi/14.2.1/thumb/v7e-m/nofp\libg.a(libc_a-__call_atexit.o)
 .text.atexit   0x0000dc48        0xc d:/APP/arm-gcc/bin/../lib/gcc/arm-none-eabi/14.2.1/thumb/v7e-m/nofp\libg.a(libc_a-atexit.o)
                0x0000dc48                atexit
 .text.__env_lock
                0x0000dc54        0xc d:/APP/arm-gcc/bin/../lib/gcc/arm-none-eabi/14.2.1/thumb/v7e-m/nofp\libg.a(libc_a-envlock.o)
                0x0000dc54                __env_lock
 .text.__env_unlock
                0x0000dc60        0xc d:/APP/arm-gcc/bin/../lib/gcc/arm-none-eabi/14.2.1/thumb/v7e-m/nofp\libg.a(libc_a-envlock.o)
                0x0000dc60                __env_unlock
 .text._malloc_trim_r
                0x0000dc6c       0xb8 d:/APP/arm-gcc/bin/../lib/gcc/arm-none-eabi/14.2.1/thumb/v7e-m/nofp\libg.a(libc_a-freer.o)
                0x0000dc6c                _malloc_trim_r
 .text._free_r  0x0000dd24      0x1f0 d:/APP/arm-gcc/bin/../lib/gcc/arm-none-eabi/14.2.1/thumb/v7e-m/nofp\libg.a(libc_a-freer.o)
                0x0000dd24                _free_r
 .text._svfprintf_r
                0x0000df14     0x2210 d:/APP/arm-gcc/bin/../lib/gcc/arm-none-eabi/14.2.1/thumb/v7e-m/nofp\libg.a(libc_a-svfprintf.o)
                0x0000df14                _svfprintf_r
 .text.__ssprint_r
                0x00010124       0x58 d:/APP/arm-gcc/bin/../lib/gcc/arm-none-eabi/14.2.1/thumb/v7e-m/nofp\libg.a(libc_a-ssprint_r.o)
                0x00010124                __ssprint_r
 .text._fclose_r
                0x0001017c       0xc0 d:/APP/arm-gcc/bin/../lib/gcc/arm-none-eabi/14.2.1/thumb/v7e-m/nofp\libg.a(libc_a-fclose.o)
                0x0001017c                _fclose_r
 .text.__sflush_r
                0x0001023c      0x124 d:/APP/arm-gcc/bin/../lib/gcc/arm-none-eabi/14.2.1/thumb/v7e-m/nofp\libg.a(libc_a-fflush.o)
                0x0001023c                __sflush_r
 .text._fflush_r
                0x00010360       0x54 d:/APP/arm-gcc/bin/../lib/gcc/arm-none-eabi/14.2.1/thumb/v7e-m/nofp\libg.a(libc_a-fflush.o)
                0x00010360                _fflush_r
 .text.__smakebuf_r
                0x000103b4       0xd0 d:/APP/arm-gcc/bin/../lib/gcc/arm-none-eabi/14.2.1/thumb/v7e-m/nofp\libg.a(libc_a-makebuf.o)
                0x000103b4                __smakebuf_r
 .text.strncpy  0x00010484       0x68 d:/APP/arm-gcc/bin/../lib/gcc/arm-none-eabi/14.2.1/thumb/v7e-m/nofp\libg.a(libc_a-strncpy.o)
                0x00010484                strncpy
 .text.__locale_mb_cur_max
                0x000104ec        0xc d:/APP/arm-gcc/bin/../lib/gcc/arm-none-eabi/14.2.1/thumb/v7e-m/nofp\libg.a(libc_a-locale.o)
                0x000104ec                __locale_mb_cur_max
 .text._localeconv_r
                0x000104f8        0x8 d:/APP/arm-gcc/bin/../lib/gcc/arm-none-eabi/14.2.1/thumb/v7e-m/nofp\libg.a(libc_a-localeconv.o)
                0x000104f8                _localeconv_r
 .text._fstat_r
                0x00010500       0x2c d:/APP/arm-gcc/bin/../lib/gcc/arm-none-eabi/14.2.1/thumb/v7e-m/nofp\libg.a(libc_a-fstatr.o)
                0x00010500                _fstat_r
 .text._isatty_r
                0x0001052c       0x24 d:/APP/arm-gcc/bin/../lib/gcc/arm-none-eabi/14.2.1/thumb/v7e-m/nofp\libg.a(libc_a-isattyr.o)
                0x0001052c                _isatty_r
 .text.__errno  0x00010550        0xc d:/APP/arm-gcc/bin/../lib/gcc/arm-none-eabi/14.2.1/thumb/v7e-m/nofp\libg.a(libc_a-errno.o)
                0x00010550                __errno
 .text.__libc_fini_array
                0x0001055c       0x28 d:/APP/arm-gcc/bin/../lib/gcc/arm-none-eabi/14.2.1/thumb/v7e-m/nofp\libg.a(libc_a-fini.o)
                0x0001055c                __libc_fini_array
 .text.frexp    0x00010584       0x6c d:/APP/arm-gcc/bin/../lib/gcc/arm-none-eabi/14.2.1/thumb/v7e-m/nofp\libg.a(libm_a-s_frexp.o)
                0x00010584                frexp
 .text.quorem   0x000105f0      0x12c d:/APP/arm-gcc/bin/../lib/gcc/arm-none-eabi/14.2.1/thumb/v7e-m/nofp\libg.a(libc_a-dtoa.o)
 *fill*         0x0001071c        0x4 
 .text._dtoa_r  0x00010720     0x1044 d:/APP/arm-gcc/bin/../lib/gcc/arm-none-eabi/14.2.1/thumb/v7e-m/nofp\libg.a(libc_a-dtoa.o)
                0x00010720                _dtoa_r
 .text.__ascii_mbtowc
                0x00011764       0x2c d:/APP/arm-gcc/bin/../lib/gcc/arm-none-eabi/14.2.1/thumb/v7e-m/nofp\libg.a(libc_a-mbtowc_r.o)
                0x00011764                __ascii_mbtowc
 .text._Balloc  0x00011790       0x4c d:/APP/arm-gcc/bin/../lib/gcc/arm-none-eabi/14.2.1/thumb/v7e-m/nofp\libg.a(libc_a-mprec.o)
                0x00011790                _Balloc
 .text._Bfree   0x000117dc       0x14 d:/APP/arm-gcc/bin/../lib/gcc/arm-none-eabi/14.2.1/thumb/v7e-m/nofp\libg.a(libc_a-mprec.o)
                0x000117dc                _Bfree
 .text.__multadd
                0x000117f0       0xa0 d:/APP/arm-gcc/bin/../lib/gcc/arm-none-eabi/14.2.1/thumb/v7e-m/nofp\libg.a(libc_a-mprec.o)
                0x000117f0                __multadd
 .text.__hi0bits
                0x00011890       0x54 d:/APP/arm-gcc/bin/../lib/gcc/arm-none-eabi/14.2.1/thumb/v7e-m/nofp\libg.a(libc_a-mprec.o)
                0x00011890                __hi0bits
 .text.__lo0bits
                0x000118e4       0x80 d:/APP/arm-gcc/bin/../lib/gcc/arm-none-eabi/14.2.1/thumb/v7e-m/nofp\libg.a(libc_a-mprec.o)